Archive member included because of file (symbol)

C:\Users\user1\SimplicityStudio\v4_workspace\Energy_Modes\platform\radio\rail_lib\autogen\librail_release\librail_efr32xg13_gcc_release.a(rail_pti.o)
                              ./pti.o (RAIL_ConfigPti)
C:\Users\user1\SimplicityStudio\v4_workspace\Energy_Modes\platform\radio\rail_lib\autogen\librail_release\librail_efr32xg13_gcc_release.a(rail_rf_hal.o)
                              C:\Users\user1\SimplicityStudio\v4_workspace\Energy_Modes\platform\radio\rail_lib\autogen\librail_release\librail_efr32xg13_gcc_release.a(rail_pti.o) (RFHAL_ConfigPti)
C:\Users\user1\SimplicityStudio\v4_workspace\Energy_Modes\platform\radio\rail_lib\autogen\librail_release\librail_efr32xg13_gcc_release.a(rail_ieee802154_rf_hal.o)
                              C:\Users\user1\SimplicityStudio\v4_workspace\Energy_Modes\platform\radio\rail_lib\autogen\librail_release\librail_efr32xg13_gcc_release.a(rail_rf_hal.o) (RFHAL_IEEE802154IsEnabled)
C:\Users\user1\SimplicityStudio\v4_workspace\Energy_Modes\platform\radio\rail_lib\autogen\librail_release\librail_efr32xg13_gcc_release.a(ieee802154_efr32xg13_configurator_out.o)
                              C:\Users\user1\SimplicityStudio\v4_workspace\Energy_Modes\platform\radio\rail_lib\autogen\librail_release\librail_efr32xg13_gcc_release.a(rail_ieee802154_rf_hal.o) (ieee802154_coherent_min)
C:\Users\user1\SimplicityStudio\v4_workspace\Energy_Modes\platform\radio\rail_lib\autogen\librail_release\librail_efr32xg13_gcc_release.a(ieee802154_gb868_efr32xg13_configurator_out.o)
                              C:\Users\user1\SimplicityStudio\v4_workspace\Energy_Modes\platform\radio\rail_lib\autogen\librail_release\librail_efr32xg13_gcc_release.a(rail_ieee802154_rf_hal.o) (ieee802154_gb868_config_915_min)
C:\Users\user1\SimplicityStudio\v4_workspace\Energy_Modes\platform\radio\rail_lib\autogen\librail_release\librail_efr32xg13_gcc_release.a(rail_ble_rf_hal.o)
                              C:\Users\user1\SimplicityStudio\v4_workspace\Energy_Modes\platform\radio\rail_lib\autogen\librail_release\librail_efr32xg13_gcc_release.a(rail_rf_hal.o) (RFHAL_IsBleLongRangeEnabled)
C:\Users\user1\SimplicityStudio\v4_workspace\Energy_Modes\platform\radio\rail_lib\autogen\librail_release\librail_efr32xg13_gcc_release.a(ble_efr32xg13_configurator_out.o)
                              C:\Users\user1\SimplicityStudio\v4_workspace\Energy_Modes\platform\radio\rail_lib\autogen\librail_release\librail_efr32xg13_gcc_release.a(rail_ble_rf_hal.o) (ble_viterbi2M_min)
C:\Users\user1\SimplicityStudio\v4_workspace\Energy_Modes\platform\radio\rail_lib\autogen\librail_release\librail_efr32xg13_gcc_release.a(rail_singleprotocol.o)
                              C:\Users\user1\SimplicityStudio\v4_workspace\Energy_Modes\platform\radio\rail_lib\autogen\librail_release\librail_efr32xg13_gcc_release.a(rail_rf_hal.o) (RAIL_ActiveHandle)
C:\Users\user1\SimplicityStudio\v4_workspace\Energy_Modes\platform\radio\rail_lib\autogen\librail_release\librail_efr32xg13_gcc_release.a(rail_rf.o)
                              C:\Users\user1\SimplicityStudio\v4_workspace\Energy_Modes\platform\radio\rail_lib\autogen\librail_release\librail_efr32xg13_gcc_release.a(rail_singleprotocol.o) (RAILCore_Init)
C:\Users\user1\SimplicityStudio\v4_workspace\Energy_Modes\platform\radio\rail_lib\autogen\librail_release\librail_efr32xg13_gcc_release.a(rail_rx.o)
                              C:\Users\user1\SimplicityStudio\v4_workspace\Energy_Modes\platform\radio\rail_lib\autogen\librail_release\librail_efr32xg13_gcc_release.a(rail_rf_hal.o) (RAILCore_StartRx)
C:\Users\user1\SimplicityStudio\v4_workspace\Energy_Modes\platform\radio\rail_lib\autogen\librail_release\librail_efr32xg13_gcc_release.a(rail_tx.o)
                              C:\Users\user1\SimplicityStudio\v4_workspace\Energy_Modes\platform\radio\rail_lib\autogen\librail_release\librail_efr32xg13_gcc_release.a(rail_singleprotocol.o) (RAILCore_StartTxStream)
C:\Users\user1\SimplicityStudio\v4_workspace\Energy_Modes\platform\radio\rail_lib\autogen\librail_release\librail_efr32xg13_gcc_release.a(rail_calibration.o)
                              C:\Users\user1\SimplicityStudio\v4_workspace\Energy_Modes\platform\radio\rail_lib\autogen\librail_release\librail_efr32xg13_gcc_release.a(rail_rf_hal.o) (RAILInt_PendCal)
C:\Users\user1\SimplicityStudio\v4_workspace\Energy_Modes\platform\radio\rail_lib\autogen\librail_release\librail_efr32xg13_gcc_release.a(rail_data.o)
                              C:\Users\user1\SimplicityStudio\v4_workspace\Energy_Modes\platform\radio\rail_lib\autogen\librail_release\librail_efr32xg13_gcc_release.a(rail_rf_hal.o) (RAILCb_SetupRxFifo)
C:\Users\user1\SimplicityStudio\v4_workspace\Energy_Modes\platform\radio\rail_lib\autogen\librail_release\librail_efr32xg13_gcc_release.a(rail_assert.o)
[...]
Memory Configuration

Name             Origin             Length             Attributes
FLASH_BOOTLOADER 0x0fe10000         0x00004000         xr
FLASH            0x00000000         0x0007f000         xr
RAM              0x20000000         0x00010000         xrw
*default*        0x00000000         0xffffffff

Linker script and memory map

LOAD c:/siliconlabs/simplicitystudio/v4/developer/toolchains/gnu_arm/4.9_2015q3/bin/../lib/gcc/arm-none-eabi/4.9.3/armv7e-m/softfp/crti.o
LOAD c:/siliconlabs/simplicitystudio/v4/developer/toolchains/gnu_arm/4.9_2015q3/bin/../lib/gcc/arm-none-eabi/4.9.3/armv7e-m/softfp/crtbegin.o
LOAD c:/siliconlabs/simplicitystudio/v4/developer/toolchains/gnu_arm/4.9_2015q3/bin/../lib/gcc/arm-none-eabi/4.9.3/../../../../arm-none-eabi/lib/armv7e-m/softfp/crt0.o
START GROUP
LOAD ./application_properties.o
LOAD ./gatt_db.o
LOAD ./init_app.o
LOAD ./init_board.o
LOAD ./init_mcu.o
LOAD ./main.o
LOAD ./pti.o
LOAD ./hardware/kit/common/bsp/bsp_stk.o
LOAD ./hardware/kit/common/drivers/i2cspm.o
LOAD ./hardware/kit/common/drivers/mx25flash_spi.o
LOAD ./hardware/kit/common/drivers/si7013.o
LOAD ./hardware/kit/common/drivers/tempsens.o
LOAD ./hardware/kit/common/drivers/udelay.o
LOAD ./platform/Device/SiliconLabs/EFR32BG13P/Source/GCC/startup_efr32bg13p.o
LOAD ./platform/Device/SiliconLabs/EFR32BG13P/Source/system_efr32bg13p.o
LOAD ./platform/emdrv/sleep/src/sleep.o
LOAD ./platform/emlib/src/em_acmp.o
LOAD ./platform/emlib/src/em_adc.o
LOAD ./platform/emlib/src/em_aes.o
LOAD ./platform/emlib/src/em_assert.o
LOAD ./platform/emlib/src/em_burtc.o
LOAD ./platform/emlib/src/em_can.o
LOAD ./platform/emlib/src/em_cmu.o
LOAD ./platform/emlib/src/em_core.o
LOAD ./platform/emlib/src/em_cryotimer.o
LOAD ./platform/emlib/src/em_crypto.o
LOAD ./platform/emlib/src/em_csen.o
LOAD ./platform/emlib/src/em_dac.o
LOAD ./platform/emlib/src/em_dbg.o
LOAD ./platform/emlib/src/em_dma.o
LOAD ./platform/emlib/src/em_ebi.o
LOAD ./platform/emlib/src/em_emu.o
LOAD ./platform/emlib/src/em_gpcrc.o
LOAD ./platform/emlib/src/em_gpio.o
LOAD ./platform/emlib/src/em_i2c.o
LOAD ./platform/emlib/src/em_idac.o
LOAD ./platform/emlib/src/em_int.o
LOAD ./platform/emlib/src/em_lcd.o
LOAD ./platform/emlib/src/em_ldma.o
LOAD ./platform/emlib/src/em_lesense.o
LOAD ./platform/emlib/src/em_letimer.o
LOAD ./platform/emlib/src/em_leuart.o
LOAD ./platform/emlib/src/em_mpu.o
LOAD ./platform/emlib/src/em_msc.o
LOAD ./platform/emlib/src/em_opamp.o
LOAD ./platform/emlib/src/em_pcnt.o
LOAD ./platform/emlib/src/em_prs.o
LOAD ./platform/emlib/src/em_qspi.o
LOAD ./platform/emlib/src/em_rmu.o
LOAD ./platform/emlib/src/em_rtc.o
LOAD ./platform/emlib/src/em_rtcc.o
LOAD ./platform/emlib/src/em_system.o
LOAD ./platform/emlib/src/em_timer.o
LOAD ./platform/emlib/src/em_usart.o
LOAD ./platform/emlib/src/em_vcmp.o
LOAD ./platform/emlib/src/em_vdac.o
LOAD ./platform/emlib/src/em_wdog.o
LOAD ./src/cmu.o
LOAD ./src/gpio.o
LOAD ./src/letimer.o
LOAD ./src/slp.o
LOAD C:\Users\user1\SimplicityStudio\v4_workspace\Energy_Modes\platform\radio\rail_lib\autogen\librail_release\librail_efr32xg13_gcc_release.a
LOAD C:\Users\user1\SimplicityStudio\v4_workspace\Energy_Modes\protocol\bluetooth\lib\EFR32BG13P\GCC\binapploader.o
LOAD C:\Users\user1\SimplicityStudio\v4_workspace\Energy_Modes\protocol\bluetooth\lib\EFR32BG13P\GCC\libbluetooth.a
LOAD C:\Users\user1\SimplicityStudio\v4_workspace\Energy_Modes\protocol\bluetooth\lib\EFR32BG13P\GCC\libpsstore.a
LOAD C:\Users\user1\SimplicityStudio\v4_workspace\Energy_Modes\protocol\bluetooth\lib\EFR32BG13P\GCC\libmbedtls.a
LOAD c:/siliconlabs/simplicitystudio/v4/developer/toolchains/gnu_arm/4.9_2015q3/bin/../lib/gcc/arm-none-eabi/4.9.3/../../../../arm-none-eabi/lib/armv7e-m/softfp\libm.a
END GROUP
START GROUP
LOAD c:/siliconlabs/simplicitystudio/v4/developer/toolchains/gnu_arm/4.9_2015q3/bin/../lib/gcc/arm-none-eabi/4.9.3/armv7e-m/softfp\libgcc.a
LOAD c:/siliconlabs/simplicitystudio/v4/developer/toolchains/gnu_arm/4.9_2015q3/bin/../lib/gcc/arm-none-eabi/4.9.3/../../../../arm-none-eabi/lib/armv7e-m/softfp\libc_nano.a
LOAD c:/siliconlabs/simplicitystudio/v4/developer/toolchains/gnu_arm/4.9_2015q3/bin/../lib/gcc/arm-none-eabi/4.9.3/../../../../arm-none-eabi/lib/armv7e-m/softfp\libnosys.a
END GROUP
START GROUP
LOAD c:/siliconlabs/simplicitystudio/v4/developer/toolchains/gnu_arm/4.9_2015q3/bin/../lib/gcc/arm-none-eabi/4.9.3/armv7e-m/softfp\libgcc.a
LOAD c:/siliconlabs/simplicitystudio/v4/developer/toolchains/gnu_arm/4.9_2015q3/bin/../lib/gcc/arm-none-eabi/4.9.3/../../../../arm-none-eabi/lib/armv7e-m/softfp\libg_nano.a
LOAD c:/siliconlabs/simplicitystudio/v4/developer/toolchains/gnu_arm/4.9_2015q3/bin/../lib/gcc/arm-none-eabi/4.9.3/../../../../arm-none-eabi/lib/armv7e-m/softfp\libc_nano.a
END GROUP
START GROUP
LOAD c:/siliconlabs/simplicitystudio/v4/developer/toolchains/gnu_arm/4.9_2015q3/bin/../lib/gcc/arm-none-eabi/4.9.3/armv7e-m/softfp\libgcc.a
LOAD c:/siliconlabs/simplicitystudio/v4/developer/toolchains/gnu_arm/4.9_2015q3/bin/../lib/gcc/arm-none-eabi/4.9.3/../../../../arm-none-eabi/lib/armv7e-m/softfp\libc_nano.a
END GROUP
LOAD c:/siliconlabs/simplicitystudio/v4/developer/toolchains/gnu_arm/4.9_2015q3/bin/../lib/gcc/arm-none-eabi/4.9.3/armv7e-m/softfp/crtend.o
LOAD c:/siliconlabs/simplicitystudio/v4/developer/toolchains/gnu_arm/4.9_2015q3/bin/../lib/gcc/arm-none-eabi/4.9.3/armv7e-m/softfp/crtn.o

.text_bootloader
                0x0fe10000        0x0
 *(.binbootloader*)
                0x0fe10000                . = ALIGN (0x4000)

.text_apploader
                0x00000000     0x8fc0
 *(.binapploader*)
 .binapploader  0x00000000     0x8fc0 C:\Users\user1\SimplicityStudio\v4_workspace\Energy_Modes\protocol\bluetooth\lib\EFR32BG13P\GCC\binapploader.o

.text_signature
                0x00008fc0       0x40
                0x00009000                . = ALIGN (0x800)
 *fill*         0x00008fc0       0x40 
                0x00009000                __text_start__ = .

.text_application
                0x00009000    0x1fae4
 *(.vectors)
 .vectors       0x00009000       0xfc ./platform/Device/SiliconLabs/EFR32BG13P/Source/GCC/startup_efr32bg13p.o
                0x00009000                __Vectors
                0x000090fc                __Vectors_End = .
                0x000000fc                __Vectors_Size = (__Vectors_End - __Vectors)
                0x000090fc                __end__ = .
 *(.application_properties)
 .application_properties
                0x000090fc       0x38 ./application_properties.o
                0x000090fc                applicationProperties
 *(.gecko_configuration)
 *(.xo_configuration)
 *(.gatt_header)
 .gatt_header   0x00009134       0x34 ./gatt_db.o
                0x00009134                bg_gattdb_data
 *(.gatt_data)
 .gatt_data     0x00009168      0x1c6 ./gatt_db.o
                0x00009168                bg_gattdb_data_adv_uuid128_map
                0x0000916c                bg_gattdb_data_adv_uuid16_map
                0x00009170                bg_gattdb_data_attributes_dynamic_mapping_map
                0x00009178                bg_gattdb_data_attributes_map
                0x0000925c                bg_gattdb_data_attribute_field_0
                0x00009260                bg_gattdb_data_attribute_field_1
                0x00009268                bg_gattdb_data_attribute_field_2
                0x00009270                bg_gattdb_data_attribute_field_4
                0x00009274                bg_gattdb_data_attribute_field_5
                0x0000927c                bg_gattdb_data_attribute_field_6
                0x00009284                bg_gattdb_data_attribute_field_7
                0x0000928c                bg_gattdb_data_attribute_field_8
                0x00009290                bg_gattdb_data_attribute_field_9
                0x00009294                bg_gattdb_data_attribute_field_10
                0x0000929c                bg_gattdb_data_attribute_field_11
                0x000092ac                bg_gattdb_data_attribute_field_12
                0x000092b0                bg_gattdb_data_attribute_field_13
                0x000092b8                bg_gattdb_data_attribute_field_14
                0x000092c0                bg_gattdb_data_attribute_field_16
                0x000092d4                bg_gattdb_data_attribute_field_17
                0x000092ec                bg_gattdb_data_attribute_field_18
                0x000092f4                bg_gattdb_data_uuidtable_128_map
                0x00009314                bg_gattdb_data_uuidtable_16_map
 *(.text*)
 *fill*         0x0000932e        0x2 
 .text          0x00009330       0x5c c:/siliconlabs/simplicitystudio/v4/developer/toolchains/gnu_arm/4.9_2015q3/bin/../lib/gcc/arm-none-eabi/4.9.3/armv7e-m/softfp/crtbegin.o
 .text          0x0000938c       0x74 c:/siliconlabs/simplicitystudio/v4/developer/toolchains/gnu_arm/4.9_2015q3/bin/../lib/gcc/arm-none-eabi/4.9.3/../../../../arm-none-eabi/lib/armv7e-m/softfp/crt0.o
                0x0000938c                _start
                0x0000938c                _mainCRTStartup
 .text.initBoard
                0x00009400       0x48 ./init_board.o
                0x00009400                initBoard
 .text.initMcu  0x00009448      0x118 ./init_mcu.o
                0x00009448                initMcu
 .text.main     0x00009560       0x54 ./main.o
                0x00009560                main
 .text.Wait_Flash_WarmUp
                0x000095b4       0x20 ./hardware/kit/common/drivers/mx25flash_spi.o
                0x000095b4                Wait_Flash_WarmUp
 .text.MX25_init
                0x000095d4       0x90 ./hardware/kit/common/drivers/mx25flash_spi.o
                0x000095d4                MX25_init
 .text.InsertDummyCycle
                0x00009664       0x20 ./hardware/kit/common/drivers/mx25flash_spi.o
                0x00009664                InsertDummyCycle
 .text.SendByte
                0x00009684       0x14 ./hardware/kit/common/drivers/mx25flash_spi.o
                0x00009684                SendByte
 .text.MX25_DP  0x00009698       0x38 ./hardware/kit/common/drivers/mx25flash_spi.o
                0x00009698                MX25_DP
 .text.Default_Handler
                0x000096d0        0x4 ./platform/Device/SiliconLabs/EFR32BG13P/Source/GCC/startup_efr32bg13p.o
                0x000096d0                DebugMon_Handler
                0x000096d0                USART0_TX_IRQHandler
                0x000096d0                I2C0_IRQHandler
                0x000096d0                HardFault_Handler
                0x000096d0                SysTick_Handler
                0x000096d0                USART1_RX_IRQHandler
                0x000096d0                PendSV_Handler
                0x000096d0                NMI_Handler
                0x000096d0                I2C1_IRQHandler
                0x000096d0                WTIMER0_IRQHandler
                0x000096d0                CRYPTO0_IRQHandler
                0x000096d0                WDOG0_IRQHandler
                0x000096d0                USART1_TX_IRQHandler
                0x000096d0                SMU_IRQHandler
                0x000096d0                MSC_IRQHandler
                0x000096d0                ADC0_IRQHandler
                0x000096d0                UsageFault_Handler
                0x000096d0                WDOG1_IRQHandler
                0x000096d0                LEUART0_IRQHandler
                0x000096d0                FPUEH_IRQHandler
                0x000096d0                GPIO_EVEN_IRQHandler
                0x000096d0                VDAC0_IRQHandler
                0x000096d0                LDMA_IRQHandler
                0x000096d0                CSEN_IRQHandler
                0x000096d0                CRYPTO1_IRQHandler
                0x000096d0                TIMER0_IRQHandler
                0x000096d0                TIMER1_IRQHandler
                0x000096d0                TRNG0_IRQHandler
                0x000096d0                USART2_RX_IRQHandler
                0x000096d0                Default_Handler
                0x000096d0                EMU_IRQHandler
                0x000096d0                CRYOTIMER_IRQHandler
                0x000096d0                PCNT0_IRQHandler
                0x000096d0                ACMP0_IRQHandler
                0x000096d0                USART0_RX_IRQHandler
                0x000096d0                MemManage_Handler
                0x000096d0                SVC_Handler
                0x000096d0                RTCC_IRQHandler
                0x000096d0                CMU_IRQHandler
                0x000096d0                LESENSE_IRQHandler
                0x000096d0                GPIO_ODD_IRQHandler
                0x000096d0                BusFault_Handler
                0x000096d0                USART2_TX_IRQHandler
                0x000096d0                IDAC0_IRQHandler
 .text.Reset_Handler
                0x000096d4       0x2c ./platform/Device/SiliconLabs/EFR32BG13P/Source/GCC/startup_efr32bg13p.o
                0x000096d4                Reset_Handler
 .text.SystemMaxCoreClockGet
                0x00009700        0x8 ./platform/Device/SiliconLabs/EFR32BG13P/Source/system_efr32bg13p.o
                0x00009700                SystemMaxCoreClockGet
 .text.SystemHFClockGet
                0x00009708       0x50 ./platform/Device/SiliconLabs/EFR32BG13P/Source/system_efr32bg13p.o
                0x00009708                SystemHFClockGet
 .text.SystemCoreClockGet
                0x00009758       0x24 ./platform/Device/SiliconLabs/EFR32BG13P/Source/system_efr32bg13p.o
                0x00009758                SystemCoreClockGet
 .text.SystemHFXOClockGet
                0x0000977c        0xc ./platform/Device/SiliconLabs/EFR32BG13P/Source/system_efr32bg13p.o
                0x0000977c                SystemHFXOClockGet
 .text.SystemHFXOClockSet
                0x00009788       0x24 ./platform/Device/SiliconLabs/EFR32BG13P/Source/system_efr32bg13p.o
                0x00009788                SystemHFXOClockSet
 .text.SystemInit
                0x000097ac       0x14 ./platform/Device/SiliconLabs/EFR32BG13P/Source/system_efr32bg13p.o
                0x000097ac                SystemInit
 .text.SystemLFRCOClockGet
                0x000097c0        0x8 ./platform/Device/SiliconLabs/EFR32BG13P/Source/system_efr32bg13p.o
                0x000097c0                SystemLFRCOClockGet
 .text.SystemULFRCOClockGet
                0x000097c8        0x8 ./platform/Device/SiliconLabs/EFR32BG13P/Source/system_efr32bg13p.o
                0x000097c8                SystemULFRCOClockGet
 .text.SystemLFXOClockGet
                0x000097d0        0xc ./platform/Device/SiliconLabs/EFR32BG13P/Source/system_efr32bg13p.o
                0x000097d0                SystemLFXOClockGet
 .text.SystemLFXOClockSet
                0x000097dc       0x24 ./platform/Device/SiliconLabs/EFR32BG13P/Source/system_efr32bg13p.o
                0x000097dc                SystemLFXOClockSet
 .text.sleepCallbackWrapper
                0x00009800       0x14 ./platform/emdrv/sleep/src/sleep.o
 .text.SLEEP_Init
                0x00009814       0x40 ./platform/emdrv/sleep/src/sleep.o
                0x00009814                SLEEP_Init
 .text.SLEEP_SleepBlockBegin
                0x00009854       0x28 ./platform/emdrv/sleep/src/sleep.o
                0x00009854                SLEEP_SleepBlockBegin
 .text.setHfLeConfig
                0x0000987c       0x44 ./platform/emlib/src/em_cmu.o
 .text.flashWaitStateControl
                0x000098c0       0x50 ./platform/emlib/src/em_cmu.o
 .text.flashWaitStateMax
                0x00009910       0x24 ./platform/emlib/src/em_cmu.o
 .text.CMU_UpdateWaitStates
                0x00009934       0x20 ./platform/emlib/src/em_cmu.o
                0x00009934                CMU_UpdateWaitStates
 .text.CMU_ClockEnable
                0x00009954       0x90 ./platform/emlib/src/em_cmu.o
                0x00009954                CMU_ClockEnable
 .text.CMU_ClockSelectGet
                0x000099e4       0xf4 ./platform/emlib/src/em_cmu.o
                0x000099e4                CMU_ClockSelectGet
 .text.lfClkGet
                0x00009ad8       0x8c ./platform/emlib/src/em_cmu.o
 .text.CMU_ClockFreqGet
                0x00009b64      0x1d0 ./platform/emlib/src/em_cmu.o
                0x00009b64                CMU_ClockFreqGet
 .text.CMU_HFXOAutostartEnable
                0x00009d34       0x68 ./platform/emlib/src/em_cmu.o
                0x00009d34                CMU_HFXOAutostartEnable
 .text.CMU_OscillatorTuningSet
                0x00009d9c       0xa4 ./platform/emlib/src/em_cmu.o
                0x00009d9c                CMU_OscillatorTuningSet
 .text.CMU_OscillatorTuningWait
                0x00009e40       0x50 ./platform/emlib/src/em_cmu.o
                0x00009e40                CMU_OscillatorTuningWait
 .text.CMU_OscillatorTuningOptimize
                0x00009e90       0x2c ./platform/emlib/src/em_cmu.o
                0x00009e90                CMU_OscillatorTuningOptimize
 .text.CMU_OscillatorEnable
                0x00009ebc      0x124 ./platform/emlib/src/em_cmu.o
                0x00009ebc                CMU_OscillatorEnable
 .text.CMU_ClockSelectSet
                0x00009fe0      0x1d0 ./platform/emlib/src/em_cmu.o
                0x00009fe0                CMU_ClockSelectSet
 .text.CMU_HFXOInit
                0x0000a1b0       0x7c ./platform/emlib/src/em_cmu.o
                0x0000a1b0                CMU_HFXOInit
 .text.CMU_LFXOInit
                0x0000a22c       0x40 ./platform/emlib/src/em_cmu.o
                0x0000a22c                CMU_LFXOInit
 .text.CORE_EnterCritical
                0x0000a26c        0x8 ./platform/emlib/src/em_core.o
                0x0000a26c                CORE_EnterCritical
 .text.CORE_ExitCritical
                0x0000a274        0x8 ./platform/emlib/src/em_core.o
                0x0000a274                CORE_ExitCritical
 .text.CORE_AtomicDisableIrq
                0x0000a27c        0x4 ./platform/emlib/src/em_core.o
                0x0000a27c                CORE_AtomicDisableIrq
 .text.CORE_AtomicEnableIrq
                0x0000a280        0x4 ./platform/emlib/src/em_core.o
                0x0000a280                CORE_AtomicEnableIrq
 .text.CORE_EnterAtomic
                0x0000a284        0x8 ./platform/emlib/src/em_core.o
                0x0000a284                CORE_EnterAtomic
 .text.CORE_ExitAtomic
                0x0000a28c        0x8 ./platform/emlib/src/em_core.o
                0x0000a28c                CORE_ExitAtomic
 .text.CORE_SetNvicRamTableHandler
                0x0000a294       0x10 ./platform/emlib/src/em_core.o
                0x0000a294                CORE_SetNvicRamTableHandler
 .text.CORE_InitNvicVectorTable
                0x0000a2a4       0x4c ./platform/emlib/src/em_core.o
                0x0000a2a4                CORE_InitNvicVectorTable
 .text.CRYPTO_ModulusSet
                0x0000a2f0       0x30 ./platform/emlib/src/em_crypto.o
                0x0000a2f0                CRYPTO_ModulusSet
 .text.CRYPTO_KeyRead
                0x0000a320       0x2c ./platform/emlib/src/em_crypto.o
                0x0000a320                CRYPTO_KeyRead
 .text.vScaleDownEM23Setup
                0x0000a34c       0x34 ./platform/emlib/src/em_emu.o
 .text.vScaleAfterWakeup
                0x0000a380       0x30 ./platform/emlib/src/em_emu.o
 .text.lpGetDevinfoVrefLowHigh
                0x0000a3b0       0xc0 ./platform/emlib/src/em_emu.o
 .text.emState  0x0000a470       0xf4 ./platform/emlib/src/em_emu.o
 .text.EMU_EnterEM2
                0x0000a564       0x34 ./platform/emlib/src/em_emu.o
                0x0000a564                EMU_EnterEM2
 .text.EMU_EnterEM3
                0x0000a598       0x58 ./platform/emlib/src/em_emu.o
                0x0000a598                EMU_EnterEM3
 .text.EMU_VScaleEM01
                0x0000a5f0       0x6c ./platform/emlib/src/em_emu.o
                0x0000a5f0                EMU_VScaleEM01
 .text.EMU_VScaleEM01ByClock
                0x0000a65c       0x48 ./platform/emlib/src/em_emu.o
                0x0000a65c                EMU_VScaleEM01ByClock
 .text.EMU_EM01Init
                0x0000a6a4       0x18 ./platform/emlib/src/em_emu.o
                0x0000a6a4                EMU_EM01Init
 .text.EMU_EM23Init
                0x0000a6bc       0x18 ./platform/emlib/src/em_emu.o
                0x0000a6bc                EMU_EM23Init
 .text.EMU_DCDCModeSet
                0x0000a6d4       0x9c ./platform/emlib/src/em_emu.o
                0x0000a6d4                EMU_DCDCModeSet
 .text.EMU_DCDCOutputVoltageSet
                0x0000a770      0x1e4 ./platform/emlib/src/em_emu.o
                0x0000a770                EMU_DCDCOutputVoltageSet
 .text.EMU_DCDCOptimizeSlice
                0x0000a954      0x10c ./platform/emlib/src/em_emu.o
                0x0000a954                EMU_DCDCOptimizeSlice
 .text.EMU_DCDCLnRcoBandSet
                0x0000aa60       0x28 ./platform/emlib/src/em_emu.o
                0x0000aa60                EMU_DCDCLnRcoBandSet
 .text.EMU_DCDCInit
                0x0000aa88       0xec ./platform/emlib/src/em_emu.o
                0x0000aa88                EMU_DCDCInit
 .text.GPIO_DriveStrengthSet
                0x0000ab74       0x20 ./platform/emlib/src/em_gpio.o
                0x0000ab74                GPIO_DriveStrengthSet
 .text.GPIO_PinModeSet
                0x0000ab94       0xb0 ./platform/emlib/src/em_gpio.o
                0x0000ab94                GPIO_PinModeSet
 .text.LETIMER_CompareSet
                0x0000ac44       0x14 ./platform/emlib/src/em_letimer.o
                0x0000ac44                LETIMER_CompareSet
 .text.LETIMER_Enable
                0x0000ac58       0x10 ./platform/emlib/src/em_letimer.o
                0x0000ac58                LETIMER_Enable
 .text.LETIMER_Init
                0x0000ac68       0x68 ./platform/emlib/src/em_letimer.o
                0x0000ac68                LETIMER_Init
 .text.MSC_Init
                0x0000acd0       0x20 ./platform/emlib/src/em_msc.o
                0x0000acd0                MSC_Init
 .text.MSC_Deinit
                0x0000acf0       0x14 ./platform/emlib/src/em_msc.o
                0x0000acf0                MSC_Deinit
 .text.RMU_ResetCauseClear
                0x0000ad04        0xc ./platform/emlib/src/em_rmu.o
                0x0000ad04                RMU_ResetCauseClear
 .text.RMU_ResetCauseGet
                0x0000ad10       0x64 ./platform/emlib/src/em_rmu.o
                0x0000ad10                RMU_ResetCauseGet
 .text.RTCC_Init
                0x0000ad74       0x64 ./platform/emlib/src/em_rtcc.o
                0x0000ad74                RTCC_Init
 .text.SYSTEM_ChipRevisionGet
                0x0000add8       0x34 ./platform/emlib/src/em_system.o
                0x0000add8                SYSTEM_ChipRevisionGet
 .text.USART_BaudrateSyncSet
                0x0000ae0c       0x24 ./platform/emlib/src/em_usart.o
                0x0000ae0c                USART_BaudrateSyncSet
 .text.USART_Reset
                0x0000ae30       0x5c ./platform/emlib/src/em_usart.o
                0x0000ae30                USART_Reset
 .text.USART_InitSync
                0x0000ae8c       0x84 ./platform/emlib/src/em_usart.o
                0x0000ae8c                USART_InitSync
 .text.USART_SpiTransfer
                0x0000af10       0x18 ./platform/emlib/src/em_usart.o
                0x0000af10                USART_SpiTransfer
 .text.cmu_init
                0x0000af28       0x48 ./src/cmu.o
                0x0000af28                cmu_init
 .text.gpio_init
                0x0000af70       0x2c ./src/gpio.o
                0x0000af70                gpio_init
 .text.LETIMER0_IRQHandler
                0x0000af9c       0x40 ./src/letimer.o
                0x0000af9c                LETIMER0_IRQHandler
 .text.prescale
                0x0000afdc       0x28 ./src/letimer.o
                0x0000afdc                prescale
 .text.letimer_init
                0x0000b004       0x6c ./src/letimer.o
                0x0000b004                letimer_init
 .text.blocksleepmode
                0x0000b070       0x20 ./src/slp.o
                0x0000b070                blocksleepmode
 .text.slp      0x0000b090       0x48 ./src/slp.o
                0x0000b090                slp
 .text.eventDefault
                0x0000b0d8        0x2 C:\Users\user1\SimplicityStudio\v4_workspace\Energy_Modes\platform\radio\rail_lib\autogen\librail_release\librail_efr32xg13_gcc_release.a(rail_rf_hal.o)
 *fill*         0x0000b0da        0x2 
 .text.RFHAL_NotifyUserOfIrCal
                0x0000b0dc       0x78 C:\Users\user1\SimplicityStudio\v4_workspace\Energy_Modes\platform\radio\rail_lib\autogen\librail_release\librail_efr32xg13_gcc_release.a(rail_rf_hal.o)
 *fill*         0x0000b154        0x4 
 .text.GENERIC_PHY_EventCallback
                0x0000b158      0x194 C:\Users\user1\SimplicityStudio\v4_workspace\Energy_Modes\platform\radio\rail_lib\autogen\librail_release\librail_efr32xg13_gcc_release.a(rail_rf_hal.o)
                0x0000b158                GENERIC_PHY_EventCallback
 .text.RFHAL_IntEnable
                0x0000b2ec       0x58 C:\Users\user1\SimplicityStudio\v4_workspace\Energy_Modes\platform\radio\rail_lib\autogen\librail_release\librail_efr32xg13_gcc_release.a(rail_rf_hal.o)
                0x0000b2ec                RFHAL_IntEnable
 .text.RFHAL_SetEventCallback
                0x0000b344       0x18 C:\Users\user1\SimplicityStudio\v4_workspace\Energy_Modes\platform\radio\rail_lib\autogen\librail_release\librail_efr32xg13_gcc_release.a(rail_rf_hal.o)
                0x0000b344                RFHAL_SetEventCallback
 .text.RFHAL_SetPtiProtocol
                0x0000b35c       0x20 C:\Users\user1\SimplicityStudio\v4_workspace\Energy_Modes\platform\radio\rail_lib\autogen\librail_release\librail_efr32xg13_gcc_release.a(rail_rf_hal.o)
                0x0000b35c                RFHAL_SetPtiProtocol
 .text.RFHAL_Idle
                0x0000b37c       0x2a C:\Users\user1\SimplicityStudio\v4_workspace\Energy_Modes\platform\radio\rail_lib\autogen\librail_release\librail_efr32xg13_gcc_release.a(rail_rf_hal.o)
                0x0000b37c                RFHAL_Idle
 *fill*         0x0000b3a6        0x2 
 .text.RFHAL_GetRadioState
                0x0000b3a8       0x48 C:\Users\user1\SimplicityStudio\v4_workspace\Energy_Modes\platform\radio\rail_lib\autogen\librail_release\librail_efr32xg13_gcc_release.a(rail_rf_hal.o)
                0x0000b3a8                RFHAL_GetRadioState
 .text.RFHAL_OkToTransmit
                0x0000b3f0       0x18 C:\Users\user1\SimplicityStudio\v4_workspace\Energy_Modes\platform\radio\rail_lib\autogen\librail_release\librail_efr32xg13_gcc_release.a(rail_rf_hal.o)
                0x0000b3f0                RFHAL_OkToTransmit
 .text.RFHAL_ScheduleRx
                0x0000b408       0x5a C:\Users\user1\SimplicityStudio\v4_workspace\Energy_Modes\platform\radio\rail_lib\autogen\librail_release\librail_efr32xg13_gcc_release.a(rail_rf_hal.o)
                0x0000b408                RFHAL_ScheduleRx
 *fill*         0x0000b462        0x2 
 .text.RFHAL_EnableRxRawCapture
                0x0000b464       0x58 C:\Users\user1\SimplicityStudio\v4_workspace\Energy_Modes\platform\radio\rail_lib\autogen\librail_release\librail_efr32xg13_gcc_release.a(rail_rf_hal.o)
                0x0000b464                RFHAL_EnableRxRawCapture
 .text.RFHAL_DisableRxRawCapture
                0x0000b4bc       0x50 C:\Users\user1\SimplicityStudio\v4_workspace\Energy_Modes\platform\radio\rail_lib\autogen\librail_release\librail_efr32xg13_gcc_release.a(rail_rf_hal.o)
                0x0000b4bc                RFHAL_DisableRxRawCapture
 .text.RFHAL_AcceptCrcErrors
                0x0000b50c       0x18 C:\Users\user1\SimplicityStudio\v4_workspace\Energy_Modes\platform\radio\rail_lib\autogen\librail_release\librail_efr32xg13_gcc_release.a(rail_rf_hal.o)
                0x0000b50c                RFHAL_AcceptCrcErrors
 .text.RFHAL_ConfigRxOptions
                0x0000b524      0x124 C:\Users\user1\SimplicityStudio\v4_workspace\Energy_Modes\platform\radio\rail_lib\autogen\librail_release\librail_efr32xg13_gcc_release.a(rail_rf_hal.o)
                0x0000b524                RFHAL_ConfigRxOptions
 .text.RFHAL_GetTimer
                0x0000b648        0xc C:\Users\user1\SimplicityStudio\v4_workspace\Energy_Modes\platform\radio\rail_lib\autogen\librail_release\librail_efr32xg13_gcc_release.a(rail_rf_hal.o)
                0x0000b648                RFHAL_GetTimer
 .text.RFHAL_CancelTimer
                0x0000b654       0x28 C:\Users\user1\SimplicityStudio\v4_workspace\Energy_Modes\platform\radio\rail_lib\autogen\librail_release\librail_efr32xg13_gcc_release.a(rail_rf_hal.o)
                0x0000b654                RFHAL_CancelTimer
 .text.RFHAL_SetTimer
                0x0000b67c       0x7c C:\Users\user1\SimplicityStudio\v4_workspace\Energy_Modes\platform\radio\rail_lib\autogen\librail_release\librail_efr32xg13_gcc_release.a(rail_rf_hal.o)
                0x0000b67c                RFHAL_SetTimer
 .text.RFHAL_IsTimerExpired
                0x0000b6f8       0x1c C:\Users\user1\SimplicityStudio\v4_workspace\Energy_Modes\platform\radio\rail_lib\autogen\librail_release\librail_efr32xg13_gcc_release.a(rail_rf_hal.o)
                0x0000b6f8                RFHAL_IsTimerExpired
 .text.RFHAL_IsTimerRunning
                0x0000b714        0x6 C:\Users\user1\SimplicityStudio\v4_workspace\Energy_Modes\platform\radio\rail_lib\autogen\librail_release\librail_efr32xg13_gcc_release.a(rail_rf_hal.o)
                0x0000b714                RFHAL_IsTimerRunning
 *fill*         0x0000b71a        0x2 
 .text.RFHAL_CalcBitRate
                0x0000b71c        0xc C:\Users\user1\SimplicityStudio\v4_workspace\Energy_Modes\platform\radio\rail_lib\autogen\librail_release\librail_efr32xg13_gcc_release.a(rail_rf_hal.o)
                0x0000b71c                RFHAL_CalcBitRate
 .text.RFHAL_GetBitRate
                0x0000b728       0x22 C:\Users\user1\SimplicityStudio\v4_workspace\Energy_Modes\platform\radio\rail_lib\autogen\librail_release\librail_efr32xg13_gcc_release.a(rail_rf_hal.o)
                0x0000b728                RFHAL_GetBitRate
 *fill*         0x0000b74a        0x2 
 .text.RFHAL_SetTxTransitions
                0x0000b74c       0x1c C:\Users\user1\SimplicityStudio\v4_workspace\Energy_Modes\platform\radio\rail_lib\autogen\librail_release\librail_efr32xg13_gcc_release.a(rail_rf_hal.o)
                0x0000b74c                RFHAL_SetTxTransitions
 .text.RFHAL_SetRxTransitions
                0x0000b768       0x1c C:\Users\user1\SimplicityStudio\v4_workspace\Energy_Modes\platform\radio\rail_lib\autogen\librail_release\librail_efr32xg13_gcc_release.a(rail_rf_hal.o)
                0x0000b768                RFHAL_SetRxTransitions
 .text.RFHAL_SetCRCInitVal
                0x0000b784        0x4 C:\Users\user1\SimplicityStudio\v4_workspace\Energy_Modes\platform\radio\rail_lib\autogen\librail_release\librail_efr32xg13_gcc_release.a(rail_rf_hal.o)
                0x0000b784                RFHAL_SetCRCInitVal
 .text.RFHAL_ConfigTxPower
                0x0000b788        0xc C:\Users\user1\SimplicityStudio\v4_workspace\Energy_Modes\platform\radio\rail_lib\autogen\librail_release\librail_efr32xg13_gcc_release.a(rail_rf_hal.o)
                0x0000b788                RFHAL_ConfigTxPower
 .text.RFHAL_SetTxPowerUnchecked
                0x0000b794       0x18 C:\Users\user1\SimplicityStudio\v4_workspace\Energy_Modes\platform\radio\rail_lib\autogen\librail_release\librail_efr32xg13_gcc_release.a(rail_rf_hal.o)
                0x0000b794                RFHAL_SetTxPowerUnchecked
 .text.RFHAL_SetTxPower
                0x0000b7ac       0x40 C:\Users\user1\SimplicityStudio\v4_workspace\Energy_Modes\platform\radio\rail_lib\autogen\librail_release\librail_efr32xg13_gcc_release.a(rail_rf_hal.o)
                0x0000b7ac                RFHAL_SetTxPower
 .text.RFHAL_GetTxPowerConfig
                0x0000b7ec        0xc C:\Users\user1\SimplicityStudio\v4_workspace\Energy_Modes\platform\radio\rail_lib\autogen\librail_release\librail_efr32xg13_gcc_release.a(rail_rf_hal.o)
                0x0000b7ec                RFHAL_GetTxPowerConfig
 .text.RFHAL_GetTxPower
                0x0000b7f8        0x4 C:\Users\user1\SimplicityStudio\v4_workspace\Energy_Modes\platform\radio\rail_lib\autogen\librail_release\librail_efr32xg13_gcc_release.a(rail_rf_hal.o)
                0x0000b7f8                RFHAL_GetTxPower
 .text.RFHAL_SetChannel
                0x0000b7fc       0xc4 C:\Users\user1\SimplicityStudio\v4_workspace\Energy_Modes\platform\radio\rail_lib\autogen\librail_release\librail_efr32xg13_gcc_release.a(rail_rf_hal.o)
                0x0000b7fc                RFHAL_SetChannel
 .text.RFHAL_IsAutoAckEnabled
                0x0000b8c0        0x6 C:\Users\user1\SimplicityStudio\v4_workspace\Energy_Modes\platform\radio\rail_lib\autogen\librail_release\librail_efr32xg13_gcc_release.a(rail_rf_hal.o)
                0x0000b8c0                RFHAL_IsAutoAckEnabled
 *fill*         0x0000b8c6        0x2 
 .text.RFHAL_AutoAckWaitForAck
                0x0000b8c8       0x18 C:\Users\user1\SimplicityStudio\v4_workspace\Energy_Modes\platform\radio\rail_lib\autogen\librail_release\librail_efr32xg13_gcc_release.a(rail_rf_hal.o)
                0x0000b8c8                RFHAL_AutoAckWaitForAck
 .text.preTxOps
                0x0000b8e0       0xf4 C:\Users\user1\SimplicityStudio\v4_workspace\Energy_Modes\platform\radio\rail_lib\autogen\librail_release\librail_efr32xg13_gcc_release.a(rail_rf_hal.o)
 .text.RFHAL_StartTx
                0x0000b9d4       0x12 C:\Users\user1\SimplicityStudio\v4_workspace\Energy_Modes\platform\radio\rail_lib\autogen\librail_release\librail_efr32xg13_gcc_release.a(rail_rf_hal.o)
                0x0000b9d4                RFHAL_StartTx
 .text.RFHAL_StartScheduledTx
                0x0000b9e6       0x3c C:\Users\user1\SimplicityStudio\v4_workspace\Energy_Modes\platform\radio\rail_lib\autogen\librail_release\librail_efr32xg13_gcc_release.a(rail_rf_hal.o)
                0x0000b9e6                RFHAL_StartScheduledTx
 *fill*         0x0000ba22        0x2 
 .text.RFHAL_GetRxPacketInfo
                0x0000ba24       0x48 C:\Users\user1\SimplicityStudio\v4_workspace\Energy_Modes\platform\radio\rail_lib\autogen\librail_release\librail_efr32xg13_gcc_release.a(rail_rf_hal.o)
                0x0000ba24                RFHAL_GetRxPacketInfo
 .text.RFHAL_GetRxPacketDetailsAlt
                0x0000ba6c       0x98 C:\Users\user1\SimplicityStudio\v4_workspace\Energy_Modes\platform\radio\rail_lib\autogen\librail_release\librail_efr32xg13_gcc_release.a(rail_rf_hal.o)
                0x0000ba6c                RFHAL_GetRxPacketDetailsAlt
 .text.RFHAL_GetRxPacketDetails
                0x0000bb04       0x22 C:\Users\user1\SimplicityStudio\v4_workspace\Energy_Modes\platform\radio\rail_lib\autogen\librail_release\librail_efr32xg13_gcc_release.a(rail_rf_hal.o)
                0x0000bb04                RFHAL_GetRxPacketDetails
 .text.RFHAL_SetTxBuffer
                0x0000bb26       0x34 C:\Users\user1\SimplicityStudio\v4_workspace\Energy_Modes\platform\radio\rail_lib\autogen\librail_release\librail_efr32xg13_gcc_release.a(rail_rf_hal.o)
                0x0000bb26                RFHAL_SetTxBuffer
 .text.RFHAL_SetRxBuffer
                0x0000bb5a       0x2c C:\Users\user1\SimplicityStudio\v4_workspace\Energy_Modes\platform\radio\rail_lib\autogen\librail_release\librail_efr32xg13_gcc_release.a(rail_rf_hal.o)
                0x0000bb5a                RFHAL_SetRxBuffer
 *fill*         0x0000bb86        0x2 
 .text.RFHAL_ResetTxFifo
                0x0000bb88       0x2c C:\Users\user1\SimplicityStudio\v4_workspace\Energy_Modes\platform\radio\rail_lib\autogen\librail_release\librail_efr32xg13_gcc_release.a(rail_rf_hal.o)
                0x0000bb88                RFHAL_ResetTxFifo
 .text.RFHAL_WriteTxFifo
                0x0000bbb4       0x4c C:\Users\user1\SimplicityStudio\v4_workspace\Energy_Modes\platform\radio\rail_lib\autogen\librail_release\librail_efr32xg13_gcc_release.a(rail_rf_hal.o)
                0x0000bbb4                RFHAL_WriteTxFifo
 .text.RFHAL_ResetRxFifo
                0x0000bc00       0x40 C:\Users\user1\SimplicityStudio\v4_workspace\Energy_Modes\platform\radio\rail_lib\autogen\librail_release\librail_efr32xg13_gcc_release.a(rail_rf_hal.o)
                0x0000bc00                RFHAL_ResetRxFifo
 .text.RFHAL_ConfigData
                0x0000bc40       0x7c C:\Users\user1\SimplicityStudio\v4_workspace\Energy_Modes\platform\radio\rail_lib\autogen\librail_release\librail_efr32xg13_gcc_release.a(rail_rf_hal.o)
                0x0000bc40                RFHAL_ConfigData
 .text.RFHAL_SetAbortScheduledTxDuringRx
                0x0000bcbc       0x18 C:\Users\user1\SimplicityStudio\v4_workspace\Energy_Modes\platform\radio\rail_lib\autogen\librail_release\librail_efr32xg13_gcc_release.a(rail_rf_hal.o)
                0x0000bcbc                RFHAL_SetAbortScheduledTxDuringRx
 .text.RFHAL_ConfigRadio
                0x0000bcd4       0xac C:\Users\user1\SimplicityStudio\v4_workspace\Energy_Modes\platform\radio\rail_lib\autogen\librail_release\librail_efr32xg13_gcc_release.a(rail_rf_hal.o)
                0x0000bcd4                RFHAL_ConfigRadio
 .text.RFHAL_ConfigFrameTypeLength
                0x0000bd80       0x70 C:\Users\user1\SimplicityStudio\v4_workspace\Energy_Modes\platform\radio\rail_lib\autogen\librail_release\librail_efr32xg13_gcc_release.a(rail_rf_hal.o)
                0x0000bd80                RFHAL_ConfigFrameTypeLength
 .text.RFHAL_GetTime
                0x0000bdf0        0x4 C:\Users\user1\SimplicityStudio\v4_workspace\Energy_Modes\platform\radio\rail_lib\autogen\librail_release\librail_efr32xg13_gcc_release.a(rail_rf_hal.o)
                0x0000bdf0                RFHAL_GetTime
 .text.RFHAL_ResetAddressFilter
                0x0000bdf4       0x10 C:\Users\user1\SimplicityStudio\v4_workspace\Energy_Modes\platform\radio\rail_lib\autogen\librail_release\librail_efr32xg13_gcc_release.a(rail_rf_hal.o)
                0x0000bdf4                RFHAL_ResetAddressFilter
 .text.RFHAL_Init
                0x0000be04       0xa8 C:\Users\user1\SimplicityStudio\v4_workspace\Energy_Modes\platform\radio\rail_lib\autogen\librail_release\librail_efr32xg13_gcc_release.a(rail_rf_hal.o)
                0x0000be04                RFHAL_Init
 .text.RFHAL_GetRadioEntropy
                0x0000beac        0x4 C:\Users\user1\SimplicityStudio\v4_workspace\Energy_Modes\platform\radio\rail_lib\autogen\librail_release\librail_efr32xg13_gcc_release.a(rail_rf_hal.o)
                0x0000beac                RFHAL_GetRadioEntropy
 .text.RFHAL_SetStateTiming
                0x0000beb0       0x56 C:\Users\user1\SimplicityStudio\v4_workspace\Energy_Modes\platform\radio\rail_lib\autogen\librail_release\librail_efr32xg13_gcc_release.a(rail_rf_hal.o)
                0x0000beb0                RFHAL_SetStateTiming
 .text.RFHAL_IEEE802154IsEnabled
                0x0000bf06        0x6 C:\Users\user1\SimplicityStudio\v4_workspace\Energy_Modes\platform\radio\rail_lib\autogen\librail_release\librail_efr32xg13_gcc_release.a(rail_ieee802154_rf_hal.o)
                0x0000bf06                RFHAL_IEEE802154IsEnabled
 .text.RFHAL_ConfigBle2MbpsViterbi
                0x0000bf0c       0x28 C:\Users\user1\SimplicityStudio\v4_workspace\Energy_Modes\platform\radio\rail_lib\autogen\librail_release\librail_efr32xg13_gcc_release.a(rail_ble_rf_hal.o)
                0x0000bf0c                RFHAL_ConfigBle2MbpsViterbi
 .text.RFHAL_ConfigBle1MbpsViterbi
                0x0000bf34       0x28 C:\Users\user1\SimplicityStudio\v4_workspace\Energy_Modes\platform\radio\rail_lib\autogen\librail_release\librail_efr32xg13_gcc_release.a(rail_ble_rf_hal.o)
                0x0000bf34                RFHAL_ConfigBle1MbpsViterbi
 .text.RFHAL_ConfigBleCoded
                0x0000bf5c       0x34 C:\Users\user1\SimplicityStudio\v4_workspace\Energy_Modes\platform\radio\rail_lib\autogen\librail_release\librail_efr32xg13_gcc_release.a(rail_ble_rf_hal.o)
                0x0000bf5c                RFHAL_ConfigBleCoded
 .text.RFHAL_BleReinit
                0x0000bf90       0x1c C:\Users\user1\SimplicityStudio\v4_workspace\Energy_Modes\platform\radio\rail_lib\autogen\librail_release\librail_efr32xg13_gcc_release.a(rail_ble_rf_hal.o)
                0x0000bf90                RFHAL_BleReinit
 .text.RFHAL_BleInit
                0x0000bfac       0x12 C:\Users\user1\SimplicityStudio\v4_workspace\Energy_Modes\platform\radio\rail_lib\autogen\librail_release\librail_efr32xg13_gcc_release.a(rail_ble_rf_hal.o)
                0x0000bfac                RFHAL_BleInit
 *fill*         0x0000bfbe        0x2 
 .text.RFHAL_IsBleLongRangeEnabled
                0x0000bfc0       0x18 C:\Users\user1\SimplicityStudio\v4_workspace\Energy_Modes\platform\radio\rail_lib\autogen\librail_release\librail_efr32xg13_gcc_release.a(rail_ble_rf_hal.o)
                0x0000bfc0                RFHAL_IsBleLongRangeEnabled
 .text.RFHAL_BLEPreambleSyncWordSet
                0x0000bfd8       0x44 C:\Users\user1\SimplicityStudio\v4_workspace\Energy_Modes\platform\radio\rail_lib\autogen\librail_release\librail_efr32xg13_gcc_release.a(rail_ble_rf_hal.o)
                0x0000bfd8                RFHAL_BLEPreambleSyncWordSet
 .text.RFHAL_BLEWhiteningSet
                0x0000c01c       0x68 C:\Users\user1\SimplicityStudio\v4_workspace\Energy_Modes\platform\radio\rail_lib\autogen\librail_release\librail_efr32xg13_gcc_release.a(rail_ble_rf_hal.o)
                0x0000c01c                RFHAL_BLEWhiteningSet
 .text.setMultiTimer
                0x0000c084        0x4 C:\Users\user1\SimplicityStudio\v4_workspace\Energy_Modes\platform\radio\rail_lib\autogen\librail_release\librail_efr32xg13_gcc_release.a(rail_singleprotocol.o)
 .text.cancelMultiTimer
                0x0000c088        0x4 C:\Users\user1\SimplicityStudio\v4_workspace\Energy_Modes\platform\radio\rail_lib\autogen\librail_release\librail_efr32xg13_gcc_release.a(rail_singleprotocol.o)
 .text.isMultiTimerExpired
                0x0000c08c        0x4 C:\Users\user1\SimplicityStudio\v4_workspace\Energy_Modes\platform\radio\rail_lib\autogen\librail_release\librail_efr32xg13_gcc_release.a(rail_singleprotocol.o)
 .text.getMultiTimer
                0x0000c090        0x4 C:\Users\user1\SimplicityStudio\v4_workspace\Energy_Modes\platform\radio\rail_lib\autogen\librail_release\librail_efr32xg13_gcc_release.a(rail_singleprotocol.o)
 .text.getActiveTimerCb
                0x0000c094       0x18 C:\Users\user1\SimplicityStudio\v4_workspace\Energy_Modes\platform\radio\rail_lib\autogen\librail_release\librail_efr32xg13_gcc_release.a(rail_singleprotocol.o)
 .text.isMultiTimerRunning
                0x0000c0ac        0x4 C:\Users\user1\SimplicityStudio\v4_workspace\Energy_Modes\platform\radio\rail_lib\autogen\librail_release\librail_efr32xg13_gcc_release.a(rail_singleprotocol.o)
 .text.RAIL_Init
                0x0000c0b0       0x20 C:\Users\user1\SimplicityStudio\v4_workspace\Energy_Modes\platform\radio\rail_lib\autogen\librail_release\librail_efr32xg13_gcc_release.a(rail_singleprotocol.o)
                0x0000c0b0                RAIL_Init
 .text.RAIL_GetSchedulerStatus
                0x0000c0d0        0x4 C:\Users\user1\SimplicityStudio\v4_workspace\Energy_Modes\platform\radio\rail_lib\autogen\librail_release\librail_efr32xg13_gcc_release.a(rail_singleprotocol.o)
                0x0000c0d0                RAIL_GetSchedulerStatus
 .text.RAIL_Idle
                0x0000c0d4        0x8 C:\Users\user1\SimplicityStudio\v4_workspace\Energy_Modes\platform\radio\rail_lib\autogen\librail_release\librail_efr32xg13_gcc_release.a(rail_singleprotocol.o)
                0x0000c0d4                RAIL_Idle
 .text.RAIL_YieldRadio
                0x0000c0dc        0x2 C:\Users\user1\SimplicityStudio\v4_workspace\Energy_Modes\platform\radio\rail_lib\autogen\librail_release\librail_efr32xg13_gcc_release.a(rail_singleprotocol.o)
                0x0000c0dc                RAIL_YieldRadio
 .text.RAIL_GetRadioEntropy
                0x0000c0de        0x8 C:\Users\user1\SimplicityStudio\v4_workspace\Energy_Modes\platform\radio\rail_lib\autogen\librail_release\librail_efr32xg13_gcc_release.a(rail_singleprotocol.o)
                0x0000c0de                RAIL_GetRadioEntropy
 .text.RAIL_SetTimer
                0x0000c0e6       0x1c C:\Users\user1\SimplicityStudio\v4_workspace\Energy_Modes\platform\radio\rail_lib\autogen\librail_release\librail_efr32xg13_gcc_release.a(rail_singleprotocol.o)
                0x0000c0e6                RAIL_SetTimer
 .text.RAIL_CancelTimer
                0x0000c102        0xe C:\Users\user1\SimplicityStudio\v4_workspace\Energy_Modes\platform\radio\rail_lib\autogen\librail_release\librail_efr32xg13_gcc_release.a(rail_singleprotocol.o)
                0x0000c102                RAIL_CancelTimer
 .text.RAIL_StartTx
                0x0000c110        0x6 C:\Users\user1\SimplicityStudio\v4_workspace\Energy_Modes\platform\radio\rail_lib\autogen\librail_release\librail_efr32xg13_gcc_release.a(rail_singleprotocol.o)
                0x0000c110                RAIL_StartTx
 .text.RAIL_StartScheduledTx
                0x0000c116        0x6 C:\Users\user1\SimplicityStudio\v4_workspace\Energy_Modes\platform\radio\rail_lib\autogen\librail_release\librail_efr32xg13_gcc_release.a(rail_singleprotocol.o)
                0x0000c116                RAIL_StartScheduledTx
 .text.RAIL_ScheduleRx
                0x0000c11c        0x6 C:\Users\user1\SimplicityStudio\v4_workspace\Energy_Modes\platform\radio\rail_lib\autogen\librail_release\librail_efr32xg13_gcc_release.a(rail_singleprotocol.o)
                0x0000c11c                RAIL_ScheduleRx
 .text.radioConfigChangedDefault
                0x0000c122        0x2 C:\Users\user1\SimplicityStudio\v4_workspace\Energy_Modes\platform\radio\rail_lib\autogen\librail_release\librail_efr32xg13_gcc_release.a(rail_rf.o)
 .text.isTransitionState
                0x0000c124       0x12 C:\Users\user1\SimplicityStudio\v4_workspace\Energy_Modes\platform\radio\rail_lib\autogen\librail_release\librail_efr32xg13_gcc_release.a(rail_rf.o)
 .text.RAILCore_Init
                0x0000c136       0x12 C:\Users\user1\SimplicityStudio\v4_workspace\Energy_Modes\platform\radio\rail_lib\autogen\librail_release\librail_efr32xg13_gcc_release.a(rail_rf.o)
                0x0000c136                RAILCore_Init
 .text.RAILInt_SetCallbackConfig
                0x0000c148       0x20 C:\Users\user1\SimplicityStudio\v4_workspace\Energy_Modes\platform\radio\rail_lib\autogen\librail_release\librail_efr32xg13_gcc_release.a(rail_rf.o)
                0x0000c148                RAILInt_SetCallbackConfig
 .text.RAILCore_Idle
                0x0000c168       0x14 C:\Users\user1\SimplicityStudio\v4_workspace\Energy_Modes\platform\radio\rail_lib\autogen\librail_release\librail_efr32xg13_gcc_release.a(rail_rf.o)
                0x0000c168                RAILCore_Idle
 .text.RAILCb_CalcBitRate
                0x0000c17c        0x6 C:\Users\user1\SimplicityStudio\v4_workspace\Energy_Modes\platform\radio\rail_lib\autogen\librail_release\librail_efr32xg13_gcc_release.a(rail_rf.o)
                0x0000c17c                RAILCb_CalcBitRate
 .text.RAIL_SetStateTiming
                0x0000c182        0x6 C:\Users\user1\SimplicityStudio\v4_workspace\Energy_Modes\platform\radio\rail_lib\autogen\librail_release\librail_efr32xg13_gcc_release.a(rail_rf.o)
                0x0000c182                RAIL_SetStateTiming
 .text.RAILInt_IsPowerInRange
                0x0000c188       0x3c C:\Users\user1\SimplicityStudio\v4_workspace\Energy_Modes\platform\radio\rail_lib\autogen\librail_release\librail_efr32xg13_gcc_release.a(rail_rf.o)
                0x0000c188                RAILInt_IsPowerInRange
 .text.RAILInt_SetChannel
                0x0000c1c4      0x1c0 C:\Users\user1\SimplicityStudio\v4_workspace\Energy_Modes\platform\radio\rail_lib\autogen\librail_release\librail_efr32xg13_gcc_release.a(rail_rf.o)
                0x0000c1c4                RAILInt_SetChannel
 .text.RAILCore_ConfigChannels
                0x0000c384       0x60 C:\Users\user1\SimplicityStudio\v4_workspace\Energy_Modes\platform\radio\rail_lib\autogen\librail_release\librail_efr32xg13_gcc_release.a(rail_rf.o)
                0x0000c384                RAILCore_ConfigChannels
 .text.RAILInt_GetChannel
                0x0000c3e4        0x4 C:\Users\user1\SimplicityStudio\v4_workspace\Energy_Modes\platform\radio\rail_lib\autogen\librail_release\librail_efr32xg13_gcc_release.a(rail_rf.o)
                0x0000c3e4                RAILInt_GetChannel
 .text.RAILCore_SetTxTransitions
                0x0000c3e8       0x3c C:\Users\user1\SimplicityStudio\v4_workspace\Energy_Modes\platform\radio\rail_lib\autogen\librail_release\librail_efr32xg13_gcc_release.a(rail_rf.o)
                0x0000c3e8                RAILCore_SetTxTransitions
 .text.RAIL_SetTxTransitions
                0x0000c424        0x6 C:\Users\user1\SimplicityStudio\v4_workspace\Energy_Modes\platform\radio\rail_lib\autogen\librail_release\librail_efr32xg13_gcc_release.a(rail_rf.o)
                0x0000c424                RAIL_SetTxTransitions
 .text.RAILCore_SetRxTransitions
                0x0000c42a       0x38 C:\Users\user1\SimplicityStudio\v4_workspace\Energy_Modes\platform\radio\rail_lib\autogen\librail_release\librail_efr32xg13_gcc_release.a(rail_rf.o)
                0x0000c42a                RAILCore_SetRxTransitions
 .text.RAIL_SetRxTransitions
                0x0000c462        0x6 C:\Users\user1\SimplicityStudio\v4_workspace\Energy_Modes\platform\radio\rail_lib\autogen\librail_release\librail_efr32xg13_gcc_release.a(rail_rf.o)
                0x0000c462                RAIL_SetRxTransitions
 .text.RAIL_ConfigEvents
                0x0000c468        0x6 C:\Users\user1\SimplicityStudio\v4_workspace\Energy_Modes\platform\radio\rail_lib\autogen\librail_release\librail_efr32xg13_gcc_release.a(rail_rf.o)
                0x0000c468                RAIL_ConfigEvents
 .text.RAIL_ConfigRxOptions
                0x0000c46e        0x6 C:\Users\user1\SimplicityStudio\v4_workspace\Energy_Modes\platform\radio\rail_lib\autogen\librail_release\librail_efr32xg13_gcc_release.a(rail_rx.o)
                0x0000c46e                RAIL_ConfigRxOptions
 .text.RAILCore_ScheduleRx
                0x0000c474       0x2c C:\Users\user1\SimplicityStudio\v4_workspace\Energy_Modes\platform\radio\rail_lib\autogen\librail_release\librail_efr32xg13_gcc_release.a(rail_rx.o)
                0x0000c474                RAILCore_ScheduleRx
 .text.RAILCb_ConfigFrameTypeLength
                0x0000c4a0        0x6 C:\Users\user1\SimplicityStudio\v4_workspace\Energy_Modes\platform\radio\rail_lib\autogen\librail_release\librail_efr32xg13_gcc_release.a(rail_rx.o)
                0x0000c4a0                RAILCb_ConfigFrameTypeLength
 .text.RAIL_SetTxPower
                0x0000c4a6        0x6 C:\Users\user1\SimplicityStudio\v4_workspace\Energy_Modes\platform\radio\rail_lib\autogen\librail_release\librail_efr32xg13_gcc_release.a(rail_tx.o)
                0x0000c4a6                RAIL_SetTxPower
 .text.RAIL_ConfigTxPower
                0x0000c4ac       0x1c C:\Users\user1\SimplicityStudio\v4_workspace\Energy_Modes\platform\radio\rail_lib\autogen\librail_release\librail_efr32xg13_gcc_release.a(rail_tx.o)
                0x0000c4ac                RAIL_ConfigTxPower
 .text.RAILInt_PendCal
                0x0000c4c8       0x24 C:\Users\user1\SimplicityStudio\v4_workspace\Energy_Modes\platform\radio\rail_lib\autogen\librail_release\librail_efr32xg13_gcc_release.a(rail_calibration.o)
                0x0000c4c8                RAILInt_PendCal
 .text.RAIL_WriteTxFifo
                0x0000c4ec        0x6 C:\Users\user1\SimplicityStudio\v4_workspace\Energy_Modes\platform\radio\rail_lib\autogen\librail_release\librail_efr32xg13_gcc_release.a(rail_data.o)
                0x0000c4ec                RAIL_WriteTxFifo
 .text.RAIL_SetTxFifo
                0x0000c4f2        0x6 C:\Users\user1\SimplicityStudio\v4_workspace\Energy_Modes\platform\radio\rail_lib\autogen\librail_release\librail_efr32xg13_gcc_release.a(rail_data.o)
                0x0000c4f2                RAIL_SetTxFifo
 .text.RAIL_SetRxFifo
                0x0000c4f8        0x6 C:\Users\user1\SimplicityStudio\v4_workspace\Energy_Modes\platform\radio\rail_lib\autogen\librail_release\librail_efr32xg13_gcc_release.a(rail_data.o)
                0x0000c4f8                RAIL_SetRxFifo
 *fill*         0x0000c4fe        0x2 
 .text.RAILCb_SetupRxFifo
                0x0000c500       0x30 C:\Users\user1\SimplicityStudio\v4_workspace\Energy_Modes\platform\radio\rail_lib\autogen\librail_release\librail_efr32xg13_gcc_release.a(rail_data.o)
                0x0000c500                RAILCb_SetupRxFifo
 .text.RAIL_GetRxPacketInfo
                0x0000c530        0x8 C:\Users\user1\SimplicityStudio\v4_workspace\Energy_Modes\platform\radio\rail_lib\autogen\librail_release\librail_efr32xg13_gcc_release.a(rail_data.o)
                0x0000c530                RAIL_GetRxPacketInfo
 .text.RAIL_GetRxPacketDetails
                0x0000c538        0x6 C:\Users\user1\SimplicityStudio\v4_workspace\Energy_Modes\platform\radio\rail_lib\autogen\librail_release\librail_efr32xg13_gcc_release.a(rail_data.o)
                0x0000c538                RAIL_GetRxPacketDetails
 .text.RAIL_ResetFifo
                0x0000c53e       0x1e C:\Users\user1\SimplicityStudio\v4_workspace\Energy_Modes\platform\radio\rail_lib\autogen\librail_release\librail_efr32xg13_gcc_release.a(rail_data.o)
                0x0000c53e                RAIL_ResetFifo
 .text.RAILCb_AssertFailed
                0x0000c55c       0x14 C:\Users\user1\SimplicityStudio\v4_workspace\Energy_Modes\platform\radio\rail_lib\autogen\librail_release\librail_efr32xg13_gcc_release.a(rail_assert.o)
                0x0000c55c                RAILCb_AssertFailed
 .text.RAILInt_Assert
                0x0000c570       0x1c C:\Users\user1\SimplicityStudio\v4_workspace\Energy_Modes\platform\radio\rail_lib\autogen\librail_release\librail_efr32xg13_gcc_release.a(rail_assert.o)
                0x0000c570                RAILInt_Assert
 .text.RAIL_GetTime
                0x0000c58c        0x4 C:\Users\user1\SimplicityStudio\v4_workspace\Energy_Modes\platform\radio\rail_lib\autogen\librail_release\librail_efr32xg13_gcc_release.a(rail_timer.o)
                0x0000c58c                RAIL_GetTime
 .text.checkAndAddRxLenOverflowEntry.part.0
                0x0000c590       0x2c C:\Users\user1\SimplicityStudio\v4_workspace\Energy_Modes\platform\radio\rail_lib\autogen\librail_release\librail_efr32xg13_gcc_release.a(bufc.o)
 .text.BUFC_ReadHelper
                0x0000c5bc       0x7a C:\Users\user1\SimplicityStudio\v4_workspace\Energy_Modes\platform\radio\rail_lib\autogen\librail_release\librail_efr32xg13_gcc_release.a(bufc.o)
 *fill*         0x0000c636        0x2 
 .text.BUFC_SetTxBuffer
                0x0000c638       0x38 C:\Users\user1\SimplicityStudio\v4_workspace\Energy_Modes\platform\radio\rail_lib\autogen\librail_release\librail_efr32xg13_gcc_release.a(bufc.o)
                0x0000c638                BUFC_SetTxBuffer
 .text.BUFC_SetRxBuffer
                0x0000c670       0x1c C:\Users\user1\SimplicityStudio\v4_workspace\Energy_Modes\platform\radio\rail_lib\autogen\librail_release\librail_efr32xg13_gcc_release.a(bufc.o)
                0x0000c670                BUFC_SetRxBuffer
 .text.BUFC_WriteBuffer
                0x0000c68c       0xb0 C:\Users\user1\SimplicityStudio\v4_workspace\Energy_Modes\platform\radio\rail_lib\autogen\librail_release\librail_efr32xg13_gcc_release.a(bufc.o)
                0x0000c68c                BUFC_WriteBuffer
 .text.BUFC_Peek
                0x0000c73c       0x12 C:\Users\user1\SimplicityStudio\v4_workspace\Energy_Modes\platform\radio\rail_lib\autogen\librail_release\librail_efr32xg13_gcc_release.a(bufc.o)
                0x0000c73c                BUFC_Peek
 .text.BUFC_PeekByte
                0x0000c74e       0x46 C:\Users\user1\SimplicityStudio\v4_workspace\Energy_Modes\platform\radio\rail_lib\autogen\librail_release\librail_efr32xg13_gcc_release.a(bufc.o)
                0x0000c74e                BUFC_PeekByte
 .text.BUFC_GetSpaceAvailable
                0x0000c794       0x24 C:\Users\user1\SimplicityStudio\v4_workspace\Energy_Modes\platform\radio\rail_lib\autogen\librail_release\librail_efr32xg13_gcc_release.a(bufc.o)
                0x0000c794                BUFC_GetSpaceAvailable
 .text.BUFC_GetBytesAvailable
                0x0000c7b8       0x14 C:\Users\user1\SimplicityStudio\v4_workspace\Energy_Modes\platform\radio\rail_lib\autogen\librail_release\librail_efr32xg13_gcc_release.a(bufc.o)
                0x0000c7b8                BUFC_GetBytesAvailable
 .text.BUFC_TxAckBufferSet
                0x0000c7cc       0x2c C:\Users\user1\SimplicityStudio\v4_workspace\Energy_Modes\platform\radio\rail_lib\autogen\librail_release\librail_efr32xg13_gcc_release.a(bufc.o)
                0x0000c7cc                BUFC_TxAckBufferSet
 .text.BUFC_RxBufferReset
                0x0000c7f8       0x5c C:\Users\user1\SimplicityStudio\v4_workspace\Energy_Modes\platform\radio\rail_lib\autogen\librail_release\librail_efr32xg13_gcc_release.a(bufc.o)
                0x0000c7f8                BUFC_RxBufferReset
 .text.BUFC_Init
                0x0000c854       0x50 C:\Users\user1\SimplicityStudio\v4_workspace\Energy_Modes\platform\radio\rail_lib\autogen\librail_release\librail_efr32xg13_gcc_release.a(bufc.o)
                0x0000c854                BUFC_Init
 .text.BUFC_ReleaseRxPacket
                0x0000c8a4      0x118 C:\Users\user1\SimplicityStudio\v4_workspace\Energy_Modes\platform\radio\rail_lib\autogen\librail_release\librail_efr32xg13_gcc_release.a(bufc.o)
                0x0000c8a4                BUFC_ReleaseRxPacket
 .text.BUFC_StartRxLenThrEvent
                0x0000c9bc       0x50 C:\Users\user1\SimplicityStudio\v4_workspace\Energy_Modes\platform\radio\rail_lib\autogen\librail_release\librail_efr32xg13_gcc_release.a(bufc.o)
                0x0000c9bc                BUFC_StartRxLenThrEvent
 .text.BUFC_EndRxLenThrEvent
                0x0000ca0c       0x1c C:\Users\user1\SimplicityStudio\v4_workspace\Energy_Modes\platform\radio\rail_lib\autogen\librail_release\librail_efr32xg13_gcc_release.a(bufc.o)
                0x0000ca0c                BUFC_EndRxLenThrEvent
 .text.BUFC_HandleRxLenOvfEvent
                0x0000ca28       0x30 C:\Users\user1\SimplicityStudio\v4_workspace\Energy_Modes\platform\radio\rail_lib\autogen\librail_release\librail_efr32xg13_gcc_release.a(bufc.o)
                0x0000ca28                BUFC_HandleRxLenOvfEvent
 .text.BUFC_GetRxPacketInfo
                0x0000ca58      0x168 C:\Users\user1\SimplicityStudio\v4_workspace\Energy_Modes\platform\radio\rail_lib\autogen\librail_release\librail_efr32xg13_gcc_release.a(bufc.o)
                0x0000ca58                BUFC_GetRxPacketInfo
 .text.IRCAL_Set
                0x0000cbc0       0x1c C:\Users\user1\SimplicityStudio\v4_workspace\Energy_Modes\platform\radio\rail_lib\autogen\librail_release\librail_efr32xg13_gcc_release.a(ir_cal.o)
                0x0000cbc0                IRCAL_Set
 .text.getRampTimeFromLevelAndRate
                0x0000cbdc       0x20 C:\Users\user1\SimplicityStudio\v4_workspace\Energy_Modes\platform\radio\rail_lib\autogen\librail_release\librail_efr32xg13_gcc_release.a(pa.o)
 .text.PA_ProtectPa
                0x0000cbfc       0xa0 C:\Users\user1\SimplicityStudio\v4_workspace\Energy_Modes\platform\radio\rail_lib\autogen\librail_release\librail_efr32xg13_gcc_release.a(pa.o)
 .text.PA_GetTxPowerConfig
                0x0000cc9c       0x14 C:\Users\user1\SimplicityStudio\v4_workspace\Energy_Modes\platform\radio\rail_lib\autogen\librail_release\librail_efr32xg13_gcc_release.a(pa.o)
                0x0000cc9c                PA_GetTxPowerConfig
 .text.PA_GetPowerLevel
                0x0000ccb0        0xc C:\Users\user1\SimplicityStudio\v4_workspace\Energy_Modes\platform\radio\rail_lib\autogen\librail_release\librail_efr32xg13_gcc_release.a(pa.o)
                0x0000ccb0                PA_GetPowerLevel
 .text.PA_SetPowerLevel
                0x0000ccbc      0x178 C:\Users\user1\SimplicityStudio\v4_workspace\Energy_Modes\platform\radio\rail_lib\autogen\librail_release\librail_efr32xg13_gcc_release.a(pa.o)
                0x0000ccbc                PA_SetPowerLevel
 .text.PA_RunPeakDetectorHigh
                0x0000ce34       0x40 C:\Users\user1\SimplicityStudio\v4_workspace\Energy_Modes\platform\radio\rail_lib\autogen\librail_release\librail_efr32xg13_gcc_release.a(pa.o)
                0x0000ce34                PA_RunPeakDetectorHigh
 .text.PA_RunPeakDetectorLow
                0x0000ce74        0x2 C:\Users\user1\SimplicityStudio\v4_workspace\Energy_Modes\platform\radio\rail_lib\autogen\librail_release\librail_efr32xg13_gcc_release.a(pa.o)
                0x0000ce74                PA_RunPeakDetectorLow
 *fill*         0x0000ce76        0x2 
 .text.PA_RunBatHigh
                0x0000ce78       0x2c C:\Users\user1\SimplicityStudio\v4_workspace\Energy_Modes\platform\radio\rail_lib\autogen\librail_release\librail_efr32xg13_gcc_release.a(pa.o)
                0x0000ce78                PA_RunBatHigh
 .text.PA_GetRampTime
                0x0000cea4        0xc C:\Users\user1\SimplicityStudio\v4_workspace\Energy_Modes\platform\radio\rail_lib\autogen\librail_release\librail_efr32xg13_gcc_release.a(pa.o)
                0x0000cea4                PA_GetRampTime
 .text.PA_CalcRampTime
                0x0000ceb0       0x3c C:\Users\user1\SimplicityStudio\v4_workspace\Energy_Modes\platform\radio\rail_lib\autogen\librail_release\librail_efr32xg13_gcc_release.a(pa.o)
                0x0000ceb0                PA_CalcRampTime
 .text.PA_SetRampTime
                0x0000ceec      0x100 C:\Users\user1\SimplicityStudio\v4_workspace\Energy_Modes\platform\radio\rail_lib\autogen\librail_release\librail_efr32xg13_gcc_release.a(pa.o)
                0x0000ceec                PA_SetRampTime
 .text.PA_SetCTune
                0x0000cfec       0x34 C:\Users\user1\SimplicityStudio\v4_workspace\Energy_Modes\platform\radio\rail_lib\autogen\librail_release\librail_efr32xg13_gcc_release.a(pa.o)
                0x0000cfec                PA_SetCTune
 .text.PA_SelectBand
                0x0000d020       0x38 C:\Users\user1\SimplicityStudio\v4_workspace\Energy_Modes\platform\radio\rail_lib\autogen\librail_release\librail_efr32xg13_gcc_release.a(pa.o)
                0x0000d020                PA_SelectBand
 .text.PA_Config
                0x0000d058      0x114 C:\Users\user1\SimplicityStudio\v4_workspace\Energy_Modes\platform\radio\rail_lib\autogen\librail_release\librail_efr32xg13_gcc_release.a(pa.o)
                0x0000d058                PA_Config
 .text.PA_UpdateConfig
                0x0000d16c       0x38 C:\Users\user1\SimplicityStudio\v4_workspace\Energy_Modes\platform\radio\rail_lib\autogen\librail_release\librail_efr32xg13_gcc_release.a(pa.o)
                0x0000d16c                PA_UpdateConfig
 .text.PROTIMER_Init
                0x0000d1a4       0xe4 C:\Users\user1\SimplicityStudio\v4_workspace\Energy_Modes\platform\radio\rail_lib\autogen\librail_release\librail_efr32xg13_gcc_release.a(protimer.o)
                0x0000d1a4                PROTIMER_Init
 .text.PROTIMER_Start
                0x0000d288       0x1c C:\Users\user1\SimplicityStudio\v4_workspace\Energy_Modes\platform\radio\rail_lib\autogen\librail_release\librail_efr32xg13_gcc_release.a(protimer.o)
                0x0000d288                PROTIMER_Start
 .text.PROTIMER_ElapsedTime
                0x0000d2a4       0x40 C:\Users\user1\SimplicityStudio\v4_workspace\Energy_Modes\platform\radio\rail_lib\autogen\librail_release\librail_efr32xg13_gcc_release.a(protimer.o)
                0x0000d2a4                PROTIMER_ElapsedTime
 .text.PROTIMER_CCTimerStop
                0x0000d2e4       0x20 C:\Users\user1\SimplicityStudio\v4_workspace\Energy_Modes\platform\radio\rail_lib\autogen\librail_release\librail_efr32xg13_gcc_release.a(protimer.o)
                0x0000d2e4                PROTIMER_CCTimerStop
 .text.PROTIMER_CCTimerIsEnabled
                0x0000d304       0x14 C:\Users\user1\SimplicityStudio\v4_workspace\Energy_Modes\platform\radio\rail_lib\autogen\librail_release\librail_efr32xg13_gcc_release.a(protimer.o)
                0x0000d304                PROTIMER_CCTimerIsEnabled
 .text.PROTIMER_CCTimerCapture
                0x0000d318       0x18 C:\Users\user1\SimplicityStudio\v4_workspace\Energy_Modes\platform\radio\rail_lib\autogen\librail_release\librail_efr32xg13_gcc_release.a(protimer.o)
                0x0000d318                PROTIMER_CCTimerCapture
 .text.PROTIMER_ClearRxEnable
                0x0000d330       0x10 C:\Users\user1\SimplicityStudio\v4_workspace\Energy_Modes\platform\radio\rail_lib\autogen\librail_release\librail_efr32xg13_gcc_release.a(protimer.o)
                0x0000d330                PROTIMER_ClearRxEnable
 .text.PROTIMER_GetTime
                0x0000d340       0x38 C:\Users\user1\SimplicityStudio\v4_workspace\Energy_Modes\platform\radio\rail_lib\autogen\librail_release\librail_efr32xg13_gcc_release.a(protimer.o)
                0x0000d340                PROTIMER_GetTime
 .text.PROTIMER_LBTStop
                0x0000d378       0x18 C:\Users\user1\SimplicityStudio\v4_workspace\Energy_Modes\platform\radio\rail_lib\autogen\librail_release\librail_efr32xg13_gcc_release.a(protimer.o)
                0x0000d378                PROTIMER_LBTStop
 .text.PROTIMER_PrecntOverflowToUs
                0x0000d390       0x34 C:\Users\user1\SimplicityStudio\v4_workspace\Energy_Modes\platform\radio\rail_lib\autogen\librail_release\librail_efr32xg13_gcc_release.a(protimer.o)
                0x0000d390                PROTIMER_PrecntOverflowToUs
 .text.PROTIMER_GetUsTime
                0x0000d3c4       0x18 C:\Users\user1\SimplicityStudio\v4_workspace\Energy_Modes\platform\radio\rail_lib\autogen\librail_release\librail_efr32xg13_gcc_release.a(protimer.o)
                0x0000d3c4                PROTIMER_GetUsTime
 .text.PROTIMER_GetUsFromRawWrap
                0x0000d3dc       0x2e C:\Users\user1\SimplicityStudio\v4_workspace\Energy_Modes\platform\radio\rail_lib\autogen\librail_release\librail_efr32xg13_gcc_release.a(protimer.o)
                0x0000d3dc                PROTIMER_GetUsFromRawWrap
 *fill*         0x0000d40a        0x2 
 .text.PROTIMER_UsToPrecntOverflow
                0x0000d40c       0x40 C:\Users\user1\SimplicityStudio\v4_workspace\Energy_Modes\platform\radio\rail_lib\autogen\librail_release\librail_efr32xg13_gcc_release.a(protimer.o)
                0x0000d40c                PROTIMER_UsToPrecntOverflow
 .text.PROTIMER_CCTimerStart
                0x0000d44c      0x1a8 C:\Users\user1\SimplicityStudio\v4_workspace\Energy_Modes\platform\radio\rail_lib\autogen\librail_release\librail_efr32xg13_gcc_release.a(protimer.o)
                0x0000d44c                PROTIMER_CCTimerStart
 .text.PROTIMER_ScheduleTxEnable
                0x0000d5f4       0x28 C:\Users\user1\SimplicityStudio\v4_workspace\Energy_Modes\platform\radio\rail_lib\autogen\librail_release\librail_efr32xg13_gcc_release.a(protimer.o)
                0x0000d5f4                PROTIMER_ScheduleTxEnable
 .text.PROTIMER_ScheduleRxEnable
                0x0000d61c       0x28 C:\Users\user1\SimplicityStudio\v4_workspace\Energy_Modes\platform\radio\rail_lib\autogen\librail_release\librail_efr32xg13_gcc_release.a(protimer.o)
                0x0000d61c                PROTIMER_ScheduleRxEnable
 .text.PROTIMER_ScheduleRxDisable
                0x0000d644       0x34 C:\Users\user1\SimplicityStudio\v4_workspace\Energy_Modes\platform\radio\rail_lib\autogen\librail_release\librail_efr32xg13_gcc_release.a(protimer.o)
                0x0000d644                PROTIMER_ScheduleRxDisable
 .text.PROTIMER_DelayUs
                0x0000d678       0x16 C:\Users\user1\SimplicityStudio\v4_workspace\Energy_Modes\platform\radio\rail_lib\autogen\librail_release\librail_efr32xg13_gcc_release.a(protimer.o)
                0x0000d678                PROTIMER_DelayUs
 *fill*         0x0000d68e        0x2 
 .text.PTI_EnableAppendedInfo
                0x0000d690       0x18 C:\Users\user1\SimplicityStudio\v4_workspace\Energy_Modes\platform\radio\rail_lib\autogen\librail_release\librail_efr32xg13_gcc_release.a(pti.o)
                0x0000d690                PTI_EnableAppendedInfo
 .text.PTI_Enable
                0x0000d6a8       0x50 C:\Users\user1\SimplicityStudio\v4_workspace\Energy_Modes\platform\radio\rail_lib\autogen\librail_release\librail_efr32xg13_gcc_release.a(pti.o)
                0x0000d6a8                PTI_Enable
 .text.PTI_AuxdataOutput
                0x0000d6f8       0x1c C:\Users\user1\SimplicityStudio\v4_workspace\Energy_Modes\platform\radio\rail_lib\autogen\librail_release\librail_efr32xg13_gcc_release.a(pti.o)
                0x0000d6f8                PTI_AuxdataOutput
 .text.PTI_EnableSyncword
                0x0000d714       0x18 C:\Users\user1\SimplicityStudio\v4_workspace\Energy_Modes\platform\radio\rail_lib\autogen\librail_release\librail_efr32xg13_gcc_release.a(pti.o)
                0x0000d714                PTI_EnableSyncword
 .text.RADIO_SetAndForgetWrite
                0x0000d72c       0x74 C:\Users\user1\SimplicityStudio\v4_workspace\Energy_Modes\platform\radio\rail_lib\autogen\librail_release\librail_efr32xg13_gcc_release.a(radio.o)
                0x0000d72c                RADIO_SetAndForgetWrite
 .text.RADIO_RewriteCcTableData
                0x0000d7a0       0x34 C:\Users\user1\SimplicityStudio\v4_workspace\Energy_Modes\platform\radio\rail_lib\autogen\librail_release\librail_efr32xg13_gcc_release.a(radio.o)
                0x0000d7a0                RADIO_RewriteCcTableData
 .text.RADIO_SeqInit
                0x0000d7d4       0x64 C:\Users\user1\SimplicityStudio\v4_workspace\Energy_Modes\platform\radio\rail_lib\autogen\librail_release\librail_efr32xg13_gcc_release.a(radio.o)
                0x0000d7d4                RADIO_SeqInit
 .text.RADIO_ClockEnable
                0x0000d838       0x14 C:\Users\user1\SimplicityStudio\v4_workspace\Energy_Modes\platform\radio\rail_lib\autogen\librail_release\librail_efr32xg13_gcc_release.a(radio.o)
                0x0000d838                RADIO_ClockEnable
 .text.RADIO_Init
                0x0000d84c       0x5c C:\Users\user1\SimplicityStudio\v4_workspace\Energy_Modes\platform\radio\rail_lib\autogen\librail_release\librail_efr32xg13_gcc_release.a(radio.o)
                0x0000d84c                RADIO_Init
 .text.RADIO_ClockPrescGet
                0x0000d8a8       0x10 C:\Users\user1\SimplicityStudio\v4_workspace\Energy_Modes\platform\radio\rail_lib\autogen\librail_release\librail_efr32xg13_gcc_release.a(radio.o)
                0x0000d8a8                RADIO_ClockPrescGet
 .text.RADIO_ClockFreqGet
                0x0000d8b8       0x14 C:\Users\user1\SimplicityStudio\v4_workspace\Energy_Modes\platform\radio\rail_lib\autogen\librail_release\librail_efr32xg13_gcc_release.a(radio.o)
                0x0000d8b8                RADIO_ClockFreqGet
 .text.RADIO_Config
                0x0000d8cc       0xb0 C:\Users\user1\SimplicityStudio\v4_workspace\Energy_Modes\platform\radio\rail_lib\autogen\librail_release\librail_efr32xg13_gcc_release.a(radio.o)
                0x0000d8cc                RADIO_Config
 .text.RADIO_IsRxOnForRssi
                0x0000d97c       0x18 C:\Users\user1\SimplicityStudio\v4_workspace\Energy_Modes\platform\radio\rail_lib\autogen\librail_release\librail_efr32xg13_gcc_release.a(radio.o)
                0x0000d97c                RADIO_IsRxOnForRssi
 .text.RADIO_RxTrailDataLength
                0x0000d994       0x3c C:\Users\user1\SimplicityStudio\v4_workspace\Energy_Modes\platform\radio\rail_lib\autogen\librail_release\librail_efr32xg13_gcc_release.a(radio.o)
                0x0000d994                RADIO_RxTrailDataLength
 .text.RADIO_ComputeTxBaudrate
                0x0000d9d0       0x24 C:\Users\user1\SimplicityStudio\v4_workspace\Energy_Modes\platform\radio\rail_lib\autogen\librail_release\librail_efr32xg13_gcc_release.a(radio.o)
                0x0000d9d0                RADIO_ComputeTxBaudrate
 .text.RADIO_ComputeTxSymbolRate
                0x0000d9f4       0x54 C:\Users\user1\SimplicityStudio\v4_workspace\Energy_Modes\platform\radio\rail_lib\autogen\librail_release\librail_efr32xg13_gcc_release.a(radio.o)
                0x0000d9f4                RADIO_ComputeTxSymbolRate
 .text.RADIO_ComputeTxBitRate
                0x0000da48       0x44 C:\Users\user1\SimplicityStudio\v4_workspace\Energy_Modes\platform\radio\rail_lib\autogen\librail_release\librail_efr32xg13_gcc_release.a(radio.o)
                0x0000da48                RADIO_ComputeTxBitRate
 .text.RADIO_GetRssi
                0x0000da8c       0x64 C:\Users\user1\SimplicityStudio\v4_workspace\Energy_Modes\platform\radio\rail_lib\autogen\librail_release\librail_efr32xg13_gcc_release.a(radio.o)
                0x0000da8c                RADIO_GetRssi
 .text.RADIO_SetCRCInitVal
                0x0000daf0       0x10 C:\Users\user1\SimplicityStudio\v4_workspace\Energy_Modes\platform\radio\rail_lib\autogen\librail_release\librail_efr32xg13_gcc_release.a(radio.o)
                0x0000daf0                RADIO_SetCRCInitVal
 .text.RADIO_RACClearRxOverflow
                0x0000db00       0x20 C:\Users\user1\SimplicityStudio\v4_workspace\Energy_Modes\platform\radio\rail_lib\autogen\librail_release\librail_efr32xg13_gcc_release.a(radio.o)
                0x0000db00                RADIO_RACClearRxOverflow
 .text.RFSENSE_IRQHandler
                0x0000db20       0x10 C:\Users\user1\SimplicityStudio\v4_workspace\Energy_Modes\platform\radio\rail_lib\autogen\librail_release\librail_efr32xg13_gcc_release.a(rfsense.o)
                0x0000db20                RFSENSE_IRQHandler
 .text.PRORTC_IRQHandler
                0x0000db30       0x10 C:\Users\user1\SimplicityStudio\v4_workspace\Energy_Modes\platform\radio\rail_lib\autogen\librail_release\librail_efr32xg13_gcc_release.a(rtccsync.o)
                0x0000db30                PRORTC_IRQHandler
 .text.RTCCSYNC_Init
                0x0000db40       0x88 C:\Users\user1\SimplicityStudio\v4_workspace\Energy_Modes\platform\radio\rail_lib\autogen\librail_release\librail_efr32xg13_gcc_release.a(rtccsync.o)
                0x0000db40                RTCCSYNC_Init
 .text.SYNTH_RfFreqGet
                0x0000dbc8        0xc C:\Users\user1\SimplicityStudio\v4_workspace\Energy_Modes\platform\radio\rail_lib\autogen\librail_release\librail_efr32xg13_gcc_release.a(synth.o)
                0x0000dbc8                SYNTH_RfFreqGet
 .text.SYNTH_ChSpacingGet
                0x0000dbd4        0xc C:\Users\user1\SimplicityStudio\v4_workspace\Energy_Modes\platform\radio\rail_lib\autogen\librail_release\librail_efr32xg13_gcc_release.a(synth.o)
                0x0000dbd4                SYNTH_ChSpacingGet
 .text.SYNTH_LoDivGet
                0x0000dbe0       0x20 C:\Users\user1\SimplicityStudio\v4_workspace\Energy_Modes\platform\radio\rail_lib\autogen\librail_release\librail_efr32xg13_gcc_release.a(synth.o)
                0x0000dbe0                SYNTH_LoDivGet
 .text.SYNTH_Is2p4GHz
                0x0000dc00       0x14 C:\Users\user1\SimplicityStudio\v4_workspace\Energy_Modes\platform\radio\rail_lib\autogen\librail_release\librail_efr32xg13_gcc_release.a(synth.o)
                0x0000dc00                SYNTH_Is2p4GHz
 .text.SYNTH_VcoRangeIsValid
                0x0000dc14       0x30 C:\Users\user1\SimplicityStudio\v4_workspace\Energy_Modes\platform\radio\rail_lib\autogen\librail_release\librail_efr32xg13_gcc_release.a(synth.o)
                0x0000dc14                SYNTH_VcoRangeIsValid
 .text.SYNTH_RetimeLimitsConfig
                0x0000dc44       0x64 C:\Users\user1\SimplicityStudio\v4_workspace\Energy_Modes\platform\radio\rail_lib\autogen\librail_release\librail_efr32xg13_gcc_release.a(synth.o)
                0x0000dc44                SYNTH_RetimeLimitsConfig
 .text.SYNTH_RetimeClkConfig
                0x0000dca8       0xb4 C:\Users\user1\SimplicityStudio\v4_workspace\Energy_Modes\platform\radio\rail_lib\autogen\librail_release\librail_efr32xg13_gcc_release.a(synth.o)
                0x0000dca8                SYNTH_RetimeClkConfig
 .text.SYNTH_Config
                0x0000dd5c      0x104 C:\Users\user1\SimplicityStudio\v4_workspace\Energy_Modes\platform\radio\rail_lib\autogen\librail_release\librail_efr32xg13_gcc_release.a(synth.o)
                0x0000dd5c                SYNTH_Config
 .text.SYNTH_ChannelSet
                0x0000de60       0x40 C:\Users\user1\SimplicityStudio\v4_workspace\Energy_Modes\platform\radio\rail_lib\autogen\librail_release\librail_efr32xg13_gcc_release.a(synth.o)
                0x0000de60                SYNTH_ChannelSet
 .text.SYNTH_DCDCRetimeClkSet
                0x0000dea0       0x68 C:\Users\user1\SimplicityStudio\v4_workspace\Energy_Modes\platform\radio\rail_lib\autogen\librail_release\librail_efr32xg13_gcc_release.a(synth.o)
                0x0000dea0                SYNTH_DCDCRetimeClkSet
 .text.SYNTH_DCDCRetimeEnable
                0x0000df08       0x18 C:\Users\user1\SimplicityStudio\v4_workspace\Energy_Modes\platform\radio\rail_lib\autogen\librail_release\librail_efr32xg13_gcc_release.a(synth.o)
                0x0000df08                SYNTH_DCDCRetimeEnable
 .text.SYNTH_DCDCRetimeDisable
                0x0000df20       0x18 C:\Users\user1\SimplicityStudio\v4_workspace\Energy_Modes\platform\radio\rail_lib\autogen\librail_release\librail_efr32xg13_gcc_release.a(synth.o)
                0x0000df20                SYNTH_DCDCRetimeDisable
 .text.SYNTH_KvnFreqCompensationEnable
                0x0000df38        0xc C:\Users\user1\SimplicityStudio\v4_workspace\Energy_Modes\platform\radio\rail_lib\autogen\librail_release\librail_efr32xg13_gcc_release.a(synth.o)
                0x0000df38                SYNTH_KvnFreqCompensationEnable
 .text.TEMPCAL_Init
                0x0000df44       0x38 C:\Users\user1\SimplicityStudio\v4_workspace\Energy_Modes\platform\radio\rail_lib\autogen\librail_release\librail_efr32xg13_gcc_release.a(tempcal.o)
                0x0000df44                TEMPCAL_Init
 .text.TIMING_NsToStimerTickCalc
                0x0000df7c       0x2c C:\Users\user1\SimplicityStudio\v4_workspace\Energy_Modes\platform\radio\rail_lib\autogen\librail_release\librail_efr32xg13_gcc_release.a(timings.o)
 .text.TIMING_Recalculate
                0x0000dfa8      0x1ec C:\Users\user1\SimplicityStudio\v4_workspace\Energy_Modes\platform\radio\rail_lib\autogen\librail_release\librail_efr32xg13_gcc_release.a(timings.o)
 .text.TIMING_InitStimer
                0x0000e194       0x8c C:\Users\user1\SimplicityStudio\v4_workspace\Energy_Modes\platform\radio\rail_lib\autogen\librail_release\librail_efr32xg13_gcc_release.a(timings.o)
                0x0000e194                TIMING_InitStimer
 .text.TIMING_SeqTimingInit
                0x0000e220       0x90 C:\Users\user1\SimplicityStudio\v4_workspace\Energy_Modes\platform\radio\rail_lib\autogen\librail_release\librail_efr32xg13_gcc_release.a(timings.o)
                0x0000e220                TIMING_SeqTimingInit
 .text.TIMING_SetTransitionTime
                0x0000e2b0       0x18 C:\Users\user1\SimplicityStudio\v4_workspace\Energy_Modes\platform\radio\rail_lib\autogen\librail_release\librail_efr32xg13_gcc_release.a(timings.o)
                0x0000e2b0                TIMING_SetTransitionTime
 .text.TIMING_RxSearchTimeSet
                0x0000e2c8       0x10 C:\Users\user1\SimplicityStudio\v4_workspace\Energy_Modes\platform\radio\rail_lib\autogen\librail_release\librail_efr32xg13_gcc_release.a(timings.o)
                0x0000e2c8                TIMING_RxSearchTimeSet
 .text.TIMING_TxToRxSearchTimeSet
                0x0000e2d8       0x10 C:\Users\user1\SimplicityStudio\v4_workspace\Energy_Modes\platform\radio\rail_lib\autogen\librail_release\librail_efr32xg13_gcc_release.a(timings.o)
                0x0000e2d8                TIMING_TxToRxSearchTimeSet
 .text.TIMING_RecalculateAll
                0x0000e2e8        0x6 C:\Users\user1\SimplicityStudio\v4_workspace\Energy_Modes\platform\radio\rail_lib\autogen\librail_release\librail_efr32xg13_gcc_release.a(timings.o)
                0x0000e2e8                TIMING_RecalculateAll
 .text.TIMING_RecalculatePaRampChanged
                0x0000e2ee        0x6 C:\Users\user1\SimplicityStudio\v4_workspace\Energy_Modes\platform\radio\rail_lib\autogen\librail_release\librail_efr32xg13_gcc_release.a(timings.o)
                0x0000e2ee                TIMING_RecalculatePaRampChanged
 .text.TIMING_RecalculateViterbiChanged
                0x0000e2f4        0x6 C:\Users\user1\SimplicityStudio\v4_workspace\Energy_Modes\platform\radio\rail_lib\autogen\librail_release\librail_efr32xg13_gcc_release.a(timings.o)
                0x0000e2f4                TIMING_RecalculateViterbiChanged
 .text.TIMING_SetChainDelays
                0x0000e2fa        0x8 C:\Users\user1\SimplicityStudio\v4_workspace\Energy_Modes\platform\radio\rail_lib\autogen\librail_release\librail_efr32xg13_gcc_release.a(timings.o)
                0x0000e2fa                TIMING_SetChainDelays
 *fill*         0x0000e302        0x2 
 .text.TIMING_CalcAdjustUs
                0x0000e304       0x40 C:\Users\user1\SimplicityStudio\v4_workspace\Energy_Modes\platform\radio\rail_lib\autogen\librail_release\librail_efr32xg13_gcc_release.a(timings.o)
                0x0000e304                TIMING_CalcAdjustUs
 .text.TIMING_PacketBits
                0x0000e344       0x14 C:\Users\user1\SimplicityStudio\v4_workspace\Energy_Modes\platform\radio\rail_lib\autogen\librail_release\librail_efr32xg13_gcc_release.a(timings.o)
                0x0000e344                TIMING_PacketBits
 .text.TIMING_PreambleSyncBits
                0x0000e358       0x38 C:\Users\user1\SimplicityStudio\v4_workspace\Energy_Modes\platform\radio\rail_lib\autogen\librail_release\librail_efr32xg13_gcc_release.a(timings.o)
                0x0000e358                TIMING_PreambleSyncBits
 .text.TIMING_CalcRxTimeStampUs
                0x0000e390       0x66 C:\Users\user1\SimplicityStudio\v4_workspace\Energy_Modes\platform\radio\rail_lib\autogen\librail_release\librail_efr32xg13_gcc_release.a(timings.o)
                0x0000e390                TIMING_CalcRxTimeStampUs
 *fill*         0x0000e3f6        0x2 
 .text.TIMING_AdjustRxTimeStampUs
                0x0000e3f8       0x40 C:\Users\user1\SimplicityStudio\v4_workspace\Energy_Modes\platform\radio\rail_lib\autogen\librail_release\librail_efr32xg13_gcc_release.a(timings.o)
                0x0000e3f8                TIMING_AdjustRxTimeStampUs
 .text.RFRAND_GetRadioEntropy
                0x0000e438      0x100 C:\Users\user1\SimplicityStudio\v4_workspace\Energy_Modes\platform\radio\rail_lib\autogen\librail_release\librail_efr32xg13_gcc_release.a(rf_rand.o)
                0x0000e438                RFRAND_GetRadioEntropy
 .text.RFRAND_SeedProtimerRandom
                0x0000e538       0x3c C:\Users\user1\SimplicityStudio\v4_workspace\Energy_Modes\platform\radio\rail_lib\autogen\librail_release\librail_efr32xg13_gcc_release.a(rf_rand.o)
                0x0000e538                RFRAND_SeedProtimerRandom
 .text.RAIL_GetTxPowerCurve
                0x0000e574       0x14 C:\Users\user1\SimplicityStudio\v4_workspace\Energy_Modes\platform\radio\rail_lib\autogen\librail_release\librail_efr32xg13_gcc_release.a(pa_conversions_efr32.o)
                0x0000e574                RAIL_GetTxPowerCurve
 .text.RAIL_InitTxPowerCurves
                0x0000e588       0x2c C:\Users\user1\SimplicityStudio\v4_workspace\Energy_Modes\platform\radio\rail_lib\autogen\librail_release\librail_efr32xg13_gcc_release.a(pa_conversions_efr32.o)
                0x0000e588                RAIL_InitTxPowerCurves
 .text.RAIL_ConvertDbmToRaw
                0x0000e5b4       0xd8 C:\Users\user1\SimplicityStudio\v4_workspace\Energy_Modes\platform\radio\rail_lib\autogen\librail_release\librail_efr32xg13_gcc_release.a(pa_conversions_efr32.o)
                0x0000e5b4                RAIL_ConvertDbmToRaw
 .text.RAIL_ConvertRawToDbm
                0x0000e68c       0xb8 C:\Users\user1\SimplicityStudio\v4_workspace\Energy_Modes\platform\radio\rail_lib\autogen\librail_release\librail_efr32xg13_gcc_release.a(pa_conversions_efr32.o)
                0x0000e68c                RAIL_ConvertRawToDbm
 .text.GENERIC_PHY_EnableDisableInt
                0x0000e744       0x22 C:\Users\user1\SimplicityStudio\v4_workspace\Energy_Modes\platform\radio\rail_lib\autogen\librail_release\librail_efr32xg13_gcc_release.a(generic_phy.o)
 *fill*         0x0000e766        0x2 
 .text.GENERIC_PHY_DisableRadioIrqs
                0x0000e768       0x50 C:\Users\user1\SimplicityStudio\v4_workspace\Energy_Modes\platform\radio\rail_lib\autogen\librail_release\librail_efr32xg13_gcc_release.a(generic_phy.o)
 .text.GENERIC_PHY_ConfigureRollbackReporting
                0x0000e7b8       0x68 C:\Users\user1\SimplicityStudio\v4_workspace\Energy_Modes\platform\radio\rail_lib\autogen\librail_release\librail_efr32xg13_gcc_release.a(generic_phy.o)
 .text.GENERIC_PHY_ClearPendedRxWindowEnd
                0x0000e820       0x1c C:\Users\user1\SimplicityStudio\v4_workspace\Energy_Modes\platform\radio\rail_lib\autogen\librail_release\librail_efr32xg13_gcc_release.a(generic_phy.o)
 .text.GENERIC_PHY_RxOverflowHook
                0x0000e83c       0x34 C:\Users\user1\SimplicityStudio\v4_workspace\Energy_Modes\platform\radio\rail_lib\autogen\librail_release\librail_efr32xg13_gcc_release.a(generic_phy.o)
 .text.RADIO_RACRxAbort
                0x0000e870       0x3c C:\Users\user1\SimplicityStudio\v4_workspace\Energy_Modes\platform\radio\rail_lib\autogen\librail_release\librail_efr32xg13_gcc_release.a(generic_phy.o)
 .text.GENERIC_PHY_CheckPendedRxWindowEnd
                0x0000e8ac       0x44 C:\Users\user1\SimplicityStudio\v4_workspace\Energy_Modes\platform\radio\rail_lib\autogen\librail_release\librail_efr32xg13_gcc_release.a(generic_phy.o)
 .text.GENERIC_PHY_ConfigureEvents
                0x0000e8f0      0x2c8 C:\Users\user1\SimplicityStudio\v4_workspace\Energy_Modes\platform\radio\rail_lib\autogen\librail_release\librail_efr32xg13_gcc_release.a(generic_phy.o)
                0x0000e8f0                GENERIC_PHY_ConfigureEvents
 .text.GENERIC_PHY_PacketTxCommon
                0x0000ebb8       0x3c C:\Users\user1\SimplicityStudio\v4_workspace\Energy_Modes\platform\radio\rail_lib\autogen\librail_release\librail_efr32xg13_gcc_release.a(generic_phy.o)
                0x0000ebb8                GENERIC_PHY_PacketTxCommon
 .text.GENERIC_PHY_PacketTx
                0x0000ebf4       0x40 C:\Users\user1\SimplicityStudio\v4_workspace\Energy_Modes\platform\radio\rail_lib\autogen\librail_release\librail_efr32xg13_gcc_release.a(generic_phy.o)
                0x0000ebf4                GENERIC_PHY_PacketTx
 .text.GENERIC_PHY_SchedulePacketRx
                0x0000ec34      0x100 C:\Users\user1\SimplicityStudio\v4_workspace\Energy_Modes\platform\radio\rail_lib\autogen\librail_release\librail_efr32xg13_gcc_release.a(generic_phy.o)
                0x0000ec34                GENERIC_PHY_SchedulePacketRx
 .text.GENERIC_PHY_SchedulePacketTx
                0x0000ed34       0x78 C:\Users\user1\SimplicityStudio\v4_workspace\Energy_Modes\platform\radio\rail_lib\autogen\librail_release\librail_efr32xg13_gcc_release.a(generic_phy.o)
                0x0000ed34                GENERIC_PHY_SchedulePacketTx
 .text.GENERIC_PHY_SeqAtomicLock
                0x0000edac       0x30 C:\Users\user1\SimplicityStudio\v4_workspace\Energy_Modes\platform\radio\rail_lib\autogen\librail_release\librail_efr32xg13_gcc_release.a(generic_phy.o)
                0x0000edac                GENERIC_PHY_SeqAtomicLock
 .text.GENERIC_PHY_RACConfig
                0x0000eddc       0x40 C:\Users\user1\SimplicityStudio\v4_workspace\Energy_Modes\platform\radio\rail_lib\autogen\librail_release\librail_efr32xg13_gcc_release.a(generic_phy.o)
                0x0000eddc                GENERIC_PHY_RACConfig
 .text.GENERIC_PHY_Init
                0x0000ee1c       0x70 C:\Users\user1\SimplicityStudio\v4_workspace\Energy_Modes\platform\radio\rail_lib\autogen\librail_release\librail_efr32xg13_gcc_release.a(generic_phy.o)
                0x0000ee1c                GENERIC_PHY_Init
 .text.GENERIC_PHY_ResetRxFifo
                0x0000ee8c       0x30 C:\Users\user1\SimplicityStudio\v4_workspace\Energy_Modes\platform\radio\rail_lib\autogen\librail_release\librail_efr32xg13_gcc_release.a(generic_phy.o)
                0x0000ee8c                GENERIC_PHY_ResetRxFifo
 .text.GENERIC_PHY_RadioIdle
                0x0000eebc      0x154 C:\Users\user1\SimplicityStudio\v4_workspace\Energy_Modes\platform\radio\rail_lib\autogen\librail_release\librail_efr32xg13_gcc_release.a(generic_phy.o)
                0x0000eebc                GENERIC_PHY_RadioIdle
 .text.FRC_IRQHandler
                0x0000f010      0x528 C:\Users\user1\SimplicityStudio\v4_workspace\Energy_Modes\platform\radio\rail_lib\autogen\librail_release\librail_efr32xg13_gcc_release.a(generic_phy.o)
                0x0000f010                FRC_IRQHandler
 .text.FRC_PRI_IRQHandler
                0x0000f538        0x4 C:\Users\user1\SimplicityStudio\v4_workspace\Energy_Modes\platform\radio\rail_lib\autogen\librail_release\librail_efr32xg13_gcc_release.a(generic_phy.o)
                0x0000f538                FRC_PRI_IRQHandler
 .text.BUFC_IRQHandler
                0x0000f53c        0x4 C:\Users\user1\SimplicityStudio\v4_workspace\Energy_Modes\platform\radio\rail_lib\autogen\librail_release\librail_efr32xg13_gcc_release.a(generic_phy.o)
                0x0000f53c                BUFC_IRQHandler
 .text.PROTIMER_IRQHandler
                0x0000f540        0x4 C:\Users\user1\SimplicityStudio\v4_workspace\Energy_Modes\platform\radio\rail_lib\autogen\librail_release\librail_efr32xg13_gcc_release.a(generic_phy.o)
                0x0000f540                PROTIMER_IRQHandler
 .text.RAC_SEQ_IRQHandler
                0x0000f544        0x4 C:\Users\user1\SimplicityStudio\v4_workspace\Energy_Modes\platform\radio\rail_lib\autogen\librail_release\librail_efr32xg13_gcc_release.a(generic_phy.o)
                0x0000f544                RAC_SEQ_IRQHandler
 .text.RAILCb_RadioStateChanged
                0x0000f548       0x14 C:\Users\user1\SimplicityStudio\v4_workspace\Energy_Modes\platform\radio\rail_lib\autogen\librail_release\librail_efr32xg13_gcc_release.a(generic_phy.o)
                0x0000f548                RAILCb_RadioStateChanged
 .text.RAC_RSM_IRQHandler
                0x0000f55c       0x48 C:\Users\user1\SimplicityStudio\v4_workspace\Energy_Modes\platform\radio\rail_lib\autogen\librail_release\librail_efr32xg13_gcc_release.a(generic_phy.o)
                0x0000f55c                RAC_RSM_IRQHandler
 .text.MODEM_IRQHandler
                0x0000f5a4        0x4 C:\Users\user1\SimplicityStudio\v4_workspace\Energy_Modes\platform\radio\rail_lib\autogen\librail_release\librail_efr32xg13_gcc_release.a(generic_phy.o)
                0x0000f5a4                MODEM_IRQHandler
 .text.AGC_IRQHandler
                0x0000f5a8       0x40 C:\Users\user1\SimplicityStudio\v4_workspace\Energy_Modes\platform\radio\rail_lib\autogen\librail_release\librail_efr32xg13_gcc_release.a(generic_phy.o)
                0x0000f5a8                AGC_IRQHandler
 .text.SYNTH_IRQHandler
                0x0000f5e8       0x10 C:\Users\user1\SimplicityStudio\v4_workspace\Energy_Modes\platform\radio\rail_lib\autogen\librail_release\librail_efr32xg13_gcc_release.a(generic_phy.o)
                0x0000f5e8                SYNTH_IRQHandler
 .text.GENERIC_PHY_SetFeatures
                0x0000f5f8       0x24 C:\Users\user1\SimplicityStudio\v4_workspace\Energy_Modes\platform\radio\rail_lib\autogen\librail_release\librail_efr32xg13_gcc_release.a(generic_phy.o)
                0x0000f5f8                GENERIC_PHY_SetFeatures
 .text.GENERIC_PHY_IsFeatureEnabled
                0x0000f61c       0x14 C:\Users\user1\SimplicityStudio\v4_workspace\Energy_Modes\platform\radio\rail_lib\autogen\librail_release\librail_efr32xg13_gcc_release.a(generic_phy.o)
                0x0000f61c                GENERIC_PHY_IsFeatureEnabled
 .text.CORTEX_UTILS_BitsetLowestSetBit
                0x0000f630       0x26 C:\Users\user1\SimplicityStudio\v4_workspace\Energy_Modes\platform\radio\rail_lib\autogen\librail_release\librail_efr32xg13_gcc_release.a(cortex_utils.o)
                0x0000f630                CORTEX_UTILS_BitsetLowestSetBit
 *fill*         0x0000f656        0x2 
 .text.gecko_init_alloc
                0x0000f658       0x38 C:\Users\user1\SimplicityStudio\v4_workspace\Energy_Modes\protocol\bluetooth\lib\EFR32BG13P\GCC\libbluetooth.a(bglib.c.obj)
                0x0000f658                gecko_init_alloc
 .text.user_signal_message_handler
                0x0000f690       0x2c C:\Users\user1\SimplicityStudio\v4_workspace\Energy_Modes\protocol\bluetooth\lib\EFR32BG13P\GCC\libbluetooth.a(bglib.c.obj)
 .text.set_ctune
                0x0000f6bc       0x64 C:\Users\user1\SimplicityStudio\v4_workspace\Energy_Modes\protocol\bluetooth\lib\EFR32BG13P\GCC\libbluetooth.a(bglib.c.obj)
                0x0000f6bc                set_ctune
 .text.check_ctune_override
                0x0000f720       0x2c C:\Users\user1\SimplicityStudio\v4_workspace\Energy_Modes\protocol\bluetooth\lib\EFR32BG13P\GCC\libbluetooth.a(bglib.c.obj)
                0x0000f720                check_ctune_override
 .text.gecko_stack_init
                0x0000f74c      0x25c C:\Users\user1\SimplicityStudio\v4_workspace\Energy_Modes\protocol\bluetooth\lib\EFR32BG13P\GCC\libbluetooth.a(bglib.c.obj)
                0x0000f74c                gecko_stack_init
 .text.gecko_stack_update_callback
                0x0000f9a8       0x10 C:\Users\user1\SimplicityStudio\v4_workspace\Energy_Modes\protocol\bluetooth\lib\EFR32BG13P\GCC\libbluetooth.a(bglib.c.obj)
                0x0000f9a8                gecko_stack_update_callback
 .text.gap_is_scanning_or_advertising.part.0
                0x0000f9b8       0x2c C:\Users\user1\SimplicityStudio\v4_workspace\Energy_Modes\protocol\bluetooth\lib\EFR32BG13P\GCC\libbluetooth.a(gap.c.obj)
 .text.gap_is_resolvable
                0x0000f9e4       0x18 C:\Users\user1\SimplicityStudio\v4_workspace\Energy_Modes\protocol\bluetooth\lib\EFR32BG13P\GCC\libbluetooth.a(gap.c.obj)
                0x0000f9e4                gap_is_resolvable
 .text.gap_init