Archive member included because of file (symbol)

C:\Users\user1\SimplicityStudio\v4_workspace\BLE LCD\platform\radio\rail_lib\autogen\librail_release\librail_efr32xg13_gcc_release.a(rail_pti.o)
                              ./pti.o (RAIL_ConfigPti)
C:\Users\user1\SimplicityStudio\v4_workspace\BLE LCD\platform\radio\rail_lib\autogen\librail_release\librail_efr32xg13_gcc_release.a(rail_rf_hal.o)
                              C:\Users\user1\SimplicityStudio\v4_workspace\BLE LCD\platform\radio\rail_lib\autogen\librail_release\librail_efr32xg13_gcc_release.a(rail_pti.o) (RFHAL_ConfigPti)
C:\Users\user1\SimplicityStudio\v4_workspace\BLE LCD\platform\radio\rail_lib\autogen\librail_release\librail_efr32xg13_gcc_release.a(rail_ieee802154_rf_hal.o)
                              C:\Users\user1\SimplicityStudio\v4_workspace\BLE LCD\platform\radio\rail_lib\autogen\librail_release\librail_efr32xg13_gcc_release.a(rail_rf_hal.o) (RFHAL_IEEE802154IsEnabled)
C:\Users\user1\SimplicityStudio\v4_workspace\BLE LCD\platform\radio\rail_lib\autogen\librail_release\librail_efr32xg13_gcc_release.a(ieee802154_efr32xg13_configurator_out.o)
                              C:\Users\user1\SimplicityStudio\v4_workspace\BLE LCD\platform\radio\rail_lib\autogen\librail_release\librail_efr32xg13_gcc_release.a(rail_ieee802154_rf_hal.o) (ieee802154_coherent_min)
C:\Users\user1\SimplicityStudio\v4_workspace\BLE LCD\platform\radio\rail_lib\autogen\librail_release\librail_efr32xg13_gcc_release.a(ieee802154_gb868_efr32xg13_configurator_out.o)
                              C:\Users\user1\SimplicityStudio\v4_workspace\BLE LCD\platform\radio\rail_lib\autogen\librail_release\librail_efr32xg13_gcc_release.a(rail_ieee802154_rf_hal.o) (ieee802154_gb868_config_915_min)
C:\Users\user1\SimplicityStudio\v4_workspace\BLE LCD\platform\radio\rail_lib\autogen\librail_release\librail_efr32xg13_gcc_release.a(rail_ble_rf_hal.o)
                              C:\Users\user1\SimplicityStudio\v4_workspace\BLE LCD\platform\radio\rail_lib\autogen\librail_release\librail_efr32xg13_gcc_release.a(rail_rf_hal.o) (RFHAL_IsBleLongRangeEnabled)
C:\Users\user1\SimplicityStudio\v4_workspace\BLE LCD\platform\radio\rail_lib\autogen\librail_release\librail_efr32xg13_gcc_release.a(ble_efr32xg13_configurator_out.o)
                              C:\Users\user1\SimplicityStudio\v4_workspace\BLE LCD\platform\radio\rail_lib\autogen\librail_release\librail_efr32xg13_gcc_release.a(rail_ble_rf_hal.o) (ble_viterbi2M_min)
C:\Users\user1\SimplicityStudio\v4_workspace\BLE LCD\platform\radio\rail_lib\autogen\librail_release\librail_efr32xg13_gcc_release.a(rail_singleprotocol.o)
                              C:\Users\user1\SimplicityStudio\v4_workspace\BLE LCD\platform\radio\rail_lib\autogen\librail_release\librail_efr32xg13_gcc_release.a(rail_rf_hal.o) (RAIL_ActiveHandle)
C:\Users\user1\SimplicityStudio\v4_workspace\BLE LCD\platform\radio\rail_lib\autogen\librail_release\librail_efr32xg13_gcc_release.a(rail_rf.o)
                              C:\Users\user1\SimplicityStudio\v4_workspace\BLE LCD\platform\radio\rail_lib\autogen\librail_release\librail_efr32xg13_gcc_release.a(rail_singleprotocol.o) (RAILCore_Init)
C:\Users\user1\SimplicityStudio\v4_workspace\BLE LCD\platform\radio\rail_lib\autogen\librail_release\librail_efr32xg13_gcc_release.a(rail_rx.o)
                              C:\Users\user1\SimplicityStudio\v4_workspace\BLE LCD\platform\radio\rail_lib\autogen\librail_release\librail_efr32xg13_gcc_release.a(rail_rf_hal.o) (RAILCore_StartRx)
C:\Users\user1\SimplicityStudio\v4_workspace\BLE LCD\platform\radio\rail_lib\autogen\librail_release\librail_efr32xg13_gcc_release.a(rail_tx.o)
                              C:\Users\user1\SimplicityStudio\v4_workspace\BLE LCD\platform\radio\rail_lib\autogen\librail_release\librail_efr32xg13_gcc_release.a(rail_singleprotocol.o) (RAILCore_StartTxStream)
C:\Users\user1\SimplicityStudio\v4_workspace\BLE LCD\platform\radio\rail_lib\autogen\librail_release\librail_efr32xg13_gcc_release.a(rail_calibration.o)
                              C:\Users\user1\SimplicityStudio\v4_workspace\BLE LCD\platform\radio\rail_lib\autogen\librail_release\librail_efr32xg13_gcc_release.a(rail_rf_hal.o) (RAILInt_PendCal)
C:\Users\user1\SimplicityStudio\v4_workspace\BLE LCD\platform\radio\rail_lib\autogen\librail_release\librail_efr32xg13_gcc_release.a(rail_data.o)
                              C:\Users\user1\SimplicityStudio\v4_workspace\BLE LCD\platform\radio\rail_lib\autogen\librail_release\librail_efr32xg13_gcc_release.a(rail_rf_hal.o) (RAILCb_SetupRxFifo)
C:\Users\user1\SimplicityStudio\v4_workspace\BLE LCD\platform\radio\rail_lib\autogen\librail_release\librail_efr32xg13_gcc_release.a(rail_assert.o)
                              C:\Users\user1\SimplicityStudio\v4_workspace\BLE LCD\platform\radio\rail_lib\autogen\librail_release\librail_efr32xg13_gcc_release.a(rail_rf.o) (RAILInt_Assert)
[...]
Memory Configuration

Name             Origin             Length             Attributes
FLASH_BOOTLOADER 0x0fe10000         0x00004000         xr
FLASH            0x00000000         0x0007f000         xr
RAM              0x20000000         0x00010000         xrw
*default*        0x00000000         0xffffffff

Linker script and memory map

LOAD c:/siliconlabsnew/developer/toolchains/gnu_arm/4.9_2015q3/bin/../lib/gcc/arm-none-eabi/4.9.3/armv7e-m/softfp/crti.o
LOAD c:/siliconlabsnew/developer/toolchains/gnu_arm/4.9_2015q3/bin/../lib/gcc/arm-none-eabi/4.9.3/armv7e-m/softfp/crtbegin.o
LOAD c:/siliconlabsnew/developer/toolchains/gnu_arm/4.9_2015q3/bin/../lib/gcc/arm-none-eabi/4.9.3/../../../../arm-none-eabi/lib/armv7e-m/softfp/crt0.o
START GROUP
LOAD ./application_properties.o
LOAD ./gatt_db.o
LOAD ./init_app.o
LOAD ./init_board.o
LOAD ./init_mcu.o
LOAD ./main.o
LOAD ./pti.o
LOAD ./hardware/kit/common/bsp/bsp_stk.o
LOAD ./hardware/kit/common/drivers/i2cspm.o
LOAD ./hardware/kit/common/drivers/mx25flash_spi.o
LOAD ./hardware/kit/common/drivers/si7013.o
LOAD ./hardware/kit/common/drivers/tempsens.o
LOAD ./hardware/kit/common/drivers/udelay.o
LOAD ./lcdGraphics/dmd/dmd_display.o
LOAD ./lcdGraphics/drivers/display.o
LOAD ./lcdGraphics/drivers/displayls013b7dh03.o
LOAD ./lcdGraphics/drivers/displaypalemlib.o
LOAD ./lcdGraphics/glib/bmp.o
LOAD ./lcdGraphics/glib/glib.o
LOAD ./lcdGraphics/glib/glib_bitmap.o
LOAD ./lcdGraphics/glib/glib_circle.o
LOAD ./lcdGraphics/glib/glib_font_narrow_6x8.o
LOAD ./lcdGraphics/glib/glib_font_normal_8x8.o
LOAD ./lcdGraphics/glib/glib_font_number_16x20.o
LOAD ./lcdGraphics/glib/glib_line.o
LOAD ./lcdGraphics/glib/glib_polygon.o
LOAD ./lcdGraphics/glib/glib_rectangle.o
LOAD ./lcdGraphics/glib/glib_string.o
LOAD ./lcdGraphics/graphics.o
LOAD ./lcdGraphics/lcd_driver.o
LOAD ./platform/Device/SiliconLabs/EFR32BG13P/Source/GCC/startup_efr32bg13p.o
LOAD ./platform/Device/SiliconLabs/EFR32BG13P/Source/system_efr32bg13p.o
LOAD ./platform/emdrv/sleep/src/sleep.o
LOAD ./platform/emlib/src/em_acmp.o
LOAD ./platform/emlib/src/em_adc.o
LOAD ./platform/emlib/src/em_aes.o
LOAD ./platform/emlib/src/em_assert.o
LOAD ./platform/emlib/src/em_burtc.o
LOAD ./platform/emlib/src/em_can.o
LOAD ./platform/emlib/src/em_cmu.o
LOAD ./platform/emlib/src/em_core.o
LOAD ./platform/emlib/src/em_cryotimer.o
LOAD ./platform/emlib/src/em_crypto.o
LOAD ./platform/emlib/src/em_csen.o
LOAD ./platform/emlib/src/em_dac.o
LOAD ./platform/emlib/src/em_dbg.o
LOAD ./platform/emlib/src/em_dma.o
LOAD ./platform/emlib/src/em_ebi.o
LOAD ./platform/emlib/src/em_emu.o
LOAD ./platform/emlib/src/em_gpcrc.o
LOAD ./platform/emlib/src/em_gpio.o
LOAD ./platform/emlib/src/em_i2c.o
LOAD ./platform/emlib/src/em_idac.o
LOAD ./platform/emlib/src/em_int.o
LOAD ./platform/emlib/src/em_lcd.o
LOAD ./platform/emlib/src/em_ldma.o
LOAD ./platform/emlib/src/em_lesense.o
LOAD ./platform/emlib/src/em_letimer.o
LOAD ./platform/emlib/src/em_leuart.o
LOAD ./platform/emlib/src/em_mpu.o
LOAD ./platform/emlib/src/em_msc.o
LOAD ./platform/emlib/src/em_opamp.o
LOAD ./platform/emlib/src/em_pcnt.o
LOAD ./platform/emlib/src/em_prs.o
LOAD ./platform/emlib/src/em_qspi.o
LOAD ./platform/emlib/src/em_rmu.o
LOAD ./platform/emlib/src/em_rtc.o
LOAD ./platform/emlib/src/em_rtcc.o
LOAD ./platform/emlib/src/em_system.o
LOAD ./platform/emlib/src/em_timer.o
LOAD ./platform/emlib/src/em_usart.o
LOAD ./platform/emlib/src/em_vcmp.o
LOAD ./platform/emlib/src/em_vdac.o
LOAD ./platform/emlib/src/em_wdog.o
LOAD ./src/cmu.o
LOAD ./src/gpio.o
LOAD ./src/i2c.o
LOAD ./src/letimer.o
LOAD ./src/tempsensor.o
LOAD ./src/timer.o
LOAD C:\Users\user1\SimplicityStudio\v4_workspace\BLE LCD\platform\radio\rail_lib\autogen\librail_release\librail_efr32xg13_gcc_release.a
LOAD C:\Users\user1\SimplicityStudio\v4_workspace\BLE LCD\protocol\bluetooth\lib\EFR32BG13P\GCC\binapploader.o
LOAD C:\Users\user1\SimplicityStudio\v4_workspace\BLE LCD\protocol\bluetooth\lib\EFR32BG13P\GCC\libbluetooth.a
LOAD C:\Users\user1\SimplicityStudio\v4_workspace\BLE LCD\protocol\bluetooth\lib\EFR32BG13P\GCC\libpsstore.a
LOAD C:\Users\user1\SimplicityStudio\v4_workspace\BLE LCD\protocol\bluetooth\lib\EFR32BG13P\GCC\libmbedtls.a
LOAD c:/siliconlabsnew/developer/toolchains/gnu_arm/4.9_2015q3/bin/../lib/gcc/arm-none-eabi/4.9.3/../../../../arm-none-eabi/lib/armv7e-m/softfp\libm.a
END GROUP
START GROUP
LOAD c:/siliconlabsnew/developer/toolchains/gnu_arm/4.9_2015q3/bin/../lib/gcc/arm-none-eabi/4.9.3/armv7e-m/softfp\libgcc.a
LOAD c:/siliconlabsnew/developer/toolchains/gnu_arm/4.9_2015q3/bin/../lib/gcc/arm-none-eabi/4.9.3/../../../../arm-none-eabi/lib/armv7e-m/softfp\libc_nano.a
LOAD c:/siliconlabsnew/developer/toolchains/gnu_arm/4.9_2015q3/bin/../lib/gcc/arm-none-eabi/4.9.3/../../../../arm-none-eabi/lib/armv7e-m/softfp\libnosys.a
END GROUP
START GROUP
LOAD c:/siliconlabsnew/developer/toolchains/gnu_arm/4.9_2015q3/bin/../lib/gcc/arm-none-eabi/4.9.3/armv7e-m/softfp\libgcc.a
LOAD c:/siliconlabsnew/developer/toolchains/gnu_arm/4.9_2015q3/bin/../lib/gcc/arm-none-eabi/4.9.3/../../../../arm-none-eabi/lib/armv7e-m/softfp\libg_nano.a
LOAD c:/siliconlabsnew/developer/toolchains/gnu_arm/4.9_2015q3/bin/../lib/gcc/arm-none-eabi/4.9.3/../../../../arm-none-eabi/lib/armv7e-m/softfp\libc_nano.a
END GROUP
START GROUP
LOAD c:/siliconlabsnew/developer/toolchains/gnu_arm/4.9_2015q3/bin/../lib/gcc/arm-none-eabi/4.9.3/armv7e-m/softfp\libgcc.a
LOAD c:/siliconlabsnew/developer/toolchains/gnu_arm/4.9_2015q3/bin/../lib/gcc/arm-none-eabi/4.9.3/../../../../arm-none-eabi/lib/armv7e-m/softfp\libc_nano.a
END GROUP
LOAD c:/siliconlabsnew/developer/toolchains/gnu_arm/4.9_2015q3/bin/../lib/gcc/arm-none-eabi/4.9.3/armv7e-m/softfp/crtend.o
LOAD c:/siliconlabsnew/developer/toolchains/gnu_arm/4.9_2015q3/bin/../lib/gcc/arm-none-eabi/4.9.3/armv7e-m/softfp/crtn.o

.text_bootloader
                0x0fe10000        0x0
 *(.binbootloader*)
                0x0fe10000                . = ALIGN (0x4000)

.text_apploader
                0x00000000     0x8fc0
 *(.binapploader*)
 .binapploader  0x00000000     0x8fc0 C:\Users\user1\SimplicityStudio\v4_workspace\BLE LCD\protocol\bluetooth\lib\EFR32BG13P\GCC\binapploader.o

.text_signature
                0x00008fc0       0x40
                0x00009000                . = ALIGN (0x800)
 *fill*         0x00008fc0       0x40 
                0x00009000                __text_start__ = .

.text_application
                0x00009000    0x2afb4
 *(.vectors)
 .vectors       0x00009000       0xfc ./platform/Device/SiliconLabs/EFR32BG13P/Source/GCC/startup_efr32bg13p.o
                0x00009000                __Vectors
                0x000090fc                __Vectors_End = .
                0x000000fc                __Vectors_Size = (__Vectors_End - __Vectors)
                0x000090fc                __end__ = .
 *(.application_properties)
 .application_properties
                0x000090fc       0x38 ./application_properties.o
                0x000090fc                applicationProperties
 *(.gecko_configuration)
 *(.xo_configuration)
 *(.gatt_header)
 .gatt_header   0x00009134       0x34 ./gatt_db.o
                0x00009134                bg_gattdb_data
 *(.gatt_data)
 .gatt_data     0x00009168      0x205 ./gatt_db.o
                0x00009168                bg_gattdb_data_uuidtable_16_map
                0x00009188                bg_gattdb_data_uuidtable_128_map
                0x000091a8                bg_gattdb_data_attribute_field_21
                0x000091b0                bg_gattdb_data_attribute_field_20
                0x000091b8                bg_gattdb_data_attribute_field_19
                0x000091bc                bg_gattdb_data_attribute_field_18
                0x000091c4                bg_gattdb_data_attribute_field_17
                0x000091dc                bg_gattdb_data_attribute_field_16
                0x000091f0                bg_gattdb_data_attribute_field_14
                0x000091f8                bg_gattdb_data_attribute_field_13
                0x00009200                bg_gattdb_data_attribute_field_12
                0x00009204                bg_gattdb_data_attribute_field_11
                0x00009214                bg_gattdb_data_attribute_field_10
                0x0000921c                bg_gattdb_data_attribute_field_9
                0x00009220                bg_gattdb_data_attribute_field_8
                0x00009224                bg_gattdb_data_attribute_field_7
                0x0000922c                bg_gattdb_data_attribute_field_6
                0x00009234                bg_gattdb_data_attribute_field_5
                0x0000923c                bg_gattdb_data_attribute_field_4
                0x00009240                bg_gattdb_data_attribute_field_2
                0x00009248                bg_gattdb_data_attribute_field_1
                0x00009250                bg_gattdb_data_attribute_field_0
                0x00009254                bg_gattdb_data_attributes_map
                0x0000935c                bg_gattdb_data_attributes_dynamic_mapping_map
                0x00009368                bg_gattdb_data_adv_uuid16_map
                0x0000936c                bg_gattdb_data_adv_uuid128_map
 *(.text*)
 *fill*         0x0000936d        0x3 
 .text          0x00009370       0x5c c:/siliconlabsnew/developer/toolchains/gnu_arm/4.9_2015q3/bin/../lib/gcc/arm-none-eabi/4.9.3/armv7e-m/softfp/crtbegin.o
 .text          0x000093cc       0x74 c:/siliconlabsnew/developer/toolchains/gnu_arm/4.9_2015q3/bin/../lib/gcc/arm-none-eabi/4.9.3/../../../../arm-none-eabi/lib/armv7e-m/softfp/crt0.o
                0x000093cc                _start
                0x000093cc                _mainCRTStartup
 .text.initBoard
                0x00009440       0x48 ./init_board.o
                0x00009440                initBoard
 .text.CHIP_Init
                0x00009488       0x1c ./init_mcu.o
 .text.initMcu  0x000094a4       0x94 ./init_mcu.o
                0x000094a4                initMcu
 .text.initMcu_clocks
                0x00009538       0xb0 ./init_mcu.o
 .text.gecko_initCoexHAL
                0x000095e8        0xc ./main.o
 .text.gecko_init
                0x000095f4       0x44 ./main.o
 .text.gecko_cmd_system_reset
                0x00009638       0x5c ./main.o
 .text.gecko_cmd_system_get_bt_address
                0x00009694       0x5c ./main.o
 .text.gecko_cmd_system_set_tx_power
                0x000096f0       0x68 ./main.o
 .text.gecko_cmd_system_halt
                0x00009758       0x68 ./main.o
 .text.gecko_cmd_le_gap_set_advertise_timing
                0x000097c0       0x94 ./main.o
 .text.gecko_cmd_le_gap_start_advertising
                0x00009854       0x7c ./main.o
 .text.gecko_cmd_le_connection_set_parameters
                0x000098d0       0x98 ./main.o
 .text.gecko_cmd_le_connection_close
                0x00009968       0x68 ./main.o
 .text.gecko_cmd_gatt_server_send_user_write_response
                0x000099d0       0x80 ./main.o
 .text.gecko_cmd_hardware_set_soft_timer
                0x00009a50       0x78 ./main.o
 .text.gecko_cmd_sm_set_bondable_mode
                0x00009ac8       0x64 ./main.o
 .text.gecko_cmd_sm_configure
                0x00009b2c       0x74 ./main.o
 .text.gecko_cmd_sm_increase_security
                0x00009ba0       0x68 ./main.o
 .text.gecko_cmd_sm_delete_bondings
                0x00009c08       0x5c ./main.o
 .text.gecko_cmd_sm_passkey_confirm
                0x00009c64       0x74 ./main.o
 .text.TIMER_MaxCount
                0x00009cd8       0x2c ./main.o
 .text.TIMER_CounterSet
                0x00009d04       0x1c ./main.o
 .text.main     0x00009d20      0x420 ./main.o
                0x00009d20                main
 .text.BUS_RegMaskedSet
                0x0000a140       0x24 ./hardware/kit/common/drivers/mx25flash_spi.o
 .text.BUS_RegMaskedClear
                0x0000a164       0x24 ./hardware/kit/common/drivers/mx25flash_spi.o
 .text.GPIO_PinOutClear
                0x0000a188       0x58 ./hardware/kit/common/drivers/mx25flash_spi.o
 .text.GPIO_PinOutSet
                0x0000a1e0       0x58 ./hardware/kit/common/drivers/mx25flash_spi.o
 .text.MX25_init
                0x0000a238       0x98 ./hardware/kit/common/drivers/mx25flash_spi.o
                0x0000a238                MX25_init
 .text.Wait_Flash_WarmUp
                0x0000a2d0       0x24 ./hardware/kit/common/drivers/mx25flash_spi.o
                0x0000a2d0                Wait_Flash_WarmUp
 .text.Initial_Spi
                0x0000a2f4        0xc ./hardware/kit/common/drivers/mx25flash_spi.o
                0x0000a2f4                Initial_Spi
 .text.CS_Low   0x0000a300       0x10 ./hardware/kit/common/drivers/mx25flash_spi.o
                0x0000a300                CS_Low
 .text.CS_High  0x0000a310       0x10 ./hardware/kit/common/drivers/mx25flash_spi.o
                0x0000a310                CS_High
 .text.InsertDummyCycle
                0x0000a320       0x38 ./hardware/kit/common/drivers/mx25flash_spi.o
                0x0000a320                InsertDummyCycle
 .text.SendByte
                0x0000a358       0x3c ./hardware/kit/common/drivers/mx25flash_spi.o
                0x0000a358                SendByte
 .text.MX25_DP  0x0000a394       0x34 ./hardware/kit/common/drivers/mx25flash_spi.o
                0x0000a394                MX25_DP
 .text.NVIC_ClearPendingIRQ
                0x0000a3c8       0x34 ./hardware/kit/common/drivers/udelay.o
 .text.RTCC_CounterGet
                0x0000a3fc       0x18 ./hardware/kit/common/drivers/udelay.o
 .text.UDELAY_Calibrate
                0x0000a414      0x190 ./hardware/kit/common/drivers/udelay.o
                0x0000a414                UDELAY_Calibrate
 .text.UDELAY_Delay
                0x0000a5a4       0x38 ./hardware/kit/common/drivers/udelay.o
                0x0000a5a4                UDELAY_Delay
 .text.calibrate_delay
                0x0000a5dc       0xd8 ./hardware/kit/common/drivers/udelay.o
 .text.clock    0x0000a6b4       0x10 ./hardware/kit/common/drivers/udelay.o
 .text._delay   0x0000a6c4       0x18 ./hardware/kit/common/drivers/udelay.o
 .text.DMD_init
                0x0000a6dc       0xc8 ./lcdGraphics/dmd/dmd_display.o
                0x0000a6dc                DMD_init
 .text.DMD_getDisplayGeometry
                0x0000a7a4       0x38 ./lcdGraphics/dmd/dmd_display.o
                0x0000a7a4                DMD_getDisplayGeometry
 .text.DMD_setClippingArea
                0x0000a7dc       0x8c ./lcdGraphics/dmd/dmd_display.o
                0x0000a7dc                DMD_setClippingArea
 .text.DMD_writeColor
                0x0000a868      0x2b4 ./lcdGraphics/dmd/dmd_display.o
                0x0000a868                DMD_writeColor
 .text.DMD_allocateFramebuffer
                0x0000ab1c       0x54 ./lcdGraphics/dmd/dmd_display.o
                0x0000ab1c                DMD_allocateFramebuffer
 .text.DMD_updateDisplay
                0x0000ab70      0x114 ./lcdGraphics/dmd/dmd_display.o
                0x0000ab70                DMD_updateDisplay
 .text.DISPLAY_Init
                0x0000ac84       0x54 ./lcdGraphics/drivers/display.o
                0x0000ac84                DISPLAY_Init
 .text.DISPLAY_DeviceGet
                0x0000acd8       0x60 ./lcdGraphics/drivers/display.o
                0x0000acd8                DISPLAY_DeviceGet
 .text.DISPLAY_DeviceRegister
                0x0000ad38       0x6c ./lcdGraphics/drivers/display.o
                0x0000ad38                DISPLAY_DeviceRegister
 .text.DISPLAY_Ls013b7dh03Init
                0x0000ada4       0xd0 ./lcdGraphics/drivers/displayls013b7dh03.o
                0x0000ada4                DISPLAY_Ls013b7dh03Init
 .text.DriverRefresh
                0x0000ae74       0x20 ./lcdGraphics/drivers/displayls013b7dh03.o
 .text.DisplayEnable
                0x0000ae94       0x30 ./lcdGraphics/drivers/displayls013b7dh03.o
 .text.DisplayClear
                0x0000aec4       0x48 ./lcdGraphics/drivers/displayls013b7dh03.o
 .text.DisplayPolarityInverse
                0x0000af0c       0x10 ./lcdGraphics/drivers/displayls013b7dh03.o
 .text.PixelMatrixAllocate
                0x0000af1c       0x70 ./lcdGraphics/drivers/displayls013b7dh03.o
 .text.PixelMatrixFree
                0x0000af8c       0x1c ./lcdGraphics/drivers/displayls013b7dh03.o
 .text.PixelMatrixClear
                0x0000afa8       0x40 ./lcdGraphics/drivers/displayls013b7dh03.o
 .text.PixelMatrixDraw
                0x0000afe8       0xb8 ./lcdGraphics/drivers/displayls013b7dh03.o
 .text.BUS_RegMaskedSet
                0x0000b0a0       0x24 ./lcdGraphics/drivers/displaypalemlib.o
 .text.BUS_RegMaskedClear
                0x0000b0c4       0x24 ./lcdGraphics/drivers/displaypalemlib.o
 .text.GPIO_PinOutClear
                0x0000b0e8       0x58 ./lcdGraphics/drivers/displaypalemlib.o
 .text.GPIO_PinOutSet
                0x0000b140       0x58 ./lcdGraphics/drivers/displaypalemlib.o
 .text.PAL_SpiInit
                0x0000b198       0x64 ./lcdGraphics/drivers/displaypalemlib.o
                0x0000b198                PAL_SpiInit
 .text.PAL_SpiTransmit
                0x0000b1fc       0x74 ./lcdGraphics/drivers/displaypalemlib.o
                0x0000b1fc                PAL_SpiTransmit
 .text.PAL_TimerInit
                0x0000b270       0x18 ./lcdGraphics/drivers/displaypalemlib.o
                0x0000b270                PAL_TimerInit
 .text.PAL_TimerMicroSecondsDelay
                0x0000b288       0x1c ./lcdGraphics/drivers/displaypalemlib.o
                0x0000b288                PAL_TimerMicroSecondsDelay
 .text.PAL_TimerRepeat
                0x0000b2a4       0x30 ./lcdGraphics/drivers/displaypalemlib.o
                0x0000b2a4                PAL_TimerRepeat
 .text.PAL_GpioInit
                0x0000b2d4       0x20 ./lcdGraphics/drivers/displaypalemlib.o
                0x0000b2d4                PAL_GpioInit
 .text.PAL_GpioPinModeSet
                0x0000b2f4       0x44 ./lcdGraphics/drivers/displaypalemlib.o
                0x0000b2f4                PAL_GpioPinModeSet
 .text.PAL_GpioPinOutSet
                0x0000b338       0x24 ./lcdGraphics/drivers/displaypalemlib.o
                0x0000b338                PAL_GpioPinOutSet
 .text.PAL_GpioPinOutClear
                0x0000b35c       0x24 ./lcdGraphics/drivers/displaypalemlib.o
                0x0000b35c                PAL_GpioPinOutClear
 .text.GLIB_colorTranslate24bppInl
                0x0000b380       0x34 ./lcdGraphics/glib/glib.o
 .text.GLIB_contextInit
                0x0000b3b4       0x84 ./lcdGraphics/glib/glib.o
                0x0000b3b4                GLIB_contextInit
 .text.GLIB_setClippingRegion
                0x0000b438       0xa4 ./lcdGraphics/glib/glib.o
                0x0000b438                GLIB_setClippingRegion
 .text.GLIB_clear
                0x0000b4dc       0x70 ./lcdGraphics/glib/glib.o
                0x0000b4dc                GLIB_clear
 .text.GLIB_resetDisplayClippingArea
                0x0000b54c       0x30 ./lcdGraphics/glib/glib.o
                0x0000b54c                GLIB_resetDisplayClippingArea
 .text.GLIB_applyClippingRegion
                0x0000b57c       0x58 ./lcdGraphics/glib/glib.o
                0x0000b57c                GLIB_applyClippingRegion
 .text.GLIB_colorTranslate24bpp
                0x0000b5d4       0x20 ./lcdGraphics/glib/glib.o
                0x0000b5d4                GLIB_colorTranslate24bpp
 .text.GLIB_drawPixel
                0x0000b5f4       0x6c ./lcdGraphics/glib/glib.o
                0x0000b5f4                GLIB_drawPixel
 .text.GLIB_drawPixelColor
                0x0000b660       0x6c ./lcdGraphics/glib/glib.o
                0x0000b660                GLIB_drawPixelColor
 .text.GLIB_rectContainsPoint
                0x0000b6cc       0x4c ./lcdGraphics/glib/glib_rectangle.o
                0x0000b6cc                GLIB_rectContainsPoint
 .text.GLIB_drawChar
                0x0000b718      0x1d8 ./lcdGraphics/glib/glib_string.o
                0x0000b718                GLIB_drawChar
 .text.GLIB_drawString
                0x0000b8f0       0xd0 ./lcdGraphics/glib/glib_string.o
                0x0000b8f0                GLIB_drawString
 .text.GLIB_setFont
                0x0000b9c0       0x44 ./lcdGraphics/glib/glib_string.o
                0x0000b9c0                GLIB_setFont
 .text.graphInit
                0x0000ba04       0x64 ./lcdGraphics/graphics.o
                0x0000ba04                graphInit
 .text.graphWriteString
                0x0000ba68       0x40 ./lcdGraphics/graphics.o
                0x0000ba68                graphWriteString
 .text.graphPrintCenter
                0x0000baa8       0xc0 ./lcdGraphics/graphics.o
 .text.rtcIntCallbackRegister
                0x0000bb68       0x1c ./lcdGraphics/lcd_driver.o
                0x0000bb68                rtcIntCallbackRegister
 .text.LCD_init
                0x0000bb84       0x30 ./lcdGraphics/lcd_driver.o
                0x0000bb84                LCD_init
 .text.LCD_write
                0x0000bbb4       0xac ./lcdGraphics/lcd_driver.o
                0x0000bbb4                LCD_write
 .text.Reset_Handler
                0x0000bc60       0x4c ./platform/Device/SiliconLabs/EFR32BG13P/Source/GCC/startup_efr32bg13p.o
                0x0000bc60                Reset_Handler
 .text.Default_Handler
                0x0000bcac        0x8 ./platform/Device/SiliconLabs/EFR32BG13P/Source/GCC/startup_efr32bg13p.o
                0x0000bcac                DebugMon_Handler
                0x0000bcac                USART0_TX_IRQHandler
                0x0000bcac                I2C0_IRQHandler
                0x0000bcac                HardFault_Handler
                0x0000bcac                SysTick_Handler
                0x0000bcac                USART1_RX_IRQHandler
                0x0000bcac                PendSV_Handler
                0x0000bcac                NMI_Handler
                0x0000bcac                I2C1_IRQHandler
                0x0000bcac                WTIMER0_IRQHandler
                0x0000bcac                CRYPTO0_IRQHandler
                0x0000bcac                WDOG0_IRQHandler
                0x0000bcac                USART1_TX_IRQHandler
                0x0000bcac                SMU_IRQHandler
                0x0000bcac                MSC_IRQHandler
                0x0000bcac                ADC0_IRQHandler
                0x0000bcac                UsageFault_Handler
                0x0000bcac                WDOG1_IRQHandler
                0x0000bcac                LEUART0_IRQHandler
                0x0000bcac                FPUEH_IRQHandler
                0x0000bcac                GPIO_EVEN_IRQHandler
                0x0000bcac                VDAC0_IRQHandler
                0x0000bcac                LDMA_IRQHandler
                0x0000bcac                CSEN_IRQHandler
                0x0000bcac                CRYPTO1_IRQHandler
                0x0000bcac                TIMER1_IRQHandler
                0x0000bcac                TRNG0_IRQHandler
                0x0000bcac                USART2_RX_IRQHandler
                0x0000bcac                Default_Handler
                0x0000bcac                EMU_IRQHandler
                0x0000bcac                CRYOTIMER_IRQHandler
                0x0000bcac                PCNT0_IRQHandler
                0x0000bcac                ACMP0_IRQHandler
                0x0000bcac                USART0_RX_IRQHandler
                0x0000bcac                MemManage_Handler
                0x0000bcac                SVC_Handler
                0x0000bcac                RTCC_IRQHandler
                0x0000bcac                CMU_IRQHandler
                0x0000bcac                LESENSE_IRQHandler
                0x0000bcac                BusFault_Handler
                0x0000bcac                USART2_TX_IRQHandler
                0x0000bcac                IDAC0_IRQHandler
 .text.SystemCoreClockGet
                0x0000bcb4       0x44 ./platform/Device/SiliconLabs/EFR32BG13P/Source/system_efr32bg13p.o
                0x0000bcb4                SystemCoreClockGet
 .text.SystemMaxCoreClockGet
                0x0000bcf8       0x14 ./platform/Device/SiliconLabs/EFR32BG13P/Source/system_efr32bg13p.o
                0x0000bcf8                SystemMaxCoreClockGet
 .text.SystemHFClockGet
                0x0000bd0c       0x70 ./platform/Device/SiliconLabs/EFR32BG13P/Source/system_efr32bg13p.o
                0x0000bd0c                SystemHFClockGet
 .text.SystemHFXOClockGet
                0x0000bd7c       0x18 ./platform/Device/SiliconLabs/EFR32BG13P/Source/system_efr32bg13p.o
                0x0000bd7c                SystemHFXOClockGet
 .text.SystemHFXOClockSet
                0x0000bd94       0x30 ./platform/Device/SiliconLabs/EFR32BG13P/Source/system_efr32bg13p.o
                0x0000bd94                SystemHFXOClockSet
 .text.SystemInit
                0x0000bdc4       0x20 ./platform/Device/SiliconLabs/EFR32BG13P/Source/system_efr32bg13p.o
                0x0000bdc4                SystemInit
 .text.SystemLFRCOClockGet
                0x0000bde4       0x14 ./platform/Device/SiliconLabs/EFR32BG13P/Source/system_efr32bg13p.o
                0x0000bde4                SystemLFRCOClockGet
 .text.SystemULFRCOClockGet
                0x0000bdf8       0x14 ./platform/Device/SiliconLabs/EFR32BG13P/Source/system_efr32bg13p.o
                0x0000bdf8                SystemULFRCOClockGet
 .text.SystemLFXOClockGet
                0x0000be0c       0x18 ./platform/Device/SiliconLabs/EFR32BG13P/Source/system_efr32bg13p.o
                0x0000be0c                SystemLFXOClockGet
 .text.SystemLFXOClockSet
                0x0000be24       0x30 ./platform/Device/SiliconLabs/EFR32BG13P/Source/system_efr32bg13p.o
                0x0000be24                SystemLFXOClockSet
 .text.BUS_RegBitWrite
                0x0000be54       0x2c ./platform/emdrv/sleep/src/sleep.o
 .text.EMU_EnterEM1
                0x0000be80       0x20 ./platform/emdrv/sleep/src/sleep.o
 .text.EMU_EM2Block
                0x0000bea0       0x14 ./platform/emdrv/sleep/src/sleep.o
 .text.EMU_EM2UnBlock
                0x0000beb4       0x14 ./platform/emdrv/sleep/src/sleep.o
 .text.sleepCallbackWrapper
                0x0000bec8       0x2c ./platform/emdrv/sleep/src/sleep.o
 .text.SLEEP_Init
                0x0000bef4       0x60 ./platform/emdrv/sleep/src/sleep.o
                0x0000bef4                SLEEP_Init
 .text.SLEEP_Sleep
                0x0000bf54       0x90 ./platform/emdrv/sleep/src/sleep.o
                0x0000bf54                SLEEP_Sleep
 .text.SLEEP_SleepBlockBegin
                0x0000bfe4       0x48 ./platform/emdrv/sleep/src/sleep.o
                0x0000bfe4                SLEEP_SleepBlockBegin
 .text.SLEEP_SleepBlockEnd
                0x0000c02c       0x58 ./platform/emdrv/sleep/src/sleep.o
                0x0000c02c                SLEEP_SleepBlockEnd
 .text.SLEEP_LowestEnergyModeGet
                0x0000c084       0x40 ./platform/emdrv/sleep/src/sleep.o
                0x0000c084                SLEEP_LowestEnergyModeGet
 .text.enterEMx
                0x0000c0c4       0xa0 ./platform/emdrv/sleep/src/sleep.o
 .text.BUS_RegBitWrite
                0x0000c164       0x2c ./platform/emlib/src/em_cmu.o
 .text.BUS_RegBitRead
                0x0000c190       0x2c ./platform/emlib/src/em_cmu.o
 .text.BUS_RegMaskedSet
                0x0000c1bc       0x24 ./platform/emlib/src/em_cmu.o
 .text.BUS_RegMaskedClear
                0x0000c1e0       0x24 ./platform/emlib/src/em_cmu.o
 .text.BUS_RegMaskedWrite
                0x0000c204       0x24 ./platform/emlib/src/em_cmu.o
 .text.CMU_Log2ToDiv
                0x0000c228       0x1c ./platform/emlib/src/em_cmu.o
 .text.CMU_PrescToLog2
                0x0000c244       0x28 ./platform/emlib/src/em_cmu.o
 .text.EMU_VScaleWait
                0x0000c26c       0x1c ./platform/emlib/src/em_cmu.o
 .text.EMU_VScaleGet
                0x0000c288       0x1c ./platform/emlib/src/em_cmu.o
 .text.setHfLeConfig
                0x0000c2a4       0x64 ./platform/emlib/src/em_cmu.o
 .text.auxClkGet
                0x0000c308       0x20 ./platform/emlib/src/em_cmu.o
 .text.hfSrcClkGet
                0x0000c328       0x2c ./platform/emlib/src/em_cmu.o
 .text.dbgClkGet
                0x0000c354       0x40 ./platform/emlib/src/em_cmu.o
 .text.adcAsyncClkGet
                0x0000c394       0x80 ./platform/emlib/src/em_cmu.o
 .text.flashWaitStateControl
                0x0000c414       0x88 ./platform/emlib/src/em_cmu.o
 .text.flashWaitStateMax
                0x0000c49c       0x40 ./platform/emlib/src/em_cmu.o
 .text.CMU_UpdateWaitStates
                0x0000c4dc       0x40 ./platform/emlib/src/em_cmu.o
                0x0000c4dc                CMU_UpdateWaitStates
 .text.getRegIshUpperVal
                0x0000c51c       0x38 ./platform/emlib/src/em_cmu.o
 .text.getHfxoTuningMode
                0x0000c554       0x1c ./platform/emlib/src/em_cmu.o
 .text.setHfxoTuningMode
                0x0000c570       0x28 ./platform/emlib/src/em_cmu.o
 .text.lfClkGet
                0x0000c598       0xf4 ./platform/emlib/src/em_cmu.o
 .text.syncReg  0x0000c68c       0x38 ./platform/emlib/src/em_cmu.o
 .text.hfperClkSafePrescaler
                0x0000c6c4        0xc ./platform/emlib/src/em_cmu.o
 .text.hfperClkOptimizedPrescaler
                0x0000c6d0        0xc ./platform/emlib/src/em_cmu.o
 .text.CMU_ClockDivGet
                0x0000c6dc       0x1c ./platform/emlib/src/em_cmu.o
                0x0000c6dc                CMU_ClockDivGet
 .text.CMU_ClockDivSet
                0x0000c6f8       0x1c ./platform/emlib/src/em_cmu.o
                0x0000c6f8                CMU_ClockDivSet
 .text.CMU_ClockEnable
                0x0000c714       0xcc ./platform/emlib/src/em_cmu.o
                0x0000c714                CMU_ClockEnable
 .text.CMU_ClockFreqGet
                0x0000c7e0      0x1f8 ./platform/emlib/src/em_cmu.o
                0x0000c7e0                CMU_ClockFreqGet
 .text.CMU_ClockPrescGet
                0x0000c9d8      0x180 ./platform/emlib/src/em_cmu.o
                0x0000c9d8                CMU_ClockPrescGet
 .text.CMU_ClockPrescSet
                0x0000cb58      0x270 ./platform/emlib/src/em_cmu.o
                0x0000cb58                CMU_ClockPrescSet
 .text.CMU_ClockSelectGet
                0x0000cdc8      0x19c ./platform/emlib/src/em_cmu.o
                0x0000cdc8                CMU_ClockSelectGet
 .text.CMU_ClockSelectSet
                0x0000cf64      0x2d4 ./platform/emlib/src/em_cmu.o
                0x0000cf64                CMU_ClockSelectSet
 .text.CMU_HFRCOBandGet
                0x0000d238       0x18 ./platform/emlib/src/em_cmu.o
                0x0000d238                CMU_HFRCOBandGet
 .text.CMU_HFXOAutostartEnable
                0x0000d250       0x8c ./platform/emlib/src/em_cmu.o
                0x0000d250                CMU_HFXOAutostartEnable
 .text.CMU_HFXOInit
                0x0000d2dc       0xe4 ./platform/emlib/src/em_cmu.o
                0x0000d2dc                CMU_HFXOInit
 .text.CMU_LFXOInit
                0x0000d3c0       0x50 ./platform/emlib/src/em_cmu.o
                0x0000d3c0                CMU_LFXOInit
 .text.CMU_OscillatorEnable
                0x0000d410      0x17c ./platform/emlib/src/em_cmu.o
                0x0000d410                CMU_OscillatorEnable
 .text.CMU_OscillatorTuningGet
                0x0000d58c       0x74 ./platform/emlib/src/em_cmu.o
                0x0000d58c                CMU_OscillatorTuningGet
 .text.CMU_OscillatorTuningSet
                0x0000d600      0x100 ./platform/emlib/src/em_cmu.o
                0x0000d600                CMU_OscillatorTuningSet
 .text.CMU_OscillatorTuningWait
                0x0000d700       0x94 ./platform/emlib/src/em_cmu.o
                0x0000d700                CMU_OscillatorTuningWait
 .text.CMU_OscillatorTuningOptimize
                0x0000d794       0x58 ./platform/emlib/src/em_cmu.o
                0x0000d794                CMU_OscillatorTuningOptimize
 .text.CORE_EnterCritical
                0x0000d7ec       0x20 ./platform/emlib/src/em_core.o
                0x0000d7ec                CORE_EnterCritical
 .text.CORE_ExitCritical
                0x0000d80c       0x1c ./platform/emlib/src/em_core.o
                0x0000d80c                CORE_ExitCritical
 .text.CORE_AtomicDisableIrq
                0x0000d828       0x10 ./platform/emlib/src/em_core.o
                0x0000d828                CORE_AtomicDisableIrq
 .text.CORE_AtomicEnableIrq
                0x0000d838       0x10 ./platform/emlib/src/em_core.o
                0x0000d838                CORE_AtomicEnableIrq
 .text.CORE_EnterAtomic
                0x0000d848       0x20 ./platform/emlib/src/em_core.o
                0x0000d848                CORE_EnterAtomic
 .text.CORE_ExitAtomic
                0x0000d868       0x1c ./platform/emlib/src/em_core.o
                0x0000d868                CORE_ExitAtomic
 .text.CORE_SetNvicRamTableHandler
                0x0000d884       0x44 ./platform/emlib/src/em_core.o
                0x0000d884                CORE_SetNvicRamTableHandler
 .text.CORE_InitNvicVectorTable
                0x0000d8c8       0xc8 ./platform/emlib/src/em_core.o
                0x0000d8c8                CORE_InitNvicVectorTable
 .text.CRYPTO_BurstFromCrypto
                0x0000d990       0x40 ./platform/emlib/src/em_crypto.o
 .text.CRYPTO_ModulusSet
                0x0000d9d0       0x88 ./platform/emlib/src/em_crypto.o
                0x0000d9d0                CRYPTO_ModulusSet
 .text.CRYPTO_KeyRead
                0x0000da58       0x38 ./platform/emlib/src/em_crypto.o
                0x0000da58                CRYPTO_KeyRead
 .text.SystemCoreClockUpdate
                0x0000da90        0xc ./platform/emlib/src/em_emu.o
 .text.BUS_RegBitWrite
                0x0000da9c       0x2c ./platform/emlib/src/em_emu.o
 .text.BUS_RegBitRead
                0x0000dac8       0x2c ./platform/emlib/src/em_emu.o
 .text.EMU_VScaleWait
                0x0000daf4       0x1c ./platform/emlib/src/em_emu.o
 .text.EMU_VScaleGet
                0x0000db10       0x1c ./platform/emlib/src/em_emu.o
 .text.EMU_IntClear
                0x0000db2c       0x1c ./platform/emlib/src/em_emu.o
 .text.EMU_IntGet
                0x0000db48       0x18 ./platform/emlib/src/em_emu.o
 .text.EMU_Unlock
                0x0000db60       0x18 ./platform/emlib/src/em_emu.o
 .text.CMU_Lock
                0x0000db78       0x18 ./platform/emlib/src/em_emu.o
 .text.CMU_Unlock
                0x0000db90       0x1c ./platform/emlib/src/em_emu.o
 .text.vScaleEM01Cmd
                0x0000dbac       0x24 ./platform/emlib/src/em_emu.o
 .text.emState  0x0000dbd0      0x14c ./platform/emlib/src/em_emu.o
 .text.vScaleDownEM23Setup
                0x0000dd1c       0x50 ./platform/emlib/src/em_emu.o
 .text.vScaleAfterWakeup
                0x0000dd6c       0x44 ./platform/emlib/src/em_emu.o
 .text.EMU_EnterEM2
                0x0000ddb0       0x48 ./platform/emlib/src/em_emu.o
                0x0000ddb0                EMU_EnterEM2
 .text.EMU_EnterEM3
                0x0000ddf8       0x70 ./platform/emlib/src/em_emu.o
                0x0000ddf8                EMU_EnterEM3
 .text.EMU_Save
                0x0000de68        0xc ./platform/emlib/src/em_emu.o
                0x0000de68                EMU_Save
 .text.EMU_Restore
                0x0000de74        0xc ./platform/emlib/src/em_emu.o
                0x0000de74                EMU_Restore
 .text.EMU_EnterEM4
                0x0000de80       0x50 ./platform/emlib/src/em_emu.o
                0x0000de80                EMU_EnterEM4
 .text.EMU_VScaleEM01ByClock
                0x0000ded0       0x70 ./platform/emlib/src/em_emu.o
                0x0000ded0                EMU_VScaleEM01ByClock
 .text.EMU_VScaleEM01
                0x0000df40       0x84 ./platform/emlib/src/em_emu.o
                0x0000df40                EMU_VScaleEM01
 .text.EMU_EM01Init
                0x0000dfc4       0x24 ./platform/emlib/src/em_emu.o
                0x0000dfc4                EMU_EM01Init
 .text.EMU_EM23Init
                0x0000dfe8       0x2c ./platform/emlib/src/em_emu.o
                0x0000dfe8                EMU_EM23Init
 .text.dcdcConstCalibrationLoad
                0x0000e014       0x10 ./platform/emlib/src/em_emu.o
 .text.dcdcValidatedConfigSet
                0x0000e024       0x40 ./platform/emlib/src/em_emu.o
 .text.currentLimitersUpdate
                0x0000e064       0xe4 ./platform/emlib/src/em_emu.o
 .text.userCurrentLimitsSet
                0x0000e148       0x2c ./platform/emlib/src/em_emu.o
 .text.compCtrlSet
                0x0000e174       0x3c ./platform/emlib/src/em_emu.o
 .text.lpCmpHystCalibrationLoad
                0x0000e1b0       0xd4 ./platform/emlib/src/em_emu.o
 .text.lpGetDevinfoVrefLowHigh
                0x0000e284      0x164 ./platform/emlib/src/em_emu.o
 .text.EMU_DCDCModeSet
                0x0000e3e8       0xf0 ./platform/emlib/src/em_emu.o
                0x0000e3e8                EMU_DCDCModeSet
 .text.EMU_DCDCInit
                0x0000e4d8      0x120 ./platform/emlib/src/em_emu.o
                0x0000e4d8                EMU_DCDCInit
 .text.EMU_DCDCOutputVoltageSet
                0x0000e5f8      0x2cc ./platform/emlib/src/em_emu.o
                0x0000e5f8                EMU_DCDCOutputVoltageSet
 .text.EMU_DCDCOptimizeSlice
                0x0000e8c4       0xd8 ./platform/emlib/src/em_emu.o
                0x0000e8c4                EMU_DCDCOptimizeSlice
 .text.EMU_DCDCLnRcoBandSet
                0x0000e99c       0x54 ./platform/emlib/src/em_emu.o
                0x0000e99c                EMU_DCDCLnRcoBandSet
 .text.BUS_RegBitWrite
                0x0000e9f0       0x2c ./platform/emlib/src/em_gpio.o
 .text.BUS_RegMaskedSet
                0x0000ea1c       0x24 ./platform/emlib/src/em_gpio.o
 .text.BUS_RegMaskedClear
                0x0000ea40       0x24 ./platform/emlib/src/em_gpio.o
 .text.BUS_RegMaskedWrite
                0x0000ea64       0x24 ./platform/emlib/src/em_gpio.o
 .text.GPIO_PinOutClear
                0x0000ea88       0x58 ./platform/emlib/src/em_gpio.o
 .text.GPIO_PinOutSet
                0x0000eae0       0x58 ./platform/emlib/src/em_gpio.o
 .text.GPIO_DriveStrengthSet
                0x0000eb38       0x60 ./platform/emlib/src/em_gpio.o
                0x0000eb38                GPIO_DriveStrengthSet
 .text.GPIO_ExtIntConfig
                0x0000eb98      0x124 ./platform/emlib/src/em_gpio.o
                0x0000eb98                GPIO_ExtIntConfig
 .text.GPIO_PinModeSet
                0x0000ecbc      0x10c ./platform/emlib/src/em_gpio.o
                0x0000ecbc                GPIO_PinModeSet
 .text.BUS_RegBitWrite
                0x0000edc8       0x2c ./platform/emlib/src/em_i2c.o
 .text.BUS_RegMaskedSet
                0x0000edf4       0x24 ./platform/emlib/src/em_i2c.o
 .text.BUS_RegMaskedClear
                0x0000ee18       0x24 ./platform/emlib/src/em_i2c.o
 .text.BUS_RegMaskedWrite
                0x0000ee3c       0x24 ./platform/emlib/src/em_i2c.o
 .text.I2C_BusFreqSet
                0x0000ee60       0xf8 ./platform/emlib/src/em_i2c.o
                0x0000ee60                I2C_BusFreqSet
 .text.I2C_Enable
                0x0000ef58       0x3c ./platform/emlib/src/em_i2c.o
                0x0000ef58                I2C_Enable
 .text.I2C_Init
                0x0000ef94       0x78 ./platform/emlib/src/em_i2c.o
                0x0000ef94                I2C_Init
 .text.LETIMER_CompareSet
                0x0000f00c       0x58 ./platform/emlib/src/em_letimer.o
                0x0000f00c                LETIMER_CompareSet
 .text.LETIMER_Enable
                0x0000f064       0x2c ./platform/emlib/src/em_letimer.o
                0x0000f064                LETIMER_Enable
 .text.LETIMER_Init
                0x0000f090       0xd0 ./platform/emlib/src/em_letimer.o
                0x0000f090                LETIMER_Init
 .text.MSC_Init
                0x0000f160       0x30 ./platform/emlib/src/em_msc.o
                0x0000f160                MSC_Init
 .text.MSC_Deinit
                0x0000f190       0x24 ./platform/emlib/src/em_msc.o
                0x0000f190                MSC_Deinit
 .text.RMU_ResetCauseClear
                0x0000f1b4       0x18 ./platform/emlib/src/em_rmu.o
                0x0000f1b4                RMU_ResetCauseClear
 .text.RMU_ResetCauseGet
                0x0000f1cc       0xb0 ./platform/emlib/src/em_rmu.o
                0x0000f1cc                RMU_ResetCauseGet
 .text.BUS_RegBitWrite
                0x0000f27c       0x2c ./platform/emlib/src/em_rtcc.o
 .text.RTCC_Enable
                0x0000f2a8       0x20 ./platform/emlib/src/em_rtcc.o
                0x0000f2a8                RTCC_Enable
 .text.RTCC_Init
                0x0000f2c8       0x94 ./platform/emlib/src/em_rtcc.o
                0x0000f2c8                RTCC_Init
 .text.SYSTEM_ChipRevisionGet
                0x0000f35c       0x78 ./platform/emlib/src/em_system.o
                0x0000f35c                SYSTEM_ChipRevisionGet
 .text.TIMER_Valid
                0x0000f3d4       0x44 ./platform/emlib/src/em_timer.o
 .text.TIMER_Init
                0x0000f418       0xdc ./platform/emlib/src/em_timer.o
                0x0000f418                TIMER_Init
 .text.USART_BaudrateSyncSet
                0x0000f4f4       0x40 ./platform/emlib/src/em_usart.o
                0x0000f4f4                USART_BaudrateSyncSet
 .text.USART_InitSync
                0x0000f534       0xfc ./platform/emlib/src/em_usart.o
                0x0000f534                USART_InitSync
 .text.USART_Reset
                0x0000f630       0xb0 ./platform/emlib/src/em_usart.o
                0x0000f630                USART_Reset
 .text.USART_SpiTransfer
                0x0000f6e0       0x40 ./platform/emlib/src/em_usart.o
                0x0000f6e0                USART_SpiTransfer
 .text.USART_Tx
                0x0000f720       0x2c ./platform/emlib/src/em_usart.o
                0x0000f720                USART_Tx
 .text.USART_TxDouble
                0x0000f74c       0x2c ./platform/emlib/src/em_usart.o
                0x0000f74c                USART_TxDouble
 .text.cmu_init
                0x0000f778       0x6c ./src/cmu.o
                0x0000f778                cmu_init
 .text.NVIC_EnableIRQ
                0x0000f7e4       0x30 ./src/gpio.o
 .text.BUS_RegMaskedSet
                0x0000f814       0x24 ./src/gpio.o
 .text.BUS_RegMaskedClear
                0x0000f838       0x24 ./src/gpio.o
 .text.GPIO_PinOutClear
                0x0000f85c       0x58 ./src/gpio.o
 .text.GPIO_PinOutSet
                0x0000f8b4       0x58 ./src/gpio.o
 .text.GPIO_IntConfig
                0x0000f90c       0x38 ./src/gpio.o
 .text.gpio_init
                0x0000f944       0x94 ./src/gpio.o
                0x0000f944                gpio_init
 .text.GPIO_ODD_IRQHandler
                0x0000f9d8       0x3c ./src/gpio.o
                0x0000f9d8                GPIO_ODD_IRQHandler
 .text.BUS_RegMaskedSet
                0x0000fa14       0x24 ./src/i2c.o
 .text.BUS_RegMaskedClear
                0x0000fa38       0x24 ./src/i2c.o
 .text.GPIO_PinOutClear
                0x0000fa5c       0x58 ./src/i2c.o
 .text.GPIO_PinOutSet
                0x0000fab4       0x58 ./src/i2c.o
 .text.EMU_EnterEM1
                0x0000fb0c       0x20 ./src/i2c.o
 .text.i2c_init
                0x0000fb2c       0xbc ./src/i2c.o
                0x0000fb2c                i2c_init
 .text.sensor_enable
                0x0000fbe8       0x1c ./src/i2c.o
                0x0000fbe8                sensor_enable
 .text.i2c_disable
                0x0000fc04       0x24 ./src/i2c.o
                0x0000fc04                i2c_disable
 .text.i2c_driver
                0x0000fc28       0xb8 ./src/i2c.o
                0x0000fc28                i2c_driver
 .text.NVIC_EnableIRQ
                0x0000fce0       0x30 ./src/letimer.o
 .text.LETIMER_IntClear
                0x0000fd10       0x1c ./src/letimer.o
 .text.LETIMER_IntEnable
                0x0000fd2c       0x20 ./src/letimer.o
 .text.letimer_init
                0x0000fd4c       0x6c ./src/letimer.o
                0x0000fd4c                letimer_init
 .text.prescale
                0x0000fdb8       0x30 ./src/letimer.o
                0x0000fdb8                prescale
 .text.LETIMER0_IRQHandler
                0x0000fde8       0x3c ./src/letimer.o
                0x0000fde8                LETIMER0_IRQHandler
 .text.BUS_RegMaskedSet
                0x0000fe24       0x24 ./src/tempsensor.o
 .text.BUS_RegMaskedClear
                0x0000fe48       0x24 ./src/tempsensor.o
 .text.GPIO_PinOutClear
                0x0000fe6c       0x58 ./src/tempsensor.o
 .text.GPIO_PinOutSet
                0x0000fec4       0x58 ./src/tempsensor.o
 .text.gecko_cmd_le_connection_get_rssi
                0x0000ff1c       0x68 ./src/tempsensor.o
 .text.gecko_cmd_gatt_server_send_characteristic_notification
                0x0000ff84       0xa4 ./src/tempsensor.o
 .text.tempsense
                0x00010028      0x16c ./src/tempsensor.o
                0x00010028                tempsense
 .text.NVIC_EnableIRQ
                0x00010194       0x30 ./src/timer.o
 .text.TIMER_MaxCount
                0x000101c4       0x2c ./src/timer.o
 .text.TIMER_CounterSet
                0x000101f0       0x1c ./src/timer.o
 .text.TIMER_IntClear
                0x0001020c       0x1c ./src/timer.o
 .text.TIMER_IntEnable
                0x00010228       0x20 ./src/timer.o
 .text.TIMER_TopSet
                0x00010248       0x1c ./src/timer.o
 .text.time_init
                0x00010264       0x84 ./src/timer.o
                0x00010264                time_init
 .text.TIMER0_IRQHandler
                0x000102e8       0x3c ./src/timer.o
                0x000102e8                TIMER0_IRQHandler
 .text.eventDefault
                0x00010324        0x2 C:\Users\user1\SimplicityStudio\v4_workspace\BLE LCD\platform\radio\rail_lib\autogen\librail_release\librail_efr32xg13_gcc_release.a(rail_rf_hal.o)
 *fill*         0x00010326        0x2 
 .text.RFHAL_NotifyUserOfIrCal
                0x00010328       0x78 C:\Users\user1\SimplicityStudio\v4_workspace\BLE LCD\platform\radio\rail_lib\autogen\librail_release\librail_efr32xg13_gcc_release.a(rail_rf_hal.o)
 .text.GENERIC_PHY_EventCallback
                0x000103a0      0x194 C:\Users\user1\SimplicityStudio\v4_workspace\BLE LCD\platform\radio\rail_lib\autogen\librail_release\librail_efr32xg13_gcc_release.a(rail_rf_hal.o)
                0x000103a0                GENERIC_PHY_EventCallback
 .text.RFHAL_IntEnable
                0x00010534       0x58 C:\Users\user1\SimplicityStudio\v4_workspace\BLE LCD\platform\radio\rail_lib\autogen\librail_release\librail_efr32xg13_gcc_release.a(rail_rf_hal.o)
                0x00010534                RFHAL_IntEnable
 .text.RFHAL_SetEventCallback
                0x0001058c       0x18 C:\Users\user1\SimplicityStudio\v4_workspace\BLE LCD\platform\radio\rail_lib\autogen\librail_release\librail_efr32xg13_gcc_release.a(rail_rf_hal.o)
                0x0001058c                RFHAL_SetEventCallback
 .text.RFHAL_SetPtiProtocol
                0x000105a4       0x20 C:\Users\user1\SimplicityStudio\v4_workspace\BLE LCD\platform\radio\rail_lib\autogen\librail_release\librail_efr32xg13_gcc_release.a(rail_rf_hal.o)
                0x000105a4                RFHAL_SetPtiProtocol
 .text.RFHAL_Idle
                0x000105c4       0x2a C:\Users\user1\SimplicityStudio\v4_workspace\BLE LCD\platform\radio\rail_lib\autogen\librail_release\librail_efr32xg13_gcc_release.a(rail_rf_hal.o)
                0x000105c4                RFHAL_Idle
 *fill*         0x000105ee        0x2 
 .text.RFHAL_GetRadioState
                0x000105f0       0x48 C:\Users\user1\SimplicityStudio\v4_workspace\BLE LCD\platform\radio\rail_lib\autogen\librail_release\librail_efr32xg13_gcc_release.a(rail_rf_hal.o)
                0x000105f0                RFHAL_GetRadioState
 .text.RFHAL_OkToTransmit
                0x00010638       0x18 C:\Users\user1\SimplicityStudio\v4_workspace\BLE LCD\platform\radio\rail_lib\autogen\librail_release\librail_efr32xg13_gcc_release.a(rail_rf_hal.o)
                0x00010638                RFHAL_OkToTransmit
 .text.RFHAL_ScheduleRx
                0x00010650       0x5a C:\Users\user1\SimplicityStudio\v4_workspace\BLE LCD\platform\radio\rail_lib\autogen\librail_release\librail_efr32xg13_gcc_release.a(rail_rf_hal.o)
                0x00010650                RFHAL_ScheduleRx
 *fill*         0x000106aa        0x2 
 .text.RFHAL_EnableRxRawCapture
                0x000106ac       0x58 C:\Users\user1\SimplicityStudio\v4_workspace\BLE LCD\platform\radio\rail_lib\autogen\librail_release\librail_efr32xg13_gcc_release.a(rail_rf_hal.o)
                0x000106ac                RFHAL_EnableRxRawCapture
 .text.RFHAL_DisableRxRawCapture
                0x00010704       0x50 C:\Users\user1\SimplicityStudio\v4_workspace\BLE LCD\platform\radio\rail_lib\autogen\librail_release\librail_efr32xg13_gcc_release.a(rail_rf_hal.o)
                0x00010704                RFHAL_DisableRxRawCapture
 .text.RFHAL_AcceptCrcErrors
                0x00010754       0x18 C:\Users\user1\SimplicityStudio\v4_workspace\BLE LCD\platform\radio\rail_lib\autogen\librail_release\librail_efr32xg13_gcc_release.a(rail_rf_hal.o)
                0x00010754                RFHAL_AcceptCrcErrors
 .text.RFHAL_ConfigRxOptions
                0x0001076c      0x124 C:\Users\user1\SimplicityStudio\v4_workspace\BLE LCD\platform\radio\rail_lib\autogen\librail_release\librail_efr32xg13_gcc_release.a(rail_rf_hal.o)
                0x0001076c                RFHAL_ConfigRxOptions
 .text.RFHAL_GetTimer
                0x00010890        0xc C:\Users\user1\SimplicityStudio\v4_workspace\BLE LCD\platform\radio\rail_lib\autogen\librail_release\librail_efr32xg13_gcc_release.a(rail_rf_hal.o)
                0x00010890                RFHAL_GetTimer
 .text.RFHAL_CancelTimer
                0x0001089c       0x28 C:\Users\user1\SimplicityStudio\v4_workspace\BLE LCD\platform\radio\rail_lib\autogen\librail_release\librail_efr32xg13_gcc_release.a(rail_rf_hal.o)
                0x0001089c                RFHAL_CancelTimer
 .text.RFHAL_SetTimer
                0x000108c4       0x7c C:\Users\user1\SimplicityStudio\v4_workspace\BLE LCD\platform\radio\rail_lib\autogen\librail_release\librail_efr32xg13_gcc_release.a(rail_rf_hal.o)
                0x000108c4                RFHAL_SetTimer
 .text.RFHAL_IsTimerExpired
                0x00010940       0x1c C:\Users\user1\SimplicityStudio\v4_workspace\BLE LCD\platform\radio\rail_lib\autogen\librail_release\librail_efr32xg13_gcc_release.a(rail_rf_hal.o)
                0x00010940                RFHAL_IsTimerExpired
 .text.RFHAL_IsTimerRunning
                0x0001095c        0x6 C:\Users\user1\SimplicityStudio\v4_workspace\BLE LCD\platform\radio\rail_lib\autogen\librail_release\librail_efr32xg13_gcc_release.a(rail_rf_hal.o)
                0x0001095c                RFHAL_IsTimerRunning
 *fill*         0x00010962        0x2 
 .text.RFHAL_CalcBitRate
                0x00010964        0xc C:\Users\user1\SimplicityStudio\v4_workspace\BLE LCD\platform\radio\rail_lib\autogen\librail_release\librail_efr32xg13_gcc_release.a(rail_rf_hal.o)
                0x00010964                RFHAL_CalcBitRate
 .text.RFHAL_GetBitRate
                0x00010970       0x22 C:\Users\user1\SimplicityStudio\v4_workspace\BLE LCD\platform\radio\rail_lib\autogen\librail_release\librail_efr32xg13_gcc_release.a(rail_rf_hal.o)
                0x00010970                RFHAL_GetBitRate
 *fill*         0x00010992        0x2 
 .text.RFHAL_SetTxTransitions
                0x00010994       0x1c C:\Users\user1\SimplicityStudio\v4_workspace\BLE LCD\platform\radio\rail_lib\autogen\librail_release\librail_efr32xg13_gcc_release.a(rail_rf_hal.o)
                0x00010994                RFHAL_SetTxTransitions
 .text.RFHAL_SetRxTransitions
                0x000109b0       0x1c C:\Users\user1\SimplicityStudio\v4_workspace\BLE LCD\platform\radio\rail_lib\autogen\librail_release\librail_efr32xg13_gcc_release.a(rail_rf_hal.o)
                0x000109b0                RFHAL_SetRxTransitions
 .text.RFHAL_SetCRCInitVal
                0x000109cc        0x4 C:\Users\user1\SimplicityStudio\v4_workspace\BLE LCD\platform\radio\rail_lib\autogen\librail_release\librail_efr32xg13_gcc_release.a(rail_rf_hal.o)
                0x000109cc                RFHAL_SetCRCInitVal
 .text.RFHAL_ConfigTxPower
                0x000109d0        0xc C:\Users\user1\SimplicityStudio\v4_workspace\BLE LCD\platform\radio\rail_lib\autogen\librail_release\librail_efr32xg13_gcc_release.a(rail_rf_hal.o)
                0x000109d0                RFHAL_ConfigTxPower
 .text.RFHAL_SetTxPowerUnchecked
                0x000109dc       0x18 C:\Users\user1\SimplicityStudio\v4_workspace\BLE LCD\platform\radio\rail_lib\autogen\librail_release\librail_efr32xg13_gcc_release.a(rail_rf_hal.o)
                0x000109dc                RFHAL_SetTxPowerUnchecked
 .text.RFHAL_SetTxPower
                0x000109f4       0x40 C:\Users\user1\SimplicityStudio\v4_workspace\BLE LCD\platform\radio\rail_lib\autogen\librail_release\librail_efr32xg13_gcc_release.a(rail_rf_hal.o)
                0x000109f4                RFHAL_SetTxPower
 .text.RFHAL_GetTxPowerConfig
                0x00010a34        0xc C:\Users\user1\SimplicityStudio\v4_workspace\BLE LCD\platform\radio\rail_lib\autogen\librail_release\librail_efr32xg13_gcc_release.a(rail_rf_hal.o)
                0x00010a34                RFHAL_GetTxPowerConfig
 .text.RFHAL_GetTxPower
                0x00010a40        0x4 C:\Users\user1\SimplicityStudio\v4_workspace\BLE LCD\platform\radio\rail_lib\autogen\librail_release\librail_efr32xg13_gcc_release.a(rail_rf_hal.o)
                0x00010a40                RFHAL_GetTxPower
 .text.RFHAL_SetChannel
                0x00010a44       0xc4 C:\Users\user1\SimplicityStudio\v4_workspace\BLE LCD\platform\radio\rail_lib\autogen\librail_release\librail_efr32xg13_gcc_release.a(rail_rf_hal.o)
                0x00010a44                RFHAL_SetChannel
 .text.RFHAL_IsAutoAckEnabled
                0x00010b08        0x6 C:\Users\user1\SimplicityStudio\v4_workspace\BLE LCD\platform\radio\rail_lib\autogen\librail_release\librail_efr32xg13_gcc_release.a(rail_rf_hal.o)
                0x00010b08                RFHAL_IsAutoAckEnabled
 *fill*         0x00010b0e        0x2 
 .text.RFHAL_AutoAckWaitForAck
                0x00010b10       0x18 C:\Users\user1\SimplicityStudio\v4_workspace\BLE LCD\platform\radio\rail_lib\autogen\librail_release\librail_efr32xg13_gcc_release.a(rail_rf_hal.o)
                0x00010b10                RFHAL_AutoAckWaitForAck
 .text.preTxOps
                0x00010b28       0xf4 C:\Users\user1\SimplicityStudio\v4_workspace\BLE LCD\platform\radio\rail_lib\autogen\librail_release\librail_efr32xg13_gcc_release.a(rail_rf_hal.o)
 .text.RFHAL_StartTx
                0x00010c1c       0x12 C:\Users\user1\SimplicityStudio\v4_workspace\BLE LCD\platform\radio\rail_lib\autogen\librail_release\librail_efr32xg13_gcc_release.a(rail_rf_hal.o)
                0x00010c1c                RFHAL_StartTx
 .text.RFHAL_StartScheduledTx
                0x00010c2e       0x3c C:\Users\user1\SimplicityStudio\v4_workspace\BLE LCD\platform\radio\rail_lib\autogen\librail_release\librail_efr32xg13_gcc_release.a(rail_rf_hal.o)
                0x00010c2e                RFHAL_StartScheduledTx
 *fill*         0x00010c6a        0x2 
 .text.RFHAL_GetRxPacketInfo
                0x00010c6c       0x48 C:\Users\user1\SimplicityStudio\v4_workspace\BLE LCD\platform\radio\rail_lib\autogen\librail_release\librail_efr32xg13_gcc_release.a(rail_rf_hal.o)
                0x00010c6c                RFHAL_GetRxPacketInfo
 .text.RFHAL_GetRxPacketDetailsAlt
                0x00010cb4       0x98 C:\Users\user1\SimplicityStudio\v4_workspace\BLE LCD\platform\radio\rail_lib\autogen\librail_release\librail_efr32xg13_gcc_release.a(rail_rf_hal.o)
                0x00010cb4                RFHAL_GetRxPacketDetailsAlt
 .text.RFHAL_GetRxPacketDetails
                0x00010d4c       0x22 C:\Users\user1\SimplicityStudio\v4_workspace\BLE LCD\platform\radio\rail_lib\autogen\librail_release\librail_efr32xg13_gcc_release.a(rail_rf_hal.o)
                0x00010d4c                RFHAL_GetRxPacketDetails
 .text.RFHAL_SetTxBuffer
                0x00010d6e       0x34 C:\Users\user1\SimplicityStudio\v4_workspace\BLE LCD\platform\radio\rail_lib\autogen\librail_release\librail_efr32xg13_gcc_release.a(rail_rf_hal.o)
                0x00010d6e                RFHAL_SetTxBuffer
 .text.RFHAL_SetRxBuffer
                0x00010da2       0x2c C:\Users\user1\SimplicityStudio\v4_workspace\BLE LCD\platform\radio\rail_lib\autogen\librail_release\librail_efr32xg13_gcc_release.a(rail_rf_hal.o)
                0x00010da2                RFHAL_SetRxBuffer
 *fill*         0x00010dce        0x2 
 .text.RFHAL_ResetTxFifo
                0x00010dd0       0x2c C:\Users\user1\SimplicityStudio\v4_workspace\BLE LCD\platform\radio\rail_lib\autogen\librail_release\librail_efr32xg13_gcc_release.a(rail_rf_hal.o)
                0x00010dd0                RFHAL_ResetTxFifo
 .text.RFHAL_WriteTxFifo
                0x00010dfc       0x4c C:\Users\user1\SimplicityStudio\v4_workspace\BLE LCD\platform\radio\rail_lib\autogen\librail_release\librail_efr32xg13_gcc_release.a(rail_rf_hal.o)
                0x00010dfc                RFHAL_WriteTxFifo
 .text.RFHAL_ResetRxFifo
                0x00010e48       0x40 C:\Users\user1\SimplicityStudio\v4_workspace\BLE LCD\platform\radio\rail_lib\autogen\librail_release\librail_efr32xg13_gcc_release.a(rail_rf_hal.o)
                0x00010e48                RFHAL_ResetRxFifo
 .text.RFHAL_ConfigData
                0x00010e88       0x7c C:\Users\user1\SimplicityStudio\v4_workspace\BLE LCD\platform\radio\rail_lib\autogen\librail_release\librail_efr32xg13_gcc_release.a(rail_rf_hal.o)
                0x00010e88                RFHAL_ConfigData
 .text.RFHAL_SetAbortScheduledTxDuringRx
                0x00010f04       0x18 C:\Users\user1\SimplicityStudio\v4_workspace\BLE LCD\platform\radio\rail_lib\autogen\librail_release\librail_efr32xg13_gcc_release.a(rail_rf_hal.o)
                0x00010f04                RFHAL_SetAbortScheduledTxDuringRx
 .text.RFHAL_ConfigRadio
                0x00010f1c       0xac C:\Users\user1\SimplicityStudio\v4_workspace\BLE LCD\platform\radio\rail_lib\autogen\librail_release\librail_efr32xg13_gcc_release.a(rail_rf_hal.o)
                0x00010f1c                RFHAL_ConfigRadio
 .text.RFHAL_ConfigFrameTypeLength
                0x00010fc8       0x70 C:\Users\user1\SimplicityStudio\v4_workspace\BLE LCD\platform\radio\rail_lib\autogen\librail_release\librail_efr32xg13_gcc_release.a(rail_rf_hal.o)
                0x00010fc8                RFHAL_ConfigFrameTypeLength
 .text.RFHAL_GetTime
                0x00011038        0x4 C:\Users\user1\SimplicityStudio\v4_workspace\BLE LCD\platform\radio\rail_lib\autogen\librail_release\librail_efr32xg13_gcc_release.a(rail_rf_hal.o)
                0x00011038                RFHAL_GetTime
 .text.RFHAL_ResetAddressFilter
                0x0001103c       0x10 C:\Users\user1\SimplicityStudio\v4_workspace\BLE LCD\platform\radio\rail_lib\autogen\librail_release\librail_efr32xg13_gcc_release.a(rail_rf_hal.o)
                0x0001103c                RFHAL_ResetAddressFilter
 .text.RFHAL_Init
                0x0001104c       0xa8 C:\Users\user1\SimplicityStudio\v4_workspace\BLE LCD\platform\radio\rail_lib\autogen\librail_release\librail_efr32xg13_gcc_release.a(rail_rf_hal.o)
                0x0001104c                RFHAL_Init
 .text.RFHAL_GetRadioEntropy
                0x000110f4        0x4 C:\Users\user1\SimplicityStudio\v4_workspace\BLE LCD\platform\radio\rail_lib\autogen\librail_release\librail_efr32xg13_gcc_release.a(rail_rf_hal.o)
                0x000110f4                RFHAL_GetRadioEntropy
 .text.RFHAL_SetStateTiming
                0x000110f8       0x56 C:\Users\user1\SimplicityStudio\v4_workspace\BLE LCD\platform\radio\rail_lib\autogen\librail_release\librail_efr32xg13_gcc_release.a(rail_rf_hal.o)
                0x000110f8                RFHAL_SetStateTiming
 .text.RFHAL_IEEE802154IsEnabled
                0x0001114e        0x6 C:\Users\user1\SimplicityStudio\v4_workspace\BLE LCD\platform\radio\rail_lib\autogen\librail_release\librail_efr32xg13_gcc_release.a(rail_ieee802154_rf_hal.o)
                0x0001114e                RFHAL_IEEE802154IsEnabled
 .text.RFHAL_ConfigBle2MbpsViterbi
                0x00011154       0x28 C:\Users\user1\SimplicityStudio\v4_workspace\BLE LCD\platform\radio\rail_lib\autogen\librail_release\librail_efr32xg13_gcc_release.a(rail_ble_rf_hal.o)
                0x00011154                RFHAL_ConfigBle2MbpsViterbi
 .text.RFHAL_ConfigBle1MbpsViterbi
                0x0001117c       0x28 C:\Users\user1\SimplicityStudio\v4_workspace\BLE LCD\platform\radio\rail_lib\autogen\librail_release\librail_efr32xg13_gcc_release.a(rail_ble_rf_hal.o)
                0x0001117c                RFHAL_ConfigBle1MbpsViterbi
 .text.RFHAL_ConfigBleCoded
                0x000111a4       0x34 C:\Users\user1\SimplicityStudio\v4_workspace\BLE LCD\platform\radio\rail_lib\autogen\librail_release\librail_efr32xg13_gcc_release.a(rail_ble_rf_hal.o)
                0x000111a4                RFHAL_ConfigBleCoded
 .text.RFHAL_BleReinit
                0x000111d8       0x1c C:\Users\user1\SimplicityStudio\v4_workspace\BLE LCD\platform\radio\rail_lib\autogen\librail_release\librail_efr32xg13_gcc_release.a(rail_ble_rf_hal.o)
                0x000111d8                RFHAL_BleReinit
 .text.RFHAL_BleInit
                0x000111f4       0x12 C:\Users\user1\SimplicityStudio\v4_workspace\BLE LCD\platform\radio\rail_lib\autogen\librail_release\librail_efr32xg13_gcc_release.a(rail_ble_rf_hal.o)
                0x000111f4                RFHAL_BleInit
 *fill*         0x00011206        0x2 
 .text.RFHAL_IsBleLongRangeEnabled
                0x00011208       0x18 C:\Users\user1\SimplicityStudio\v4_workspace\BLE LCD\platform\radio\rail_lib\autogen\librail_release\librail_efr32xg13_gcc_release.a(rail_ble_rf_hal.o)
                0x00011208                RFHAL_IsBleLongRangeEnabled
 .text.RFHAL_BLEPreambleSyncWordSet
                0x00011220       0x44 C:\Users\user1\SimplicityStudio\v4_workspace\BLE LCD\platform\radio\rail_lib\autogen\librail_release\librail_efr32xg13_gcc_release.a(rail_ble_rf_hal.o)
                0x00011220                RFHAL_BLEPreambleSyncWordSet
 .text.RFHAL_BLEWhiteningSet
                0x00011264       0x68 C:\Users\user1\SimplicityStudio\v4_workspace\BLE LCD\platform\radio\rail_lib\autogen\librail_release\librail_efr32xg13_gcc_release.a(rail_ble_rf_hal.o)
                0x00011264                RFHAL_BLEWhiteningSet
 .text.setMultiTimer
                0x000112cc        0x4 C:\Users\user1\SimplicityStudio\v4_workspace\BLE LCD\platform\radio\rail_lib\autogen\librail_release\librail_efr32xg13_gcc_release.a(rail_singleprotocol.o)
 .text.cancelMultiTimer
                0x000112d0        0x4 C:\Users\user1\SimplicityStudio\v4_workspace\BLE LCD\platform\radio\rail_lib\autogen\librail_release\librail_efr32xg13_gcc_release.a(rail_singleprotocol.o)
 .text.isMultiTimerExpired
                0x000112d4        0x4 C:\Users\user1\SimplicityStudio\v4_workspace\BLE LCD\platform\radio\rail_lib\autogen\librail_release\librail_efr32xg13_gcc_release.a(rail_singleprotocol.o)
 .text.getMultiTimer
                0x000112d8        0x4 C:\Users\user1\SimplicityStudio\v4_workspace\BLE LCD\platform\radio\rail_lib\autogen\librail_release\librail_efr32xg13_gcc_release.a(rail_singleprotocol.o)
 .text.getActiveTimerCb
                0x000112dc       0x18 C:\Users\user1\SimplicityStudio\v4_workspace\BLE LCD\platform\radio\rail_lib\autogen\librail_release\librail_efr32xg13_gcc_release.a(rail_singleprotocol.o)
 .text.isMultiTimerRunning
                0x000112f4        0x4 C:\Users\user1\SimplicityStudio\v4_workspace\BLE LCD\platform\radio\rail_lib\autogen\librail_release\librail_efr32xg13_gcc_release.a(rail_singleprotocol.o)
 .text.RAIL_Init
                0x000112f8       0x20 C:\Users\user1\SimplicityStudio\v4_workspace\BLE LCD\platform\radio\rail_lib\autogen\librail_release\librail_efr32xg13_gcc_release.a(rail_singleprotocol.o)
                0x000112f8                RAIL_Init
 .text.RAIL_GetSchedulerStatus
                0x00011318        0x4 C:\Users\user1\SimplicityStudio\v4_workspace\BLE LCD\platform\radio\rail_lib\autogen\librail_release\librail_efr32xg13_gcc_release.a(rail_singleprotocol.o)
                0x00011318                RAIL_GetSchedulerStatus
 .text.RAIL_Idle
                0x0001131c        0x8 C:\Users\user1\SimplicityStudio\v4_workspace\BLE LCD\platform\radio\rail_lib\autogen\librail_release\librail_efr32xg13_gcc_release.a(rail_singleprotocol.o)
                0x0001131c                RAIL_Idle
 .text.RAIL_YieldRadio
                0x00011324        0x2 C:\Users\user1\SimplicityStudio\v4_workspace\BLE LCD\platform\radio\rail_lib\autogen\librail_release\librail_efr32xg13_gcc_release.a(rail_singleprotocol.o)
                0x00011324                RAIL_YieldRadio
 .text.RAIL_GetRadioEntropy
                0x00011326        0x8 C:\Users\user1\SimplicityStudio\v4_workspace\BLE LCD\platform\radio\rail_lib\autogen\librail_release\librail_efr32xg13_gcc_release.a(rail_singleprotocol.o)
                0x00011326                RAIL_GetRadioEntropy
 .text.RAIL_SetTimer
                0x0001132e       0x1c C:\Users\user1\SimplicityStudio\v4_workspace\BLE LCD\platform\radio\rail_lib\autogen\librail_release\librail_efr32xg13_gcc_release.a(rail_singleprotocol.o)
                0x0001132e                RAIL_SetTimer
 .text.RAIL_CancelTimer
                0x0001134a        0xe C:\Users\user1\SimplicityStudio\v4_workspace\BLE LCD\platform\radio\rail_lib\autogen\librail_release\librail_efr32xg13_gcc_release.a(rail_singleprotocol.o)
                0x0001134a                RAIL_CancelTimer
 .text.RAIL_StartTx
                0x00011358        0x6 C:\Users\user1\SimplicityStudio\v4_workspace\BLE LCD\platform\radio\rail_lib\autogen\librail_release\librail_efr32xg13_gcc_release.a(rail_singleprotocol.o)
                0x00011358                RAIL_StartTx
 .text.RAIL_StartScheduledTx
                0x0001135e        0x6 C:\Users\user1\SimplicityStudio\v4_workspace\BLE LCD\platform\radio\rail_lib\autogen\librail_release\librail_efr32xg13_gcc_release.a(rail_singleprotocol.o)
                0x0001135e                RAIL_StartScheduledTx
 .text.RAIL_ScheduleRx
                0x00011364        0x6 C:\Users\user1\SimplicityStudio\v4_workspace\BLE LCD\platform\radio\rail_lib\autogen\librail_release\librail_efr32xg13_gcc_release.a(rail_singleprotocol.o)
                0x00011364                RAIL_ScheduleRx
 .text.radioConfigChangedDefault
                0x0001136a        0x2 C:\Users\user1\SimplicityStudio\v4_workspace\BLE LCD\platform\radio\rail_lib\autogen\librail_release\librail_efr32xg13_gcc_release.a(rail_rf.o)
 .text.isTransitionState
                0x0001136c       0x12 C:\Users\user1\SimplicityStudio\v4_workspace\BLE LCD\platform\radio\rail_lib\autogen\librail_release\librail_efr32xg13_gcc_release.a(rail_rf.o)
 .text.RAILCore_Init
                0x0001137e       0x12 C:\Users\user1\SimplicityStudio\v4_workspace\BLE LCD\platform\radio\rail_lib\autogen\librail_release\librail_efr32xg13_gcc_release.a(rail_rf.o)
                0x0001137e                RAILCore_Init
 .text.RAILInt_SetCallbackConfig
                0x00011390       0x20 C:\Users\user1\SimplicityStudio\v4_workspace\BLE LCD\platform\radio\rail_lib\autogen\librail_release\librail_efr32xg13_gcc_release.a(rail_rf.o)
                0x00011390                RAILInt_SetCallbackConfig
 .text.RAILCore_Idle
                0x000113b0       0x14 C:\Users\user1\SimplicityStudio\v4_workspace\BLE LCD\platform\radio\rail_lib\autogen\librail_release\librail_efr32xg13_gcc_release.a(rail_rf.o)
                0x000113b0                RAILCore_Idle
 .text.RAILCb_CalcBitRate
                0x000113c4        0x6 C:\Users\user1\SimplicityStudio\v4_workspace\BLE LCD\platform\radio\rail_lib\autogen\librail_release\librail_efr32xg13_gcc_release.a(rail_rf.o)
                0x000113c4                RAILCb_CalcBitRate
 .text.RAIL_SetStateTiming
                0x000113ca        0x6 C:\Users\user1\SimplicityStudio\v4_workspace\BLE LCD\platform\radio\rail_lib\autogen\librail_release\librail_efr32xg13_gcc_release.a(rail_rf.o)
                0x000113ca                RAIL_SetStateTiming
 .text.RAILInt_IsPowerInRange
                0x000113d0       0x3c C:\Users\user1\SimplicityStudio\v4_workspace\BLE LCD\platform\radio\rail_lib\autogen\librail_release\librail_efr32xg13_gcc_release.a(rail_rf.o)
                0x000113d0                RAILInt_IsPowerInRange
 .text.RAILInt_SetChannel
                0x0001140c      0x1c0 C:\Users\user1\SimplicityStudio\v4_workspace\BLE LCD\platform\radio\rail_lib\autogen\librail_release\librail_efr32xg13_gcc_release.a(rail_rf.o)
                0x0001140c                RAILInt_SetChannel
 .text.RAILCore_ConfigChannels
                0x000115cc       0x60 C:\Users\user1\SimplicityStudio\v4_workspace\BLE LCD\platform\radio\rail_lib\autogen\librail_release\librail_efr32xg13_gcc_release.a(rail_rf.o)
                0x000115cc                RAILCore_ConfigChannels
 .text.RAILInt_GetChannel
                0x0001162c        0x4 C:\Users\user1\SimplicityStudio\v4_workspace\BLE LCD\platform\radio\rail_lib\autogen\librail_release\librail_efr32xg13_gcc_release.a(rail_rf.o)
                0x0001162c                RAILInt_GetChannel
 .text.RAILCore_SetTxTransitions
                0x00011630       0x3c C:\Users\user1\SimplicityStudio\v4_workspace\BLE LCD\platform\radio\rail_lib\autogen\librail_release\librail_efr32xg13_gcc_release.a(rail_rf.o)
                0x00011630                RAILCore_SetTxTransitions
 .text.RAIL_SetTxTransitions
                0x0001166c        0x6 C:\Users\user1\SimplicityStudio\v4_workspace\BLE LCD\platform\radio\rail_lib\autogen\librail_release\librail_efr32xg13_gcc_release.a(rail_rf.o)
                0x0001166c                RAIL_SetTxTransitions
 .text.RAILCore_SetRxTransitions
                0x00011672       0x38 C:\Users\user1\SimplicityStudio\v4_workspace\BLE LCD\platform\radio\rail_lib\autogen\librail_release\librail_efr32xg13_gcc_release.a(rail_rf.o)
                0x00011672                RAILCore_SetRxTransitions
 .text.RAIL_SetRxTransitions
                0x000116aa        0x6 C:\Users\user1\SimplicityStudio\v4_workspace\BLE LCD\platform\radio\rail_lib\autogen\librail_release\librail_efr32xg13_gcc_release.a(rail_rf.o)
                0x000116aa                RAIL_SetRxTransitions
 .text.RAIL_ConfigEvents
                0x000116b0        0x6 C:\Users\user1\SimplicityStudio\v4_workspace\BLE LCD\platform\radio\rail_lib\autogen\librail_release\librail_efr32xg13_gcc_release.a(rail_rf.o)
                0x000116b0                RAIL_ConfigEvents
 .text.RAIL_ConfigRxOptions
                0x000116b6        0x6 C:\Users\user1\SimplicityStudio\v4_workspace\BLE LCD\platform\radio\rail_lib\autogen\librail_release\librail_efr32xg13_gcc_release.a(rail_rx.o)
                0x000116b6                RAIL_ConfigRxOptions
 .text.RAILCore_ScheduleRx
                0x000116bc       0x2c C:\Users\user1\SimplicityStudio\v4_workspace\BLE LCD\platform\radio\rail_lib\autogen\librail_release\librail_efr32xg13_gcc_release.a(rail_rx.o)
                0x000116bc                RAILCore_ScheduleRx
 .text.RAILCb_ConfigFrameTypeLength
                0x000116e8        0x6 C:\Users\user1\SimplicityStudio\v4_workspace\BLE LCD\platform\radio\rail_lib\autogen\librail_release\librail_efr32xg13_gcc_release.a(rail_rx.o)
                0x000116e8                RAILCb_ConfigFrameTypeLength
 .text.RAIL_SetTxPower
                0x000116ee        0x6 C:\Users\user1\SimplicityStudio\v4_workspace\BLE LCD\platform\radio\rail_lib\autogen\librail_release\librail_efr32xg13_gcc_release.a(rail_tx.o)
                0x000116ee                RAIL_SetTxPower
 .text.RAIL_ConfigTxPower
                0x000116f4       0x1c C:\Users\user1\SimplicityStudio\v4_workspace\BLE LCD\platform\radio\rail_lib\autogen\librail_release\librail_efr32xg13_gcc_release.a(rail_tx.o)
                0x000116f4                RAIL_ConfigTxPower
 .text.RAILInt_PendCal
                0x00011710       0x24 C:\Users\user1\SimplicityStudio\v4_workspace\BLE LCD\platform\radio\rail_lib\autogen\librail_release\librail_efr32xg13_gcc_release.a(rail_calibration.o)
                0x00011710                RAILInt_PendCal
 .text.RAIL_WriteTxFifo
                0x00011734        0x6 C:\Users\user1\SimplicityStudio\v4_workspace\BLE LCD\platform\radio\rail_lib\autogen\librail_release\librail_efr32xg13_gcc_release.a(rail_data.o)
                0x00011734                RAIL_WriteTxFifo
 .text.RAIL_SetTxFifo
                0x0001173a        0x6 C:\Users\user1\SimplicityStudio\v4_workspace\BLE LCD\platform\radio\rail_lib\autogen\librail_release\librail_efr32xg13_gcc_release.a(rail_data.o)
                0x0001173a                RAIL_SetTxFifo
 .text.RAIL_SetRxFifo
                0x00011740        0x6 C:\Users\user1\SimplicityStudio\v4_workspace\BLE LCD\platform\radio\rail_lib\autogen\librail_release\librail_efr32xg13_gcc_release.a(rail_data.o)
                0x00011740                RAIL_SetRxFifo
 *fill*         0x00011746        0x2 
 .text.RAILCb_SetupRxFifo
                0x00011748       0x30 C:\Users\user1\SimplicityStudio\v4_workspace\BLE LCD\platform\radio\rail_lib\autogen\librail_release\librail_efr32xg13_gcc_release.a(rail_data.o)
                0x00011748                RAILCb_SetupRxFifo
 .text.RAIL_GetRxPacketInfo
                0x00011778        0x8 C:\Users\user1\SimplicityStudio\v4_workspace\BLE LCD\platform\radio\rail_lib\autogen\librail_release\librail_efr32xg13_gcc_release.a(rail_data.o)
                0x00011778                RAIL_GetRxPacketInfo
 .text.RAIL_GetRxPacketDetails
                0x00011780        0x6 C:\Users\user1\SimplicityStudio\v4_workspace\BLE LCD\platform\radio\rail_lib\autogen\librail_release\librail_efr32xg13_gcc_release.a(rail_data.o)
                0x00011780                RAIL_GetRxPacketDetails
 .text.RAIL_ResetFifo
                0x00011786       0x1e C:\Users\user1\SimplicityStudio\v4_workspace\BLE LCD\platform\radio\rail_lib\autogen\librail_release\librail_efr32xg13_gcc_release.a(rail_data.o)
                0x00011786                RAIL_ResetFifo
 .text.RAILCb_AssertFailed
                0x000117a4       0x14 C:\Users\user1\SimplicityStudio\v4_workspace\BLE LCD\platform\radio\rail_lib\autogen\librail_release\librail_efr32xg13_gcc_release.a(rail_assert.o)
                0x000117a4                RAILCb_AssertFailed
 .text.RAILInt_Assert
                0x000117b8       0x1c C:\Users\user1\SimplicityStudio\v4_workspace\BLE LCD\platform\radio\rail_lib\autogen\librail_release\librail_efr32xg13_gcc_release.a(rail_assert.o)
                0x000117b8                RAILInt_Assert
 .text.RAIL_GetTime
                0x000117d4        0x4 C:\Users\user1\SimplicityStudio\v4_workspace\BLE LCD\platform\radio\rail_lib\autogen\librail_release\librail_efr32xg13_gcc_release.a(rail_timer.o)
                0x000117d4                RAIL_GetTime
 .text.checkAndAddRxLenOverflowEntry.part.0
                0x000117d8       0x2c C:\Users\user1\SimplicityStudio\v4_workspace\BLE LCD\platform\radio\rail_lib\autogen\librail_release\librail_efr32xg13_gcc_release.a(bufc.o)
 .text.BUFC_ReadHelper
                0x00011804       0x7a C:\Users\user1\SimplicityStudio\v4_workspace\BLE LCD\platform\radio\rail_lib\autogen\librail_release\librail_efr32xg13_gcc_release.a(bufc.o)
 *fill*         0x0001187e        0x2 
 .text.BUFC_SetTxBuffer
                0x00011880       0x38 C:\Users\user1\SimplicityStudio\v4_workspace\BLE LCD\platform\radio\rail_lib\autogen\librail_release\librail_efr32xg13_gcc_release.a(bufc.o)
                0x00011880                BUFC_SetTxBuffer
 .text.BUFC_SetRxBuffer
                0x000118b8       0x1c C:\Users\user1\SimplicityStudio\v4_workspace\BLE LCD\platform\radio\rail_lib\autogen\librail_release\librail_efr32xg13_gcc_release.a(bufc.o)
                0x000118b8                BUFC_SetRxBuffer
 .text.BUFC_WriteBuffer
                0x000118d4       0xb0 C:\Users\user1\SimplicityStudio\v4_workspace\BLE LCD\platform\radio\rail_lib\autogen\librail_release\librail_efr32xg13_gcc_release.a(bufc.o)
                0x000118d4                BUFC_WriteBuffer
 .text.BUFC_Peek
                0x00011984       0x12 C:\Users\user1\SimplicityStudio\v4_workspace\BLE LCD\platform\radio\rail_lib\autogen\librail_release\librail_efr32xg13_gcc_release.a(bufc.o)
                0x00011984                BUFC_Peek
 .text.BUFC_PeekByte
                0x00011996       0x46 C:\Users\user1\SimplicityStudio\v4_workspace\BLE LCD\platform\radio\rail_lib\autogen\librail_release\librail_efr32xg13_gcc_release.a(bufc.o)
                0x00011996                BUFC_PeekByte
 .text.BUFC_GetSpaceAvailable
                0x000119dc       0x24 C:\Users\user1\SimplicityStudio\v4_workspace\BLE LCD\platform\radio\rail_lib\autogen\librail_release\librail_efr32xg13_gcc_release.a(bufc.o)
                0x000119dc                BUFC_GetSpaceAvailable
 .text.BUFC_GetBytesAvailable
                0x00011a00       0x14 C:\Users\user1\SimplicityStudio\v4_workspace\BLE LCD\platform\radio\rail_lib\autogen\librail_release\librail_efr32xg13_gcc_release.a(bufc.o)
                0x00011a00                BUFC_GetBytesAvailable
 .text.BUFC_TxAckBufferSet
                0x00011a14       0x2c C:\Users\user1\SimplicityStudio\v4_workspace\BLE LCD\platform\radio\rail_lib\autogen\librail_release\librail_efr32xg13_gcc_release.a(bufc.o)
                0x00011a14                BUFC_TxAckBufferSet
 .text.BUFC_RxBufferReset
                0x00011a40       0x5c C:\Users\user1\SimplicityStudio\v4_workspace\BLE LCD\platform\radio\rail_lib\autogen\librail_release\librail_efr32xg13_gcc_release.a(bufc.o)
                0x00011a40                BUFC_RxBufferReset
 .text.BUFC_Init
                0x00011a9c       0x50 C:\Users\user1\SimplicityStudio\v4_workspace\BLE LCD\platform\radio\rail_lib\autogen\librail_release\librail_efr32xg13_gcc_release.a(bufc.o)
                0x00011a9c                BUFC_Init
 .text.BUFC_ReleaseRxPacket
                0x00011aec      0x118 C:\Users\user1\SimplicityStudio\v4_workspace\BLE LCD\platform\radio\rail_lib\autogen\librail_release\librail_efr32xg13_gcc_release.a(bufc.o)
                0x00011aec                BUFC_ReleaseRxPacket
 .text.BUFC_StartRxLenThrEvent
                0x00011c04       0x50 C:\Users\user1\SimplicityStudio\v4_workspace\BLE LCD\platform\radio\rail_lib\autogen\librail_release\librail_efr32xg13_gcc_release.a(bufc.o)
                0x00011c04                BUFC_StartRxLenThrEvent
 .text.BUFC_EndRxLenThrEvent
                0x00011c54       0x1c C:\Users\user1\SimplicityStudio\v4_workspace\BLE LCD\platform\radio\rail_lib\autogen\librail_release\librail_efr32xg13_gcc_release.a(bufc.o)
                0x00011c54                BUFC_EndRxLenThrEvent
 .text.BUFC_HandleRxLenOvfEvent
                0x00011c70       0x30 C:\Users\user1\SimplicityStudio\v4_workspace\BLE LCD\platform\radio\rail_lib\autogen\librail_release\librail_efr32xg13_gcc_release.a(bufc.o)
                0x00011c70                BUFC_HandleRxLenOvfEvent
 .text.BUFC_GetRxPacketInfo
                0x00011ca0      0x168 C:\Users\user1\SimplicityStudio\v4_workspace\BLE LCD\platform\radio\rail_lib\autogen\librail_release\librail_efr32xg13_gcc_release.a(bufc.o)
                0x00011ca0                BUFC_GetRxPacketInfo
 .text.IRCAL_Set
                0x00011e08       0x1c C:\Users\user1\SimplicityStudio\v4_workspace\BLE LCD\platform\radio\rail_lib\autogen\librail_release\librail_efr32xg13_gcc_release.a(ir_cal.o)
                0x00011e08                IRCAL_Set
 .text.getRampTimeFromLevelAndRate
                0x00011e24       0x20 C:\Users\user1\SimplicityStudio\v4_workspace\BLE LCD\platform\radio\rail_lib\autogen\librail_release\librail_efr32xg13_gcc_release.a(pa.o)
 .text.PA_ProtectPa
                0x00011e44       0xa0 C:\Users\user1\SimplicityStudio\v4_workspace\BLE LCD\platform\radio\rail_lib\autogen\librail_release\librail_efr32xg13_gcc_release.a(pa.o)
 .text.PA_GetTxPowerConfig
                0x00011ee4       0x14 C:\Users\user1\SimplicityStudio\v4_workspace\BLE LCD\platform\radio\rail_lib\autogen\librail_release\librail_efr32xg13_gcc_release.a(pa.o)
                0x00011ee4                PA_GetTxPowerConfig
 .text.PA_GetPowerLevel
                0x00011ef8        0xc C:\Users\user1\SimplicityStudio\v4_workspace\BLE LCD\platform\radio\rail_lib\autogen\librail_release\librail_efr32xg13_gcc_release.a(pa.o)
                0x00011ef8                PA_GetPowerLevel
 .text.PA_SetPowerLevel
                0x00011f04      0x178 C:\Users\user1\SimplicityStudio\v4_workspace\BLE LCD\platform\radio\rail_lib\autogen\librail_release\librail_efr32xg13_gcc_release.a(pa.o)
                0x00011f04                PA_SetPowerLevel
 .text.PA_RunPeakDetectorHigh
                0x0001207c       0x40 C:\Users\user1\SimplicityStudio\v4_workspace\BLE LCD\platform\radio\rail_lib\autogen\librail_release\librail_efr32xg13_gcc_release.a(pa.o)
                0x0001207c                PA_RunPeakDetectorHigh
 .text.PA_RunPeakDetectorLow
                0x000120bc        0x2 C:\Users\user1\SimplicityStudio\v4_workspace\BLE LCD\platform\radio\rail_lib\autogen\librail_release\librail_efr32xg13_gcc_release.a(pa.o)
                0x000120bc                PA_RunPeakDetectorLow
 *fill*         0x000120be        0x2 
 .text.PA_RunBatHigh
                0x000120c0       0x2c C:\Users\user1\SimplicityStudio\v4_workspace\BLE LCD\platform\radio\rail_lib\autogen\librail_release\librail_efr32xg13_gcc_release.a(pa.o)
                0x000120c0                PA_RunBatHigh
 .text.PA_GetRampTime
                0x000120ec        0xc C:\Users\user1\SimplicityStudio\v4_workspace\BLE LCD\platform\radio\rail_lib\autogen\librail_release\librail_efr32xg13_gcc_release.a(pa.o)
                0x000120ec                PA_GetRampTime
 .text.PA_CalcRampTime
                0x000120f8       0x3c C:\Users\user1\SimplicityStudio\v4_workspace\BLE LCD\platform\radio\rail_lib\autogen\librail_release\librail_efr32xg13_gcc_release.a(pa.o)
                0x000120f8                PA_CalcRampTime
 .text.PA_SetRampTime
                0x00012134      0x100 C:\Users\user1\SimplicityStudio\v4_workspace\BLE LCD\platform\radio\rail_lib\autogen\librail_release\librail_efr32xg13_gcc_release.a(pa.o)
                0x00012134                PA_SetRampTime
 .text.PA_SetCTune
                0x00012234       0x34 C:\Users\user1\SimplicityStudio\v4_workspace\BLE LCD\platform\radio\rail_lib\autogen\librail_release\librail_efr32xg13_gcc_release.a(pa.o)
                0x00012234                PA_SetCTune
 .text.PA_SelectBand
                0x00012268       0x38 C:\Users\user1\SimplicityStudio\v4_workspace\BLE LCD\platform\radio\rail_lib\autogen\librail_release\librail_efr32xg13_gcc_release.a(pa.o)
                0x00012268                PA_SelectBand
 .text.PA_Config
                0x000122a0      0x114 C:\Users\user1\SimplicityStudio\v4_workspace\BLE LCD\platform\radio\rail_lib\autogen\librail_release\librail_efr32xg13_gcc_release.a(pa.o)
                0x000122a0                PA_Config
 .text.PA_UpdateConfig
                0x000123b4       0x38 C:\Users\user1\SimplicityStudio\v4_workspace\BLE LCD\platform\radio\rail_lib\autogen\librail_release\librail_efr32xg13_gcc_release.a(pa.o)
                0x000123b4                PA_UpdateConfig
 .text.PROTIMER_Init
                0x000123ec       0xe4 C:\Users\user1\SimplicityStudio\v4_workspace\BLE LCD\platform\radio\rail_lib\autogen\librail_release\librail_efr32xg13_gcc_release.a(protimer.o)
                0x000123ec                PROTIMER_Init
 .text.PROTIMER_Start
                0x000124d0       0x1c C:\Users\user1\SimplicityStudio\v4_workspace\BLE LCD\platform\radio\rail_lib\autogen\librail_release\librail_efr32xg13_gcc_release.a(protimer.o)
                0x000124d0                PROTIMER_Start
 .text.PROTIMER_ElapsedTime
                0x000124ec       0x40 C:\Users\user1\SimplicityStudio\v4_workspace\BLE LCD\platform\radio\rail_lib\autogen\librail_release\librail_efr32xg13_gcc_release.a(protimer.o)
                0x000124ec                PROTIMER_ElapsedTime
 .text.PROTIMER_CCTimerStop
                0x0001252c       0x20 C:\Users\user1\SimplicityStudio\v4_workspace\BLE LCD\platform\radio\rail_lib\autogen\librail_release\librail_efr32xg13_gcc_release.a(protimer.o)
                0x0001252c                PROTIMER_CCTimerStop
 .text.PROTIMER_CCTimerIsEnabled
                0x0001254c       0x14 C:\Users\user1\SimplicityStudio\v4_workspace\BLE LCD\platform\radio\rail_lib\autogen\librail_release\librail_efr32xg13_gcc_release.a(protimer.o)
                0x0001254c                PROTIMER_CCTimerIsEnabled
 .text.PROTIMER_CCTimerCapture
                0x00012560       0x18 C:\Users\user1\SimplicityStudio\v4_workspace\BLE LCD\platform\radio\rail_lib\autogen\librail_release\librail_efr32xg13_gcc_release.a(protimer.o)
                0x00012560                PROTIMER_CCTimerCapture
 .text.PROTIMER_ClearRxEnable
                0x00012578       0x10 C:\Users\user1\SimplicityStudio\v4_workspace\BLE LCD\platform\radio\rail_lib\autogen\librail_release\librail_efr32xg13_gcc_release.a(protimer.o)
                0x00012578                PROTIMER_ClearRxEnable
 .text.PROTIMER_GetTime
                0x00012588       0x38 C:\Users\user1\SimplicityStudio\v4_workspace\BLE LCD\platform\radio\rail_lib\autogen\librail_release\librail_efr32xg13_gcc_release.a(protimer.o)
                0x00012588                PROTIMER_GetTime
 .text.PROTIMER_GetCCTime
                0x000125c0       0x44 C:\Users\user1\SimplicityStudio\v4_workspace\BLE LCD\platform\radio\rail_lib\autogen\librail_release\librail_efr32xg13_gcc_release.a(protimer.o)
                0x000125c0                PROTIMER_GetCCTime
 .text.PROTIMER_LBTStop
                0x00012604       0x18 C:\Users\user1\SimplicityStudio\v4_workspace\BLE LCD\platform\radio\rail_lib\autogen\librail_release\librail_efr32xg13_gcc_release.a(protimer.o)
                0x00012604                PROTIMER_LBTStop
 .text.PROTIMER_PrecntOverflowToUs
                0x0001261c       0x34 C:\Users\user1\SimplicityStudio\v4_workspace\BLE LCD\platform\radio\rail_lib\autogen\librail_release\librail_efr32xg13_gcc_release.a(protimer.o)
                0x0001261c                PROTIMER_PrecntOverflowToUs
 .text.PROTIMER_GetUsTime
                0x00012650       0x18 C:\Users\user1\SimplicityStudio\v4_workspace\BLE LCD\platform\radio\rail_lib\autogen\librail_release\librail_efr32xg13_gcc_release.a(protimer.o)
                0x00012650                PROTIMER_GetUsTime
 .text.PROTIMER_GetUsFromRawWrap
                0x00012668       0x2e C:\Users\user1\SimplicityStudio\v4_workspace\BLE LCD\platform\radio\rail_lib\autogen\librail_release\librail_efr32xg13_gcc_release.a(protimer.o)
                0x00012668                PROTIMER_GetUsFromRawWrap
 *fill*         0x00012696        0x2 
 .text.PROTIMER_UsToPrecntOverflow
                0x00012698       0x40 C:\Users\user1\SimplicityStudio\v4_workspace\BLE LCD\platform\radio\rail_lib\autogen\librail_release\librail_efr32xg13_gcc_release.a(protimer.o)
                0x00012698                PROTIMER_UsToPrecntOverflow
 .text.PROTIMER_CCTimerStart
                0x000126d8      0x1a8 C:\Users\user1\SimplicityStudio\v4_workspace\BLE LCD\platform\radio\rail_lib\autogen\librail_release\librail_efr32xg13_gcc_release.a(protimer.o)
                0x000126d8                PROTIMER_CCTimerStart
 .text.PROTIMER_ScheduleTxEnable
                0x00012880       0x28 C:\Users\user1\SimplicityStudio\v4_workspace\BLE LCD\platform\radio\rail_lib\autogen\librail_release\librail_efr32xg13_gcc_release.a(protimer.o)
                0x00012880                PROTIMER_ScheduleTxEnable
 .text.PROTIMER_ScheduleRxEnable
                0x000128a8       0x28 C:\Users\user1\SimplicityStudio\v4_workspace\BLE LCD\platform\radio\rail_lib\autogen\librail_release\librail_efr32xg13_gcc_release.a(protimer.o)
                0x000128a8                PROTIMER_ScheduleRxEnable
 .text.PROTIMER_ScheduleRxDisable
                0x000128d0       0x34 C:\Users\user1\SimplicityStudio\v4_workspace\BLE LCD\platform\radio\rail_lib\autogen\librail_release\librail_efr32xg13_gcc_release.a(protimer.o)
                0x000128d0                PROTIMER_ScheduleRxDisable
 .text.PROTIMER_DelayUs
                0x00012904       0x16 C:\Users\user1\SimplicityStudio\v4_workspace\BLE LCD\platform\radio\rail_lib\autogen\librail_release\librail_efr32xg13_gcc_release.a(protimer.o)
                0x00012904                PROTIMER_DelayUs
 *fill*         0x0001291a        0x2 
 .text.PTI_EnableAppendedInfo
                0x0001291c       0x18 C:\Users\user1\SimplicityStudio\v4_workspace\BLE LCD\platform\radio\rail_lib\autogen\librail_release\librail_efr32xg13_gcc_release.a(pti.o)
                0x0001291c                PTI_EnableAppendedInfo
 .text.PTI_Enable
                0x00012934       0x50 C:\Users\user1\SimplicityStudio\v4_workspace\BLE LCD\platform\radio\rail_lib\autogen\librail_release\librail_efr32xg13_gcc_release.a(pti.o)
                0x00012934                PTI_Enable
 .text.PTI_AuxdataOutput
                0x00012984       0x1c C:\Users\user1\SimplicityStudio\v4_workspace\BLE LCD\platform\radio\rail_lib\autogen\librail_release\librail_efr32xg13_gcc_release.a(pti.o)
                0x00012984                PTI_AuxdataOutput
 .text.PTI_EnableSyncword
                0x000129a0       0x18 C:\Users\user1\SimplicityStudio\v4_workspace\BLE LCD\platform\radio\rail_lib\autogen\librail_release\librail_efr32xg13_gcc_release.a(pti.o)
                0x000129a0                PTI_EnableSyncword
 .text.RADIO_SetAndForgetWrite
                0x000129b8       0x74 C:\Users\user1\SimplicityStudio\v4_workspace\BLE LCD\platform\radio\rail_lib\autogen\librail_release\librail_efr32xg13_gcc_release.a(radio.o)
                0x000129b8                RADIO_SetAndForgetWrite
 .text.RADIO_RewriteCcTableData
                0x00012a2c       0x34 C:\Users\user1\SimplicityStudio\v4_workspace\BLE LCD\platform\radio\rail_lib\autogen\librail_release\librail_efr32xg13_gcc_release.a(radio.o)
                0x00012a2c                RADIO_RewriteCcTableData
 .text.RADIO_SeqInit
                0x00012a60       0x64 C:\Users\user1\SimplicityStudio\v4_workspace\BLE LCD\platform\radio\rail_lib\autogen\librail_release\librail_efr32xg13_gcc_release.a(radio.o)
                0x00012a60                RADIO_SeqInit
 .text.RADIO_ClockEnable
                0x00012ac4       0x14 C:\Users\user1\SimplicityStudio\v4_workspace\BLE LCD\platform\radio\rail_lib\autogen\librail_release\librail_efr32xg13_gcc_release.a(radio.o)
                0x00012ac4                RADIO_ClockEnable
 .text.RADIO_Init
                0x00012ad8       0x5c C:\Users\user1\SimplicityStudio\v4_workspace\BLE LCD\platform\radio\rail_lib\autogen\librail_release\librail_efr32xg13_gcc_release.a(radio.o)
                0x00012ad8                RADIO_Init
 .text.RADIO_ClockPrescGet
                0x00012b34       0x10 C:\Users\user1\SimplicityStudio\v4_workspace\BLE LCD\platform\radio\rail_lib\autogen\librail_release\librail_efr32xg13_gcc_release.a(radio.o)
                0x00012b34                RADIO_ClockPrescGet
 .text.RADIO_ClockFreqGet
                0x00012b44       0x14 C:\Users\user1\SimplicityStudio\v4_workspace\BLE LCD\platform\radio\rail_lib\autogen\librail_release\librail_efr32xg13_gcc_release.a(radio.o)
                0x00012b44                RADIO_ClockFreqGet
 .text.RADIO_Config
                0x00012b58       0xb0 C:\Users\user1\SimplicityStudio\v4_workspace\BLE LCD\platform\radio\rail_lib\autogen\librail_release\librail_efr32xg13_gcc_release.a(radio.o)
                0x00012b58                RADIO_Config
 .text.RADIO_IsRxOnForRssi
                0x00012c08       0x18 C:\Users\user1\SimplicityStudio\v4_workspace\BLE LCD\platform\radio\rail_lib\autogen\librail_release\librail_efr32xg13_gcc_release.a(radio.o)
                0x00012c08                RADIO_IsRxOnForRssi
 .text.RADIO_RxTrailDataLength
                0x00012c20       0x3c C:\Users\user1\SimplicityStudio\v4_workspace\BLE LCD\platform\radio\rail_lib\autogen\librail_release\librail_efr32xg13_gcc_release.a(radio.o)
                0x00012c20                RADIO_RxTrailDataLength
 .text.RADIO_ComputeTxBaudrate
                0x00012c5c       0x24 C:\Users\user1\SimplicityStudio\v4_workspace\BLE LCD\platform\radio\rail_lib\autogen\librail_release\librail_efr32xg13_gcc_release.a(radio.o)
                0x00012c5c                RADIO_ComputeTxBaudrate
 .text.RADIO_ComputeTxSymbolRate
                0x00012c80       0x54 C:\Users\user1\SimplicityStudio\v4_workspace\BLE LCD\platform\radio\rail_lib\autogen\librail_release\librail_efr32xg13_gcc_release.a(radio.o)
                0x00012c80                RADIO_ComputeTxSymbolRate
 .text.RADIO_ComputeTxBitRate
                0x00012cd4       0x44 C:\Users\user1\SimplicityStudio\v4_workspace\BLE LCD\platform\radio\rail_lib\autogen\librail_release\librail_efr32xg13_gcc_release.a(radio.o)
                0x00012cd4                RADIO_ComputeTxBitRate
 .text.RADIO_GetRssi
                0x00012d18       0x64 C:\Users\user1\SimplicityStudio\v4_workspace\BLE LCD\platform\radio\rail_lib\autogen\librail_release\librail_efr32xg13_gcc_release.a(radio.o)
                0x00012d18                RADIO_GetRssi
 .text.RADIO_SetCRCInitVal
                0x00012d7c       0x10 C:\Users\user1\SimplicityStudio\v4_workspace\BLE LCD\platform\radio\rail_lib\autogen\librail_release\librail_efr32xg13_gcc_release.a(radio.o)
                0x00012d7c                RADIO_SetCRCInitVal
 .text.RADIO_RACClearRxOverflow
                0x00012d8c       0x20 C:\Users\user1\SimplicityStudio\v4_workspace\BLE LCD\platform\radio\rail_lib\autogen\librail_release\librail_efr32xg13_gcc_release.a(radio.o)
                0x00012d8c                RADIO_RACClearRxOverflow
 .text.RFSENSE_IRQHandler