Archive member included because of file (symbol)

C:\Users\user1\SimplicityStudio\v4_workspace\BLE\platform\radio\rail_lib\autogen\librail_release\librail_efr32xg13_gcc_release.a(rail_pti.o)
                              ./pti.o (RAIL_ConfigPti)
C:\Users\user1\SimplicityStudio\v4_workspace\BLE\platform\radio\rail_lib\autogen\librail_release\librail_efr32xg13_gcc_release.a(rail_rf_hal.o)
                              C:\Users\user1\SimplicityStudio\v4_workspace\BLE\platform\radio\rail_lib\autogen\librail_release\librail_efr32xg13_gcc_release.a(rail_pti.o) (RFHAL_ConfigPti)
C:\Users\user1\SimplicityStudio\v4_workspace\BLE\platform\radio\rail_lib\autogen\librail_release\librail_efr32xg13_gcc_release.a(rail_ieee802154_rf_hal.o)
                              C:\Users\user1\SimplicityStudio\v4_workspace\BLE\platform\radio\rail_lib\autogen\librail_release\librail_efr32xg13_gcc_release.a(rail_rf_hal.o) (RFHAL_IEEE802154IsEnabled)
C:\Users\user1\SimplicityStudio\v4_workspace\BLE\platform\radio\rail_lib\autogen\librail_release\librail_efr32xg13_gcc_release.a(ieee802154_efr32xg13_configurator_out.o)
                              C:\Users\user1\SimplicityStudio\v4_workspace\BLE\platform\radio\rail_lib\autogen\librail_release\librail_efr32xg13_gcc_release.a(rail_ieee802154_rf_hal.o) (ieee802154_coherent_min)
C:\Users\user1\SimplicityStudio\v4_workspace\BLE\platform\radio\rail_lib\autogen\librail_release\librail_efr32xg13_gcc_release.a(ieee802154_gb868_efr32xg13_configurator_out.o)
                              C:\Users\user1\SimplicityStudio\v4_workspace\BLE\platform\radio\rail_lib\autogen\librail_release\librail_efr32xg13_gcc_release.a(rail_ieee802154_rf_hal.o) (ieee802154_gb868_config_915_min)
C:\Users\user1\SimplicityStudio\v4_workspace\BLE\platform\radio\rail_lib\autogen\librail_release\librail_efr32xg13_gcc_release.a(rail_ble_rf_hal.o)
                              C:\Users\user1\SimplicityStudio\v4_workspace\BLE\platform\radio\rail_lib\autogen\librail_release\librail_efr32xg13_gcc_release.a(rail_rf_hal.o) (RFHAL_IsBleLongRangeEnabled)
C:\Users\user1\SimplicityStudio\v4_workspace\BLE\platform\radio\rail_lib\autogen\librail_release\librail_efr32xg13_gcc_release.a(ble_efr32xg13_configurator_out.o)
                              C:\Users\user1\SimplicityStudio\v4_workspace\BLE\platform\radio\rail_lib\autogen\librail_release\librail_efr32xg13_gcc_release.a(rail_ble_rf_hal.o) (ble_viterbi2M_min)
C:\Users\user1\SimplicityStudio\v4_workspace\BLE\platform\radio\rail_lib\autogen\librail_release\librail_efr32xg13_gcc_release.a(rail_singleprotocol.o)
                              C:\Users\user1\SimplicityStudio\v4_workspace\BLE\platform\radio\rail_lib\autogen\librail_release\librail_efr32xg13_gcc_release.a(rail_rf_hal.o) (RAIL_ActiveHandle)
C:\Users\user1\SimplicityStudio\v4_workspace\BLE\platform\radio\rail_lib\autogen\librail_release\librail_efr32xg13_gcc_release.a(rail_rf.o)
                              C:\Users\user1\SimplicityStudio\v4_workspace\BLE\platform\radio\rail_lib\autogen\librail_release\librail_efr32xg13_gcc_release.a(rail_singleprotocol.o) (RAILCore_Init)
C:\Users\user1\SimplicityStudio\v4_workspace\BLE\platform\radio\rail_lib\autogen\librail_release\librail_efr32xg13_gcc_release.a(rail_rx.o)
                              C:\Users\user1\SimplicityStudio\v4_workspace\BLE\platform\radio\rail_lib\autogen\librail_release\librail_efr32xg13_gcc_release.a(rail_rf_hal.o) (RAILCore_StartRx)
C:\Users\user1\SimplicityStudio\v4_workspace\BLE\platform\radio\rail_lib\autogen\librail_release\librail_efr32xg13_gcc_release.a(rail_tx.o)
                              C:\Users\user1\SimplicityStudio\v4_workspace\BLE\platform\radio\rail_lib\autogen\librail_release\librail_efr32xg13_gcc_release.a(rail_singleprotocol.o) (RAILCore_StartTxStream)
C:\Users\user1\SimplicityStudio\v4_workspace\BLE\platform\radio\rail_lib\autogen\librail_release\librail_efr32xg13_gcc_release.a(rail_calibration.o)
                              C:\Users\user1\SimplicityStudio\v4_workspace\BLE\platform\radio\rail_lib\autogen\librail_release\librail_efr32xg13_gcc_release.a(rail_rf_hal.o) (RAILInt_PendCal)
C:\Users\user1\SimplicityStudio\v4_workspace\BLE\platform\radio\rail_lib\autogen\librail_release\librail_efr32xg13_gcc_release.a(rail_data.o)
                              C:\Users\user1\SimplicityStudio\v4_workspace\BLE\platform\radio\rail_lib\autogen\librail_release\librail_efr32xg13_gcc_release.a(rail_rf_hal.o) (RAILCb_SetupRxFifo)
C:\Users\user1\SimplicityStudio\v4_workspace\BLE\platform\radio\rail_lib\autogen\librail_release\librail_efr32xg13_gcc_release.a(rail_assert.o)
                              C:\Users\user1\SimplicityStudio\v4_workspace\BLE\platform\radio\rail_lib\autogen\librail_release\librail_efr32xg13_gcc_release.a(rail_rf.o) (RAILInt_Assert)
C:\Users\user1\SimplicityStudio\v4_workspace\BLE\platform\radio\rail_lib\autogen\librail_release\librail_efr32xg13_gcc_release.a(rail_rssi.o)
[...]
Memory Configuration

Name             Origin             Length             Attributes
FLASH_BOOTLOADER 0x0fe10000         0x00004000         xr
FLASH            0x00000000         0x0007f000         xr
RAM              0x20000000         0x00010000         xrw
*default*        0x00000000         0xffffffff

Linker script and memory map

LOAD c:/siliconlabs/simplicitystudio/v4/developer/toolchains/gnu_arm/4.9_2015q3/bin/../lib/gcc/arm-none-eabi/4.9.3/armv7e-m/softfp/crti.o
LOAD c:/siliconlabs/simplicitystudio/v4/developer/toolchains/gnu_arm/4.9_2015q3/bin/../lib/gcc/arm-none-eabi/4.9.3/armv7e-m/softfp/crtbegin.o
LOAD c:/siliconlabs/simplicitystudio/v4/developer/toolchains/gnu_arm/4.9_2015q3/bin/../lib/gcc/arm-none-eabi/4.9.3/../../../../arm-none-eabi/lib/armv7e-m/softfp/crt0.o
START GROUP
LOAD ./application_properties.o
LOAD ./gatt_db.o
LOAD ./init_app.o
LOAD ./init_board.o
LOAD ./init_mcu.o
LOAD ./main.o
LOAD ./pti.o
LOAD ./hardware/kit/common/bsp/bsp_stk.o
LOAD ./hardware/kit/common/drivers/i2cspm.o
LOAD ./hardware/kit/common/drivers/mx25flash_spi.o
LOAD ./hardware/kit/common/drivers/si7013.o
LOAD ./hardware/kit/common/drivers/tempsens.o
LOAD ./hardware/kit/common/drivers/udelay.o
LOAD ./platform/Device/SiliconLabs/EFR32BG13P/Source/GCC/startup_efr32bg13p.o
LOAD ./platform/Device/SiliconLabs/EFR32BG13P/Source/system_efr32bg13p.o
LOAD ./platform/emdrv/sleep/src/sleep.o
LOAD ./platform/emlib/src/em_acmp.o
LOAD ./platform/emlib/src/em_adc.o
LOAD ./platform/emlib/src/em_aes.o
LOAD ./platform/emlib/src/em_assert.o
LOAD ./platform/emlib/src/em_burtc.o
LOAD ./platform/emlib/src/em_can.o
LOAD ./platform/emlib/src/em_cmu.o
LOAD ./platform/emlib/src/em_core.o
LOAD ./platform/emlib/src/em_cryotimer.o
LOAD ./platform/emlib/src/em_crypto.o
LOAD ./platform/emlib/src/em_csen.o
LOAD ./platform/emlib/src/em_dac.o
LOAD ./platform/emlib/src/em_dbg.o
LOAD ./platform/emlib/src/em_dma.o
LOAD ./platform/emlib/src/em_ebi.o
LOAD ./platform/emlib/src/em_emu.o
LOAD ./platform/emlib/src/em_gpcrc.o
LOAD ./platform/emlib/src/em_gpio.o
LOAD ./platform/emlib/src/em_i2c.o
LOAD ./platform/emlib/src/em_idac.o
LOAD ./platform/emlib/src/em_int.o
LOAD ./platform/emlib/src/em_lcd.o
LOAD ./platform/emlib/src/em_ldma.o
LOAD ./platform/emlib/src/em_lesense.o
LOAD ./platform/emlib/src/em_letimer.o
LOAD ./platform/emlib/src/em_leuart.o
LOAD ./platform/emlib/src/em_mpu.o
LOAD ./platform/emlib/src/em_msc.o
LOAD ./platform/emlib/src/em_opamp.o
LOAD ./platform/emlib/src/em_pcnt.o
LOAD ./platform/emlib/src/em_prs.o
LOAD ./platform/emlib/src/em_qspi.o
LOAD ./platform/emlib/src/em_rmu.o
LOAD ./platform/emlib/src/em_rtc.o
LOAD ./platform/emlib/src/em_rtcc.o
LOAD ./platform/emlib/src/em_system.o
LOAD ./platform/emlib/src/em_timer.o
LOAD ./platform/emlib/src/em_usart.o
LOAD ./platform/emlib/src/em_vcmp.o
LOAD ./platform/emlib/src/em_vdac.o
LOAD ./platform/emlib/src/em_wdog.o
LOAD ./src/cmu.o
LOAD ./src/gpio.o
LOAD ./src/i2c.o
LOAD ./src/letimer.o
LOAD ./src/slp.o
LOAD ./src/tempsensor.o
LOAD ./src/timer.o
LOAD C:\Users\user1\SimplicityStudio\v4_workspace\BLE\platform\radio\rail_lib\autogen\librail_release\librail_efr32xg13_gcc_release.a
LOAD C:\Users\user1\SimplicityStudio\v4_workspace\BLE\protocol\bluetooth\lib\EFR32BG13P\GCC\binapploader.o
LOAD C:\Users\user1\SimplicityStudio\v4_workspace\BLE\protocol\bluetooth\lib\EFR32BG13P\GCC\libbluetooth.a
LOAD C:\Users\user1\SimplicityStudio\v4_workspace\BLE\protocol\bluetooth\lib\EFR32BG13P\GCC\libpsstore.a
LOAD C:\Users\user1\SimplicityStudio\v4_workspace\BLE\protocol\bluetooth\lib\EFR32BG13P\GCC\libmbedtls.a
LOAD c:/siliconlabs/simplicitystudio/v4/developer/toolchains/gnu_arm/4.9_2015q3/bin/../lib/gcc/arm-none-eabi/4.9.3/../../../../arm-none-eabi/lib/armv7e-m/softfp\libm.a
END GROUP
START GROUP
LOAD c:/siliconlabs/simplicitystudio/v4/developer/toolchains/gnu_arm/4.9_2015q3/bin/../lib/gcc/arm-none-eabi/4.9.3/armv7e-m/softfp\libgcc.a
LOAD c:/siliconlabs/simplicitystudio/v4/developer/toolchains/gnu_arm/4.9_2015q3/bin/../lib/gcc/arm-none-eabi/4.9.3/../../../../arm-none-eabi/lib/armv7e-m/softfp\libc_nano.a
LOAD c:/siliconlabs/simplicitystudio/v4/developer/toolchains/gnu_arm/4.9_2015q3/bin/../lib/gcc/arm-none-eabi/4.9.3/../../../../arm-none-eabi/lib/armv7e-m/softfp\libnosys.a
END GROUP
START GROUP
LOAD c:/siliconlabs/simplicitystudio/v4/developer/toolchains/gnu_arm/4.9_2015q3/bin/../lib/gcc/arm-none-eabi/4.9.3/armv7e-m/softfp\libgcc.a
LOAD c:/siliconlabs/simplicitystudio/v4/developer/toolchains/gnu_arm/4.9_2015q3/bin/../lib/gcc/arm-none-eabi/4.9.3/../../../../arm-none-eabi/lib/armv7e-m/softfp\libg_nano.a
LOAD c:/siliconlabs/simplicitystudio/v4/developer/toolchains/gnu_arm/4.9_2015q3/bin/../lib/gcc/arm-none-eabi/4.9.3/../../../../arm-none-eabi/lib/armv7e-m/softfp\libc_nano.a
END GROUP
START GROUP
LOAD c:/siliconlabs/simplicitystudio/v4/developer/toolchains/gnu_arm/4.9_2015q3/bin/../lib/gcc/arm-none-eabi/4.9.3/armv7e-m/softfp\libgcc.a
LOAD c:/siliconlabs/simplicitystudio/v4/developer/toolchains/gnu_arm/4.9_2015q3/bin/../lib/gcc/arm-none-eabi/4.9.3/../../../../arm-none-eabi/lib/armv7e-m/softfp\libc_nano.a
END GROUP
LOAD c:/siliconlabs/simplicitystudio/v4/developer/toolchains/gnu_arm/4.9_2015q3/bin/../lib/gcc/arm-none-eabi/4.9.3/armv7e-m/softfp/crtend.o
LOAD c:/siliconlabs/simplicitystudio/v4/developer/toolchains/gnu_arm/4.9_2015q3/bin/../lib/gcc/arm-none-eabi/4.9.3/armv7e-m/softfp/crtn.o

.text_bootloader
                0x0fe10000        0x0
 *(.binbootloader*)
                0x0fe10000                . = ALIGN (0x4000)

.text_apploader
                0x00000000     0x8fc0
 *(.binapploader*)
 .binapploader  0x00000000     0x8fc0 C:\Users\user1\SimplicityStudio\v4_workspace\BLE\protocol\bluetooth\lib\EFR32BG13P\GCC\binapploader.o

.text_signature
                0x00008fc0       0x40
                0x00009000                . = ALIGN (0x800)
 *fill*         0x00008fc0       0x40 
                0x00009000                __text_start__ = .

.text_application
                0x00009000    0x248fc
 *(.vectors)
 .vectors       0x00009000       0xfc ./platform/Device/SiliconLabs/EFR32BG13P/Source/GCC/startup_efr32bg13p.o
                0x00009000                __Vectors
                0x000090fc                __Vectors_End = .
                0x000000fc                __Vectors_Size = (__Vectors_End - __Vectors)
                0x000090fc                __end__ = .
 *(.application_properties)
 .application_properties
                0x000090fc       0x38 ./application_properties.o
                0x000090fc                applicationProperties
 *(.gecko_configuration)
 *(.xo_configuration)
 *(.gatt_header)
 .gatt_header   0x00009134       0x34 ./gatt_db.o
                0x00009134                bg_gattdb_data
 *(.gatt_data)
 .gatt_data     0x00009168      0x205 ./gatt_db.o
                0x00009168                bg_gattdb_data_uuidtable_16_map
                0x00009188                bg_gattdb_data_uuidtable_128_map
                0x000091a8                bg_gattdb_data_attribute_field_21
                0x000091b0                bg_gattdb_data_attribute_field_20
                0x000091b8                bg_gattdb_data_attribute_field_19
                0x000091bc                bg_gattdb_data_attribute_field_18
                0x000091c4                bg_gattdb_data_attribute_field_17
                0x000091dc                bg_gattdb_data_attribute_field_16
                0x000091f0                bg_gattdb_data_attribute_field_14
                0x000091f8                bg_gattdb_data_attribute_field_13
                0x00009200                bg_gattdb_data_attribute_field_12
                0x00009204                bg_gattdb_data_attribute_field_11
                0x00009214                bg_gattdb_data_attribute_field_10
                0x0000921c                bg_gattdb_data_attribute_field_9
                0x00009220                bg_gattdb_data_attribute_field_8
                0x00009224                bg_gattdb_data_attribute_field_7
                0x0000922c                bg_gattdb_data_attribute_field_6
                0x00009234                bg_gattdb_data_attribute_field_5
                0x0000923c                bg_gattdb_data_attribute_field_4
                0x00009240                bg_gattdb_data_attribute_field_2
                0x00009248                bg_gattdb_data_attribute_field_1
                0x00009250                bg_gattdb_data_attribute_field_0
                0x00009254                bg_gattdb_data_attributes_map
                0x0000935c                bg_gattdb_data_attributes_dynamic_mapping_map
                0x00009368                bg_gattdb_data_adv_uuid16_map
                0x0000936c                bg_gattdb_data_adv_uuid128_map
 *(.text*)
 *fill*         0x0000936d        0x3 
 .text          0x00009370       0x5c c:/siliconlabs/simplicitystudio/v4/developer/toolchains/gnu_arm/4.9_2015q3/bin/../lib/gcc/arm-none-eabi/4.9.3/armv7e-m/softfp/crtbegin.o
 .text          0x000093cc       0x74 c:/siliconlabs/simplicitystudio/v4/developer/toolchains/gnu_arm/4.9_2015q3/bin/../lib/gcc/arm-none-eabi/4.9.3/../../../../arm-none-eabi/lib/armv7e-m/softfp/crt0.o
                0x000093cc                _start
                0x000093cc                _mainCRTStartup
 .text.initApp  0x00009440       0x48 ./init_app.o
                0x00009440                initApp
 .text.initBoard
                0x00009488       0x48 ./init_board.o
                0x00009488                initBoard
 .text.CHIP_Init
                0x000094d0       0x1c ./init_mcu.o
 .text.initMcu  0x000094ec       0x94 ./init_mcu.o
                0x000094ec                initMcu
 .text.initMcu_clocks
                0x00009580       0xb0 ./init_mcu.o
 .text.gecko_initCoexHAL
                0x00009630        0xc ./main.o
 .text.gecko_init
                0x0000963c       0x44 ./main.o
 .text.gecko_cmd_system_reset
                0x00009680       0x5c ./main.o
 .text.gecko_cmd_system_set_tx_power
                0x000096dc       0x68 ./main.o
 .text.gecko_cmd_system_halt
                0x00009744       0x68 ./main.o
 .text.gecko_cmd_le_gap_set_advertise_timing
                0x000097ac       0x94 ./main.o
 .text.gecko_cmd_le_gap_start_advertising
                0x00009840       0x7c ./main.o
 .text.gecko_cmd_le_connection_set_parameters
                0x000098bc       0x98 ./main.o
 .text.gecko_cmd_le_connection_get_rssi
                0x00009954       0x68 ./main.o
 .text.gecko_cmd_le_connection_close
                0x000099bc       0x68 ./main.o
 .text.gecko_cmd_gatt_server_send_user_write_response
                0x00009a24       0x80 ./main.o
 .text.gecko_cmd_hardware_set_soft_timer
                0x00009aa4       0x78 ./main.o
 .text.main     0x00009b1c      0x238 ./main.o
                0x00009b1c                main
 .text.configEnablePti
                0x00009d54       0x48 ./pti.o
                0x00009d54                configEnablePti
 .text.BUS_RegMaskedSet
                0x00009d9c       0x24 ./hardware/kit/common/drivers/i2cspm.o
 .text.BUS_RegMaskedClear
                0x00009dc0       0x24 ./hardware/kit/common/drivers/i2cspm.o
 .text.GPIO_PinOutClear
                0x00009de4       0x58 ./hardware/kit/common/drivers/i2cspm.o
 .text.GPIO_PinOutSet
                0x00009e3c       0x58 ./hardware/kit/common/drivers/i2cspm.o
 .text.I2CSPM_Init
                0x00009e94       0xf0 ./hardware/kit/common/drivers/i2cspm.o
                0x00009e94                I2CSPM_Init
 .text.BUS_RegMaskedSet
                0x00009f84       0x24 ./hardware/kit/common/drivers/mx25flash_spi.o
 .text.BUS_RegMaskedClear
                0x00009fa8       0x24 ./hardware/kit/common/drivers/mx25flash_spi.o
 .text.GPIO_PinOutClear
                0x00009fcc       0x58 ./hardware/kit/common/drivers/mx25flash_spi.o
 .text.GPIO_PinOutSet
                0x0000a024       0x58 ./hardware/kit/common/drivers/mx25flash_spi.o
 .text.MX25_init
                0x0000a07c       0x98 ./hardware/kit/common/drivers/mx25flash_spi.o
                0x0000a07c                MX25_init
 .text.Wait_Flash_WarmUp
                0x0000a114       0x24 ./hardware/kit/common/drivers/mx25flash_spi.o
                0x0000a114                Wait_Flash_WarmUp
 .text.Initial_Spi
                0x0000a138        0xc ./hardware/kit/common/drivers/mx25flash_spi.o
                0x0000a138                Initial_Spi
 .text.CS_Low   0x0000a144       0x10 ./hardware/kit/common/drivers/mx25flash_spi.o
                0x0000a144                CS_Low
 .text.CS_High  0x0000a154       0x10 ./hardware/kit/common/drivers/mx25flash_spi.o
                0x0000a154                CS_High
 .text.InsertDummyCycle
                0x0000a164       0x38 ./hardware/kit/common/drivers/mx25flash_spi.o
                0x0000a164                InsertDummyCycle
 .text.SendByte
                0x0000a19c       0x3c ./hardware/kit/common/drivers/mx25flash_spi.o
                0x0000a19c                SendByte
 .text.MX25_DP  0x0000a1d8       0x34 ./hardware/kit/common/drivers/mx25flash_spi.o
                0x0000a1d8                MX25_DP
 .text.Reset_Handler
                0x0000a20c       0x4c ./platform/Device/SiliconLabs/EFR32BG13P/Source/GCC/startup_efr32bg13p.o
                0x0000a20c                Reset_Handler
 .text.Default_Handler
                0x0000a258        0x8 ./platform/Device/SiliconLabs/EFR32BG13P/Source/GCC/startup_efr32bg13p.o
                0x0000a258                DebugMon_Handler
                0x0000a258                USART0_TX_IRQHandler
                0x0000a258                I2C0_IRQHandler
                0x0000a258                HardFault_Handler
                0x0000a258                SysTick_Handler
                0x0000a258                USART1_RX_IRQHandler
                0x0000a258                PendSV_Handler
                0x0000a258                NMI_Handler
                0x0000a258                I2C1_IRQHandler
                0x0000a258                WTIMER0_IRQHandler
                0x0000a258                CRYPTO0_IRQHandler
                0x0000a258                WDOG0_IRQHandler
                0x0000a258                USART1_TX_IRQHandler
                0x0000a258                SMU_IRQHandler
                0x0000a258                MSC_IRQHandler
                0x0000a258                ADC0_IRQHandler
                0x0000a258                UsageFault_Handler
                0x0000a258                WDOG1_IRQHandler
                0x0000a258                LEUART0_IRQHandler
                0x0000a258                FPUEH_IRQHandler
                0x0000a258                GPIO_EVEN_IRQHandler
                0x0000a258                VDAC0_IRQHandler
                0x0000a258                LDMA_IRQHandler
                0x0000a258                CSEN_IRQHandler
                0x0000a258                CRYPTO1_IRQHandler
                0x0000a258                TIMER1_IRQHandler
                0x0000a258                TRNG0_IRQHandler
                0x0000a258                USART2_RX_IRQHandler
                0x0000a258                Default_Handler
                0x0000a258                EMU_IRQHandler
                0x0000a258                CRYOTIMER_IRQHandler
                0x0000a258                PCNT0_IRQHandler
                0x0000a258                ACMP0_IRQHandler
                0x0000a258                USART0_RX_IRQHandler
                0x0000a258                MemManage_Handler
                0x0000a258                SVC_Handler
                0x0000a258                RTCC_IRQHandler
                0x0000a258                CMU_IRQHandler
                0x0000a258                LESENSE_IRQHandler
                0x0000a258                GPIO_ODD_IRQHandler
                0x0000a258                BusFault_Handler
                0x0000a258                USART2_TX_IRQHandler
                0x0000a258                IDAC0_IRQHandler
 .text.SystemCoreClockGet
                0x0000a260       0x44 ./platform/Device/SiliconLabs/EFR32BG13P/Source/system_efr32bg13p.o
                0x0000a260                SystemCoreClockGet
 .text.SystemMaxCoreClockGet
                0x0000a2a4       0x14 ./platform/Device/SiliconLabs/EFR32BG13P/Source/system_efr32bg13p.o
                0x0000a2a4                SystemMaxCoreClockGet
 .text.SystemHFClockGet
                0x0000a2b8       0x70 ./platform/Device/SiliconLabs/EFR32BG13P/Source/system_efr32bg13p.o
                0x0000a2b8                SystemHFClockGet
 .text.SystemHFXOClockGet
                0x0000a328       0x18 ./platform/Device/SiliconLabs/EFR32BG13P/Source/system_efr32bg13p.o
                0x0000a328                SystemHFXOClockGet
 .text.SystemHFXOClockSet
                0x0000a340       0x30 ./platform/Device/SiliconLabs/EFR32BG13P/Source/system_efr32bg13p.o
                0x0000a340                SystemHFXOClockSet
 .text.SystemInit
                0x0000a370       0x20 ./platform/Device/SiliconLabs/EFR32BG13P/Source/system_efr32bg13p.o
                0x0000a370                SystemInit
 .text.SystemLFRCOClockGet
                0x0000a390       0x14 ./platform/Device/SiliconLabs/EFR32BG13P/Source/system_efr32bg13p.o
                0x0000a390                SystemLFRCOClockGet
 .text.SystemULFRCOClockGet
                0x0000a3a4       0x14 ./platform/Device/SiliconLabs/EFR32BG13P/Source/system_efr32bg13p.o
                0x0000a3a4                SystemULFRCOClockGet
 .text.SystemLFXOClockGet
                0x0000a3b8       0x18 ./platform/Device/SiliconLabs/EFR32BG13P/Source/system_efr32bg13p.o
                0x0000a3b8                SystemLFXOClockGet
 .text.SystemLFXOClockSet
                0x0000a3d0       0x30 ./platform/Device/SiliconLabs/EFR32BG13P/Source/system_efr32bg13p.o
                0x0000a3d0                SystemLFXOClockSet
 .text.BUS_RegBitWrite
                0x0000a400       0x2c ./platform/emdrv/sleep/src/sleep.o
 .text.EMU_EnterEM1
                0x0000a42c       0x20 ./platform/emdrv/sleep/src/sleep.o
 .text.EMU_EM2Block
                0x0000a44c       0x14 ./platform/emdrv/sleep/src/sleep.o
 .text.EMU_EM2UnBlock
                0x0000a460       0x14 ./platform/emdrv/sleep/src/sleep.o
 .text.sleepCallbackWrapper
                0x0000a474       0x2c ./platform/emdrv/sleep/src/sleep.o
 .text.SLEEP_Init
                0x0000a4a0       0x60 ./platform/emdrv/sleep/src/sleep.o
                0x0000a4a0                SLEEP_Init
 .text.SLEEP_Sleep
                0x0000a500       0x90 ./platform/emdrv/sleep/src/sleep.o
                0x0000a500                SLEEP_Sleep
 .text.SLEEP_SleepBlockBegin
                0x0000a590       0x48 ./platform/emdrv/sleep/src/sleep.o
                0x0000a590                SLEEP_SleepBlockBegin
 .text.SLEEP_SleepBlockEnd
                0x0000a5d8       0x58 ./platform/emdrv/sleep/src/sleep.o
                0x0000a5d8                SLEEP_SleepBlockEnd
 .text.SLEEP_LowestEnergyModeGet
                0x0000a630       0x40 ./platform/emdrv/sleep/src/sleep.o
                0x0000a630                SLEEP_LowestEnergyModeGet
 .text.enterEMx
                0x0000a670       0xa0 ./platform/emdrv/sleep/src/sleep.o
 .text.BUS_RegBitWrite
                0x0000a710       0x2c ./platform/emlib/src/em_cmu.o
 .text.BUS_RegBitRead
                0x0000a73c       0x2c ./platform/emlib/src/em_cmu.o
 .text.BUS_RegMaskedSet
                0x0000a768       0x24 ./platform/emlib/src/em_cmu.o
 .text.BUS_RegMaskedClear
                0x0000a78c       0x24 ./platform/emlib/src/em_cmu.o
 .text.BUS_RegMaskedWrite
                0x0000a7b0       0x24 ./platform/emlib/src/em_cmu.o
 .text.CMU_Log2ToDiv
                0x0000a7d4       0x1c ./platform/emlib/src/em_cmu.o
 .text.EMU_VScaleWait
                0x0000a7f0       0x1c ./platform/emlib/src/em_cmu.o
 .text.EMU_VScaleGet
                0x0000a80c       0x1c ./platform/emlib/src/em_cmu.o
 .text.setHfLeConfig
                0x0000a828       0x64 ./platform/emlib/src/em_cmu.o
 .text.auxClkGet
                0x0000a88c       0x20 ./platform/emlib/src/em_cmu.o
 .text.hfSrcClkGet
                0x0000a8ac       0x2c ./platform/emlib/src/em_cmu.o
 .text.dbgClkGet
                0x0000a8d8       0x40 ./platform/emlib/src/em_cmu.o
 .text.adcAsyncClkGet
                0x0000a918       0x80 ./platform/emlib/src/em_cmu.o
 .text.flashWaitStateControl
                0x0000a998       0x88 ./platform/emlib/src/em_cmu.o
 .text.flashWaitStateMax
                0x0000aa20       0x40 ./platform/emlib/src/em_cmu.o
 .text.CMU_UpdateWaitStates
                0x0000aa60       0x40 ./platform/emlib/src/em_cmu.o
                0x0000aa60                CMU_UpdateWaitStates
 .text.getRegIshUpperVal
                0x0000aaa0       0x38 ./platform/emlib/src/em_cmu.o
 .text.getHfxoTuningMode
                0x0000aad8       0x1c ./platform/emlib/src/em_cmu.o
 .text.setHfxoTuningMode
                0x0000aaf4       0x28 ./platform/emlib/src/em_cmu.o
 .text.lfClkGet
                0x0000ab1c       0xf4 ./platform/emlib/src/em_cmu.o
 .text.syncReg  0x0000ac10       0x38 ./platform/emlib/src/em_cmu.o
 .text.hfperClkSafePrescaler
                0x0000ac48        0xc ./platform/emlib/src/em_cmu.o
 .text.hfperClkOptimizedPrescaler
                0x0000ac54        0xc ./platform/emlib/src/em_cmu.o
 .text.CMU_ClockEnable
                0x0000ac60       0xcc ./platform/emlib/src/em_cmu.o
                0x0000ac60                CMU_ClockEnable
 .text.CMU_ClockFreqGet
                0x0000ad2c      0x1f8 ./platform/emlib/src/em_cmu.o
                0x0000ad2c                CMU_ClockFreqGet
 .text.CMU_ClockSelectGet
                0x0000af24      0x19c ./platform/emlib/src/em_cmu.o
                0x0000af24                CMU_ClockSelectGet
 .text.CMU_ClockSelectSet
                0x0000b0c0      0x2d4 ./platform/emlib/src/em_cmu.o
                0x0000b0c0                CMU_ClockSelectSet
 .text.CMU_HFRCOBandGet
                0x0000b394       0x18 ./platform/emlib/src/em_cmu.o
                0x0000b394                CMU_HFRCOBandGet
 .text.CMU_HFXOAutostartEnable
                0x0000b3ac       0x8c ./platform/emlib/src/em_cmu.o
                0x0000b3ac                CMU_HFXOAutostartEnable
 .text.CMU_HFXOInit
                0x0000b438       0xe4 ./platform/emlib/src/em_cmu.o
                0x0000b438                CMU_HFXOInit
 .text.CMU_LFXOInit
                0x0000b51c       0x50 ./platform/emlib/src/em_cmu.o
                0x0000b51c                CMU_LFXOInit
 .text.CMU_OscillatorEnable
                0x0000b56c      0x17c ./platform/emlib/src/em_cmu.o
                0x0000b56c                CMU_OscillatorEnable
 .text.CMU_OscillatorTuningGet
                0x0000b6e8       0x74 ./platform/emlib/src/em_cmu.o
                0x0000b6e8                CMU_OscillatorTuningGet
 .text.CMU_OscillatorTuningSet
                0x0000b75c      0x100 ./platform/emlib/src/em_cmu.o
                0x0000b75c                CMU_OscillatorTuningSet
 .text.CMU_OscillatorTuningWait
                0x0000b85c       0x94 ./platform/emlib/src/em_cmu.o
                0x0000b85c                CMU_OscillatorTuningWait
 .text.CMU_OscillatorTuningOptimize
                0x0000b8f0       0x58 ./platform/emlib/src/em_cmu.o
                0x0000b8f0                CMU_OscillatorTuningOptimize
 .text.CORE_EnterCritical
                0x0000b948       0x20 ./platform/emlib/src/em_core.o
                0x0000b948                CORE_EnterCritical
 .text.CORE_ExitCritical
                0x0000b968       0x1c ./platform/emlib/src/em_core.o
                0x0000b968                CORE_ExitCritical
 .text.CORE_AtomicDisableIrq
                0x0000b984       0x10 ./platform/emlib/src/em_core.o
                0x0000b984                CORE_AtomicDisableIrq
 .text.CORE_AtomicEnableIrq
                0x0000b994       0x10 ./platform/emlib/src/em_core.o
                0x0000b994                CORE_AtomicEnableIrq
 .text.CORE_EnterAtomic
                0x0000b9a4       0x20 ./platform/emlib/src/em_core.o
                0x0000b9a4                CORE_EnterAtomic
 .text.CORE_ExitAtomic
                0x0000b9c4       0x1c ./platform/emlib/src/em_core.o
                0x0000b9c4                CORE_ExitAtomic
 .text.CORE_SetNvicRamTableHandler
                0x0000b9e0       0x44 ./platform/emlib/src/em_core.o
                0x0000b9e0                CORE_SetNvicRamTableHandler
 .text.CORE_InitNvicVectorTable
                0x0000ba24       0xc8 ./platform/emlib/src/em_core.o
                0x0000ba24                CORE_InitNvicVectorTable
 .text.CRYPTO_BurstFromCrypto
                0x0000baec       0x40 ./platform/emlib/src/em_crypto.o
 .text.CRYPTO_ModulusSet
                0x0000bb2c       0x88 ./platform/emlib/src/em_crypto.o
                0x0000bb2c                CRYPTO_ModulusSet
 .text.CRYPTO_KeyRead
                0x0000bbb4       0x38 ./platform/emlib/src/em_crypto.o
                0x0000bbb4                CRYPTO_KeyRead
 .text.SystemCoreClockUpdate
                0x0000bbec        0xc ./platform/emlib/src/em_emu.o
 .text.BUS_RegBitWrite
                0x0000bbf8       0x2c ./platform/emlib/src/em_emu.o
 .text.BUS_RegBitRead
                0x0000bc24       0x2c ./platform/emlib/src/em_emu.o
 .text.EMU_VScaleWait
                0x0000bc50       0x1c ./platform/emlib/src/em_emu.o
 .text.EMU_VScaleGet
                0x0000bc6c       0x1c ./platform/emlib/src/em_emu.o
 .text.EMU_IntClear
                0x0000bc88       0x1c ./platform/emlib/src/em_emu.o
 .text.EMU_IntGet
                0x0000bca4       0x18 ./platform/emlib/src/em_emu.o
 .text.EMU_Unlock
                0x0000bcbc       0x18 ./platform/emlib/src/em_emu.o
 .text.CMU_Lock
                0x0000bcd4       0x18 ./platform/emlib/src/em_emu.o
 .text.CMU_Unlock
                0x0000bcec       0x1c ./platform/emlib/src/em_emu.o
 .text.vScaleEM01Cmd
                0x0000bd08       0x24 ./platform/emlib/src/em_emu.o
 .text.emState  0x0000bd2c      0x14c ./platform/emlib/src/em_emu.o
 .text.vScaleDownEM23Setup
                0x0000be78       0x50 ./platform/emlib/src/em_emu.o
 .text.vScaleAfterWakeup
                0x0000bec8       0x44 ./platform/emlib/src/em_emu.o
 .text.EMU_EnterEM2
                0x0000bf0c       0x48 ./platform/emlib/src/em_emu.o
                0x0000bf0c                EMU_EnterEM2
 .text.EMU_EnterEM3
                0x0000bf54       0x70 ./platform/emlib/src/em_emu.o
                0x0000bf54                EMU_EnterEM3
 .text.EMU_Save
                0x0000bfc4        0xc ./platform/emlib/src/em_emu.o
                0x0000bfc4                EMU_Save
 .text.EMU_Restore
                0x0000bfd0        0xc ./platform/emlib/src/em_emu.o
                0x0000bfd0                EMU_Restore
 .text.EMU_EnterEM4
                0x0000bfdc       0x50 ./platform/emlib/src/em_emu.o
                0x0000bfdc                EMU_EnterEM4
 .text.EMU_VScaleEM01ByClock
                0x0000c02c       0x70 ./platform/emlib/src/em_emu.o
                0x0000c02c                EMU_VScaleEM01ByClock
 .text.EMU_VScaleEM01
                0x0000c09c       0x84 ./platform/emlib/src/em_emu.o
                0x0000c09c                EMU_VScaleEM01
 .text.EMU_EM01Init
                0x0000c120       0x24 ./platform/emlib/src/em_emu.o
                0x0000c120                EMU_EM01Init
 .text.EMU_EM23Init
                0x0000c144       0x2c ./platform/emlib/src/em_emu.o
                0x0000c144                EMU_EM23Init
 .text.dcdcConstCalibrationLoad
                0x0000c170       0x10 ./platform/emlib/src/em_emu.o
 .text.dcdcValidatedConfigSet
                0x0000c180       0x40 ./platform/emlib/src/em_emu.o
 .text.currentLimitersUpdate
                0x0000c1c0       0xe4 ./platform/emlib/src/em_emu.o
 .text.userCurrentLimitsSet
                0x0000c2a4       0x2c ./platform/emlib/src/em_emu.o
 .text.compCtrlSet
                0x0000c2d0       0x3c ./platform/emlib/src/em_emu.o
 .text.lpCmpHystCalibrationLoad
                0x0000c30c       0xd4 ./platform/emlib/src/em_emu.o
 .text.lpGetDevinfoVrefLowHigh
                0x0000c3e0      0x164 ./platform/emlib/src/em_emu.o
 .text.EMU_DCDCModeSet
                0x0000c544       0xf0 ./platform/emlib/src/em_emu.o
                0x0000c544                EMU_DCDCModeSet
 .text.EMU_DCDCInit
                0x0000c634      0x120 ./platform/emlib/src/em_emu.o
                0x0000c634                EMU_DCDCInit
 .text.EMU_DCDCOutputVoltageSet
                0x0000c754      0x2cc ./platform/emlib/src/em_emu.o
                0x0000c754                EMU_DCDCOutputVoltageSet
 .text.EMU_DCDCOptimizeSlice
                0x0000ca20       0xd8 ./platform/emlib/src/em_emu.o
                0x0000ca20                EMU_DCDCOptimizeSlice
 .text.EMU_DCDCLnRcoBandSet
                0x0000caf8       0x54 ./platform/emlib/src/em_emu.o
                0x0000caf8                EMU_DCDCLnRcoBandSet
 .text.BUS_RegMaskedSet
                0x0000cb4c       0x24 ./platform/emlib/src/em_gpio.o
 .text.BUS_RegMaskedClear
                0x0000cb70       0x24 ./platform/emlib/src/em_gpio.o
 .text.BUS_RegMaskedWrite
                0x0000cb94       0x24 ./platform/emlib/src/em_gpio.o
 .text.GPIO_PinOutClear
                0x0000cbb8       0x58 ./platform/emlib/src/em_gpio.o
 .text.GPIO_PinOutSet
                0x0000cc10       0x58 ./platform/emlib/src/em_gpio.o
 .text.GPIO_DriveStrengthSet
                0x0000cc68       0x60 ./platform/emlib/src/em_gpio.o
                0x0000cc68                GPIO_DriveStrengthSet
 .text.GPIO_PinModeSet
                0x0000ccc8      0x10c ./platform/emlib/src/em_gpio.o
                0x0000ccc8                GPIO_PinModeSet
 .text.BUS_RegBitWrite
                0x0000cdd4       0x2c ./platform/emlib/src/em_i2c.o
 .text.BUS_RegMaskedSet
                0x0000ce00       0x24 ./platform/emlib/src/em_i2c.o
 .text.BUS_RegMaskedClear
                0x0000ce24       0x24 ./platform/emlib/src/em_i2c.o
 .text.BUS_RegMaskedWrite
                0x0000ce48       0x24 ./platform/emlib/src/em_i2c.o
 .text.I2C_BusFreqSet
                0x0000ce6c       0xf8 ./platform/emlib/src/em_i2c.o
                0x0000ce6c                I2C_BusFreqSet
 .text.I2C_Enable
                0x0000cf64       0x3c ./platform/emlib/src/em_i2c.o
                0x0000cf64                I2C_Enable
 .text.I2C_Init
                0x0000cfa0       0x78 ./platform/emlib/src/em_i2c.o
                0x0000cfa0                I2C_Init
 .text.LETIMER_CompareSet
                0x0000d018       0x58 ./platform/emlib/src/em_letimer.o
                0x0000d018                LETIMER_CompareSet
 .text.LETIMER_Enable
                0x0000d070       0x2c ./platform/emlib/src/em_letimer.o
                0x0000d070                LETIMER_Enable
 .text.LETIMER_Init
                0x0000d09c       0xd0 ./platform/emlib/src/em_letimer.o
                0x0000d09c                LETIMER_Init
 .text.MSC_Init
                0x0000d16c       0x30 ./platform/emlib/src/em_msc.o
                0x0000d16c                MSC_Init
 .text.MSC_Deinit
                0x0000d19c       0x24 ./platform/emlib/src/em_msc.o
                0x0000d19c                MSC_Deinit
 .text.RMU_ResetCauseClear
                0x0000d1c0       0x18 ./platform/emlib/src/em_rmu.o
                0x0000d1c0                RMU_ResetCauseClear
 .text.RMU_ResetCauseGet
                0x0000d1d8       0xb0 ./platform/emlib/src/em_rmu.o
                0x0000d1d8                RMU_ResetCauseGet
 .text.RTCC_Init
                0x0000d288       0x94 ./platform/emlib/src/em_rtcc.o
                0x0000d288                RTCC_Init
 .text.SYSTEM_ChipRevisionGet
                0x0000d31c       0x78 ./platform/emlib/src/em_system.o
                0x0000d31c                SYSTEM_ChipRevisionGet
 .text.TIMER_Valid
                0x0000d394       0x44 ./platform/emlib/src/em_timer.o
 .text.TIMER_Init
                0x0000d3d8       0xdc ./platform/emlib/src/em_timer.o
                0x0000d3d8                TIMER_Init
 .text.USART_BaudrateSyncSet
                0x0000d4b4       0x40 ./platform/emlib/src/em_usart.o
                0x0000d4b4                USART_BaudrateSyncSet
 .text.USART_InitSync
                0x0000d4f4       0xfc ./platform/emlib/src/em_usart.o
                0x0000d4f4                USART_InitSync
 .text.USART_Reset
                0x0000d5f0       0xb0 ./platform/emlib/src/em_usart.o
                0x0000d5f0                USART_Reset
 .text.USART_SpiTransfer
                0x0000d6a0       0x40 ./platform/emlib/src/em_usart.o
                0x0000d6a0                USART_SpiTransfer
 .text.cmu_init
                0x0000d6e0       0x6c ./src/cmu.o
                0x0000d6e0                cmu_init
 .text.BUS_RegMaskedSet
                0x0000d74c       0x24 ./src/gpio.o
 .text.BUS_RegMaskedClear
                0x0000d770       0x24 ./src/gpio.o
 .text.GPIO_PinOutClear
                0x0000d794       0x58 ./src/gpio.o
 .text.GPIO_PinOutSet
                0x0000d7ec       0x58 ./src/gpio.o
 .text.gpio_init
                0x0000d844       0x74 ./src/gpio.o
                0x0000d844                gpio_init
 .text.BUS_RegMaskedSet
                0x0000d8b8       0x24 ./src/i2c.o
 .text.BUS_RegMaskedClear
                0x0000d8dc       0x24 ./src/i2c.o
 .text.GPIO_PinOutClear
                0x0000d900       0x58 ./src/i2c.o
 .text.GPIO_PinOutSet
                0x0000d958       0x58 ./src/i2c.o
 .text.EMU_EnterEM1
                0x0000d9b0       0x20 ./src/i2c.o
 .text.i2c_init
                0x0000d9d0       0xbc ./src/i2c.o
                0x0000d9d0                i2c_init
 .text.sensor_enable
                0x0000da8c       0x1c ./src/i2c.o
                0x0000da8c                sensor_enable
 .text.i2c_disable
                0x0000daa8       0x38 ./src/i2c.o
                0x0000daa8                i2c_disable
 .text.i2c_driver
                0x0000dae0       0xb8 ./src/i2c.o
                0x0000dae0                i2c_driver
 .text.NVIC_EnableIRQ
                0x0000db98       0x30 ./src/letimer.o
 .text.LETIMER_IntClear
                0x0000dbc8       0x1c ./src/letimer.o
 .text.LETIMER_IntEnable
                0x0000dbe4       0x20 ./src/letimer.o
 .text.LETIMER_IntGet
                0x0000dc04       0x18 ./src/letimer.o
 .text.letimer_init
                0x0000dc1c       0x6c ./src/letimer.o
                0x0000dc1c                letimer_init
 .text.prescale
                0x0000dc88       0x30 ./src/letimer.o
                0x0000dc88                prescale
 .text.LETIMER0_IRQHandler
                0x0000dcb8       0x38 ./src/letimer.o
                0x0000dcb8                LETIMER0_IRQHandler
 .text.BUS_RegMaskedSet
                0x0000dcf0       0x24 ./src/tempsensor.o
 .text.BUS_RegMaskedClear
                0x0000dd14       0x24 ./src/tempsensor.o
 .text.GPIO_PinOutClear
                0x0000dd38       0x58 ./src/tempsensor.o
 .text.GPIO_PinOutSet
                0x0000dd90       0x58 ./src/tempsensor.o
 .text.gecko_cmd_gatt_server_send_characteristic_notification
                0x0000dde8       0xa4 ./src/tempsensor.o
 *fill*         0x0000de8c        0x4 
 .text.tempsense
                0x0000de90      0x104 ./src/tempsensor.o
                0x0000de90                tempsense
 .text.NVIC_EnableIRQ
                0x0000df94       0x30 ./src/timer.o
 .text.TIMER_MaxCount
                0x0000dfc4       0x2c ./src/timer.o
 .text.TIMER_CounterSet
                0x0000dff0       0x1c ./src/timer.o
 .text.TIMER_IntClear
                0x0000e00c       0x1c ./src/timer.o
 .text.TIMER_IntEnable
                0x0000e028       0x20 ./src/timer.o
 .text.TIMER_IntGet
                0x0000e048       0x18 ./src/timer.o
 .text.TIMER_TopSet
                0x0000e060       0x1c ./src/timer.o
 .text.time_init
                0x0000e07c       0x90 ./src/timer.o
                0x0000e07c                time_init
 .text.TIMER0_IRQHandler
                0x0000e10c       0x38 ./src/timer.o
                0x0000e10c                TIMER0_IRQHandler
 .text.RAIL_ConfigPti
                0x0000e144        0x6 C:\Users\user1\SimplicityStudio\v4_workspace\BLE\platform\radio\rail_lib\autogen\librail_release\librail_efr32xg13_gcc_release.a(rail_pti.o)
                0x0000e144                RAIL_ConfigPti
 .text.RAIL_EnablePti
                0x0000e14a        0x6 C:\Users\user1\SimplicityStudio\v4_workspace\BLE\platform\radio\rail_lib\autogen\librail_release\librail_efr32xg13_gcc_release.a(rail_pti.o)
                0x0000e14a                RAIL_EnablePti
 .text.eventDefault
                0x0000e150        0x2 C:\Users\user1\SimplicityStudio\v4_workspace\BLE\platform\radio\rail_lib\autogen\librail_release\librail_efr32xg13_gcc_release.a(rail_rf_hal.o)
 *fill*         0x0000e152        0x2 
 .text.RFHAL_NotifyUserOfIrCal
                0x0000e154       0x78 C:\Users\user1\SimplicityStudio\v4_workspace\BLE\platform\radio\rail_lib\autogen\librail_release\librail_efr32xg13_gcc_release.a(rail_rf_hal.o)
 *fill*         0x0000e1cc        0x4 
 .text.GENERIC_PHY_EventCallback
                0x0000e1d0      0x194 C:\Users\user1\SimplicityStudio\v4_workspace\BLE\platform\radio\rail_lib\autogen\librail_release\librail_efr32xg13_gcc_release.a(rail_rf_hal.o)
                0x0000e1d0                GENERIC_PHY_EventCallback
 .text.RFHAL_IntEnable
                0x0000e364       0x58 C:\Users\user1\SimplicityStudio\v4_workspace\BLE\platform\radio\rail_lib\autogen\librail_release\librail_efr32xg13_gcc_release.a(rail_rf_hal.o)
                0x0000e364                RFHAL_IntEnable
 .text.RFHAL_SetEventCallback
                0x0000e3bc       0x18 C:\Users\user1\SimplicityStudio\v4_workspace\BLE\platform\radio\rail_lib\autogen\librail_release\librail_efr32xg13_gcc_release.a(rail_rf_hal.o)
                0x0000e3bc                RFHAL_SetEventCallback
 .text.RFHAL_SetPtiProtocol
                0x0000e3d4       0x20 C:\Users\user1\SimplicityStudio\v4_workspace\BLE\platform\radio\rail_lib\autogen\librail_release\librail_efr32xg13_gcc_release.a(rail_rf_hal.o)
                0x0000e3d4                RFHAL_SetPtiProtocol
 .text.RFHAL_Idle
                0x0000e3f4       0x2a C:\Users\user1\SimplicityStudio\v4_workspace\BLE\platform\radio\rail_lib\autogen\librail_release\librail_efr32xg13_gcc_release.a(rail_rf_hal.o)
                0x0000e3f4                RFHAL_Idle
 *fill*         0x0000e41e        0x2 
 .text.RFHAL_GetRadioState
                0x0000e420       0x48 C:\Users\user1\SimplicityStudio\v4_workspace\BLE\platform\radio\rail_lib\autogen\librail_release\librail_efr32xg13_gcc_release.a(rail_rf_hal.o)
                0x0000e420                RFHAL_GetRadioState
 .text.RFHAL_OkToTransmit
                0x0000e468       0x18 C:\Users\user1\SimplicityStudio\v4_workspace\BLE\platform\radio\rail_lib\autogen\librail_release\librail_efr32xg13_gcc_release.a(rail_rf_hal.o)
                0x0000e468                RFHAL_OkToTransmit
 .text.RFHAL_ScheduleRx
                0x0000e480       0x5a C:\Users\user1\SimplicityStudio\v4_workspace\BLE\platform\radio\rail_lib\autogen\librail_release\librail_efr32xg13_gcc_release.a(rail_rf_hal.o)
                0x0000e480                RFHAL_ScheduleRx
 *fill*         0x0000e4da        0x2 
 .text.RFHAL_EnableRxRawCapture
                0x0000e4dc       0x58 C:\Users\user1\SimplicityStudio\v4_workspace\BLE\platform\radio\rail_lib\autogen\librail_release\librail_efr32xg13_gcc_release.a(rail_rf_hal.o)
                0x0000e4dc                RFHAL_EnableRxRawCapture
 .text.RFHAL_DisableRxRawCapture
                0x0000e534       0x50 C:\Users\user1\SimplicityStudio\v4_workspace\BLE\platform\radio\rail_lib\autogen\librail_release\librail_efr32xg13_gcc_release.a(rail_rf_hal.o)
                0x0000e534                RFHAL_DisableRxRawCapture
 .text.RFHAL_AcceptCrcErrors
                0x0000e584       0x18 C:\Users\user1\SimplicityStudio\v4_workspace\BLE\platform\radio\rail_lib\autogen\librail_release\librail_efr32xg13_gcc_release.a(rail_rf_hal.o)
                0x0000e584                RFHAL_AcceptCrcErrors
 .text.RFHAL_ConfigRxOptions
                0x0000e59c      0x124 C:\Users\user1\SimplicityStudio\v4_workspace\BLE\platform\radio\rail_lib\autogen\librail_release\librail_efr32xg13_gcc_release.a(rail_rf_hal.o)
                0x0000e59c                RFHAL_ConfigRxOptions
 .text.RFHAL_GetTimer
                0x0000e6c0        0xc C:\Users\user1\SimplicityStudio\v4_workspace\BLE\platform\radio\rail_lib\autogen\librail_release\librail_efr32xg13_gcc_release.a(rail_rf_hal.o)
                0x0000e6c0                RFHAL_GetTimer
 .text.RFHAL_CancelTimer
                0x0000e6cc       0x28 C:\Users\user1\SimplicityStudio\v4_workspace\BLE\platform\radio\rail_lib\autogen\librail_release\librail_efr32xg13_gcc_release.a(rail_rf_hal.o)
                0x0000e6cc                RFHAL_CancelTimer
 .text.RFHAL_SetTimer
                0x0000e6f4       0x7c C:\Users\user1\SimplicityStudio\v4_workspace\BLE\platform\radio\rail_lib\autogen\librail_release\librail_efr32xg13_gcc_release.a(rail_rf_hal.o)
                0x0000e6f4                RFHAL_SetTimer
 .text.RFHAL_IsTimerExpired
                0x0000e770       0x1c C:\Users\user1\SimplicityStudio\v4_workspace\BLE\platform\radio\rail_lib\autogen\librail_release\librail_efr32xg13_gcc_release.a(rail_rf_hal.o)
                0x0000e770                RFHAL_IsTimerExpired
 .text.RFHAL_IsTimerRunning
                0x0000e78c        0x6 C:\Users\user1\SimplicityStudio\v4_workspace\BLE\platform\radio\rail_lib\autogen\librail_release\librail_efr32xg13_gcc_release.a(rail_rf_hal.o)
                0x0000e78c                RFHAL_IsTimerRunning
 *fill*         0x0000e792        0x2 
 .text.RFHAL_CalcBitRate
                0x0000e794        0xc C:\Users\user1\SimplicityStudio\v4_workspace\BLE\platform\radio\rail_lib\autogen\librail_release\librail_efr32xg13_gcc_release.a(rail_rf_hal.o)
                0x0000e794                RFHAL_CalcBitRate
 .text.RFHAL_GetBitRate
                0x0000e7a0       0x22 C:\Users\user1\SimplicityStudio\v4_workspace\BLE\platform\radio\rail_lib\autogen\librail_release\librail_efr32xg13_gcc_release.a(rail_rf_hal.o)
                0x0000e7a0                RFHAL_GetBitRate
 *fill*         0x0000e7c2        0x2 
 .text.RFHAL_SetTxTransitions
                0x0000e7c4       0x1c C:\Users\user1\SimplicityStudio\v4_workspace\BLE\platform\radio\rail_lib\autogen\librail_release\librail_efr32xg13_gcc_release.a(rail_rf_hal.o)
                0x0000e7c4                RFHAL_SetTxTransitions
 .text.RFHAL_SetRxTransitions
                0x0000e7e0       0x1c C:\Users\user1\SimplicityStudio\v4_workspace\BLE\platform\radio\rail_lib\autogen\librail_release\librail_efr32xg13_gcc_release.a(rail_rf_hal.o)
                0x0000e7e0                RFHAL_SetRxTransitions
 .text.RFHAL_SetCRCInitVal
                0x0000e7fc        0x4 C:\Users\user1\SimplicityStudio\v4_workspace\BLE\platform\radio\rail_lib\autogen\librail_release\librail_efr32xg13_gcc_release.a(rail_rf_hal.o)
                0x0000e7fc                RFHAL_SetCRCInitVal
 .text.RFHAL_ConfigTxPower
                0x0000e800        0xc C:\Users\user1\SimplicityStudio\v4_workspace\BLE\platform\radio\rail_lib\autogen\librail_release\librail_efr32xg13_gcc_release.a(rail_rf_hal.o)
                0x0000e800                RFHAL_ConfigTxPower
 .text.RFHAL_SetTxPowerUnchecked
                0x0000e80c       0x18 C:\Users\user1\SimplicityStudio\v4_workspace\BLE\platform\radio\rail_lib\autogen\librail_release\librail_efr32xg13_gcc_release.a(rail_rf_hal.o)
                0x0000e80c                RFHAL_SetTxPowerUnchecked
 .text.RFHAL_SetTxPower
                0x0000e824       0x40 C:\Users\user1\SimplicityStudio\v4_workspace\BLE\platform\radio\rail_lib\autogen\librail_release\librail_efr32xg13_gcc_release.a(rail_rf_hal.o)
                0x0000e824                RFHAL_SetTxPower
 .text.RFHAL_GetTxPowerConfig
                0x0000e864        0xc C:\Users\user1\SimplicityStudio\v4_workspace\BLE\platform\radio\rail_lib\autogen\librail_release\librail_efr32xg13_gcc_release.a(rail_rf_hal.o)
                0x0000e864                RFHAL_GetTxPowerConfig
 .text.RFHAL_GetTxPower
                0x0000e870        0x4 C:\Users\user1\SimplicityStudio\v4_workspace\BLE\platform\radio\rail_lib\autogen\librail_release\librail_efr32xg13_gcc_release.a(rail_rf_hal.o)
                0x0000e870                RFHAL_GetTxPower
 .text.RFHAL_SetChannel
                0x0000e874       0xc4 C:\Users\user1\SimplicityStudio\v4_workspace\BLE\platform\radio\rail_lib\autogen\librail_release\librail_efr32xg13_gcc_release.a(rail_rf_hal.o)
                0x0000e874                RFHAL_SetChannel
 .text.RFHAL_IsAutoAckEnabled
                0x0000e938        0x6 C:\Users\user1\SimplicityStudio\v4_workspace\BLE\platform\radio\rail_lib\autogen\librail_release\librail_efr32xg13_gcc_release.a(rail_rf_hal.o)
                0x0000e938                RFHAL_IsAutoAckEnabled
 *fill*         0x0000e93e        0x2 
 .text.RFHAL_AutoAckWaitForAck
                0x0000e940       0x18 C:\Users\user1\SimplicityStudio\v4_workspace\BLE\platform\radio\rail_lib\autogen\librail_release\librail_efr32xg13_gcc_release.a(rail_rf_hal.o)
                0x0000e940                RFHAL_AutoAckWaitForAck
 .text.preTxOps
                0x0000e958       0xf4 C:\Users\user1\SimplicityStudio\v4_workspace\BLE\platform\radio\rail_lib\autogen\librail_release\librail_efr32xg13_gcc_release.a(rail_rf_hal.o)
 .text.RFHAL_StartTx
                0x0000ea4c       0x12 C:\Users\user1\SimplicityStudio\v4_workspace\BLE\platform\radio\rail_lib\autogen\librail_release\librail_efr32xg13_gcc_release.a(rail_rf_hal.o)
                0x0000ea4c                RFHAL_StartTx
 .text.RFHAL_StartScheduledTx
                0x0000ea5e       0x3c C:\Users\user1\SimplicityStudio\v4_workspace\BLE\platform\radio\rail_lib\autogen\librail_release\librail_efr32xg13_gcc_release.a(rail_rf_hal.o)
                0x0000ea5e                RFHAL_StartScheduledTx
 *fill*         0x0000ea9a        0x2 
 .text.RFHAL_GetRxPacketInfo
                0x0000ea9c       0x48 C:\Users\user1\SimplicityStudio\v4_workspace\BLE\platform\radio\rail_lib\autogen\librail_release\librail_efr32xg13_gcc_release.a(rail_rf_hal.o)
                0x0000ea9c                RFHAL_GetRxPacketInfo
 .text.RFHAL_GetRxPacketDetailsAlt
                0x0000eae4       0x98 C:\Users\user1\SimplicityStudio\v4_workspace\BLE\platform\radio\rail_lib\autogen\librail_release\librail_efr32xg13_gcc_release.a(rail_rf_hal.o)
                0x0000eae4                RFHAL_GetRxPacketDetailsAlt
 .text.RFHAL_GetRxPacketDetails
                0x0000eb7c       0x22 C:\Users\user1\SimplicityStudio\v4_workspace\BLE\platform\radio\rail_lib\autogen\librail_release\librail_efr32xg13_gcc_release.a(rail_rf_hal.o)
                0x0000eb7c                RFHAL_GetRxPacketDetails
 .text.RFHAL_SetTxBuffer
                0x0000eb9e       0x34 C:\Users\user1\SimplicityStudio\v4_workspace\BLE\platform\radio\rail_lib\autogen\librail_release\librail_efr32xg13_gcc_release.a(rail_rf_hal.o)
                0x0000eb9e                RFHAL_SetTxBuffer
 .text.RFHAL_SetRxBuffer
                0x0000ebd2       0x2c C:\Users\user1\SimplicityStudio\v4_workspace\BLE\platform\radio\rail_lib\autogen\librail_release\librail_efr32xg13_gcc_release.a(rail_rf_hal.o)
                0x0000ebd2                RFHAL_SetRxBuffer
 *fill*         0x0000ebfe        0x2 
 .text.RFHAL_ResetTxFifo
                0x0000ec00       0x2c C:\Users\user1\SimplicityStudio\v4_workspace\BLE\platform\radio\rail_lib\autogen\librail_release\librail_efr32xg13_gcc_release.a(rail_rf_hal.o)
                0x0000ec00                RFHAL_ResetTxFifo
 .text.RFHAL_WriteTxFifo
                0x0000ec2c       0x4c C:\Users\user1\SimplicityStudio\v4_workspace\BLE\platform\radio\rail_lib\autogen\librail_release\librail_efr32xg13_gcc_release.a(rail_rf_hal.o)
                0x0000ec2c                RFHAL_WriteTxFifo
 .text.RFHAL_ResetRxFifo
                0x0000ec78       0x40 C:\Users\user1\SimplicityStudio\v4_workspace\BLE\platform\radio\rail_lib\autogen\librail_release\librail_efr32xg13_gcc_release.a(rail_rf_hal.o)
                0x0000ec78                RFHAL_ResetRxFifo
 .text.RFHAL_ConfigData
                0x0000ecb8       0x7c C:\Users\user1\SimplicityStudio\v4_workspace\BLE\platform\radio\rail_lib\autogen\librail_release\librail_efr32xg13_gcc_release.a(rail_rf_hal.o)
                0x0000ecb8                RFHAL_ConfigData
 .text.RFHAL_SetAbortScheduledTxDuringRx
                0x0000ed34       0x18 C:\Users\user1\SimplicityStudio\v4_workspace\BLE\platform\radio\rail_lib\autogen\librail_release\librail_efr32xg13_gcc_release.a(rail_rf_hal.o)
                0x0000ed34                RFHAL_SetAbortScheduledTxDuringRx
 .text.RFHAL_ConfigRadio
                0x0000ed4c       0xac C:\Users\user1\SimplicityStudio\v4_workspace\BLE\platform\radio\rail_lib\autogen\librail_release\librail_efr32xg13_gcc_release.a(rail_rf_hal.o)
                0x0000ed4c                RFHAL_ConfigRadio
 .text.RFHAL_ConfigFrameTypeLength
                0x0000edf8       0x70 C:\Users\user1\SimplicityStudio\v4_workspace\BLE\platform\radio\rail_lib\autogen\librail_release\librail_efr32xg13_gcc_release.a(rail_rf_hal.o)
                0x0000edf8                RFHAL_ConfigFrameTypeLength
 .text.RFHAL_GetTime
                0x0000ee68        0x4 C:\Users\user1\SimplicityStudio\v4_workspace\BLE\platform\radio\rail_lib\autogen\librail_release\librail_efr32xg13_gcc_release.a(rail_rf_hal.o)
                0x0000ee68                RFHAL_GetTime
 .text.RFHAL_ResetAddressFilter
                0x0000ee6c       0x10 C:\Users\user1\SimplicityStudio\v4_workspace\BLE\platform\radio\rail_lib\autogen\librail_release\librail_efr32xg13_gcc_release.a(rail_rf_hal.o)
                0x0000ee6c                RFHAL_ResetAddressFilter
 .text.RFHAL_Init
                0x0000ee7c       0xa8 C:\Users\user1\SimplicityStudio\v4_workspace\BLE\platform\radio\rail_lib\autogen\librail_release\librail_efr32xg13_gcc_release.a(rail_rf_hal.o)
                0x0000ee7c                RFHAL_Init
 .text.RFHAL_GetRadioEntropy
                0x0000ef24        0x4 C:\Users\user1\SimplicityStudio\v4_workspace\BLE\platform\radio\rail_lib\autogen\librail_release\librail_efr32xg13_gcc_release.a(rail_rf_hal.o)
                0x0000ef24                RFHAL_GetRadioEntropy
 .text.RFHAL_SetStateTiming
                0x0000ef28       0x56 C:\Users\user1\SimplicityStudio\v4_workspace\BLE\platform\radio\rail_lib\autogen\librail_release\librail_efr32xg13_gcc_release.a(rail_rf_hal.o)
                0x0000ef28                RFHAL_SetStateTiming
 .text.RFHAL_ConfigPti
                0x0000ef7e        0x4 C:\Users\user1\SimplicityStudio\v4_workspace\BLE\platform\radio\rail_lib\autogen\librail_release\librail_efr32xg13_gcc_release.a(rail_rf_hal.o)
                0x0000ef7e                RFHAL_ConfigPti
 .text.RFHAL_EnablePti
                0x0000ef82        0x4 C:\Users\user1\SimplicityStudio\v4_workspace\BLE\platform\radio\rail_lib\autogen\librail_release\librail_efr32xg13_gcc_release.a(rail_rf_hal.o)
                0x0000ef82                RFHAL_EnablePti
 .text.RFHAL_IEEE802154IsEnabled
                0x0000ef86        0x6 C:\Users\user1\SimplicityStudio\v4_workspace\BLE\platform\radio\rail_lib\autogen\librail_release\librail_efr32xg13_gcc_release.a(rail_ieee802154_rf_hal.o)
                0x0000ef86                RFHAL_IEEE802154IsEnabled
 .text.RFHAL_ConfigBle2MbpsViterbi
                0x0000ef8c       0x28 C:\Users\user1\SimplicityStudio\v4_workspace\BLE\platform\radio\rail_lib\autogen\librail_release\librail_efr32xg13_gcc_release.a(rail_ble_rf_hal.o)
                0x0000ef8c                RFHAL_ConfigBle2MbpsViterbi
 .text.RFHAL_ConfigBle1MbpsViterbi
                0x0000efb4       0x28 C:\Users\user1\SimplicityStudio\v4_workspace\BLE\platform\radio\rail_lib\autogen\librail_release\librail_efr32xg13_gcc_release.a(rail_ble_rf_hal.o)
                0x0000efb4                RFHAL_ConfigBle1MbpsViterbi
 .text.RFHAL_ConfigBleCoded
                0x0000efdc       0x34 C:\Users\user1\SimplicityStudio\v4_workspace\BLE\platform\radio\rail_lib\autogen\librail_release\librail_efr32xg13_gcc_release.a(rail_ble_rf_hal.o)
                0x0000efdc                RFHAL_ConfigBleCoded
 .text.RFHAL_BleReinit
                0x0000f010       0x1c C:\Users\user1\SimplicityStudio\v4_workspace\BLE\platform\radio\rail_lib\autogen\librail_release\librail_efr32xg13_gcc_release.a(rail_ble_rf_hal.o)
                0x0000f010                RFHAL_BleReinit
 .text.RFHAL_BleInit
                0x0000f02c       0x12 C:\Users\user1\SimplicityStudio\v4_workspace\BLE\platform\radio\rail_lib\autogen\librail_release\librail_efr32xg13_gcc_release.a(rail_ble_rf_hal.o)
                0x0000f02c                RFHAL_BleInit
 *fill*         0x0000f03e        0x2 
 .text.RFHAL_IsBleLongRangeEnabled
                0x0000f040       0x18 C:\Users\user1\SimplicityStudio\v4_workspace\BLE\platform\radio\rail_lib\autogen\librail_release\librail_efr32xg13_gcc_release.a(rail_ble_rf_hal.o)
                0x0000f040                RFHAL_IsBleLongRangeEnabled
 .text.RFHAL_BLEPreambleSyncWordSet
                0x0000f058       0x44 C:\Users\user1\SimplicityStudio\v4_workspace\BLE\platform\radio\rail_lib\autogen\librail_release\librail_efr32xg13_gcc_release.a(rail_ble_rf_hal.o)
                0x0000f058                RFHAL_BLEPreambleSyncWordSet
 .text.RFHAL_BLEWhiteningSet
                0x0000f09c       0x68 C:\Users\user1\SimplicityStudio\v4_workspace\BLE\platform\radio\rail_lib\autogen\librail_release\librail_efr32xg13_gcc_release.a(rail_ble_rf_hal.o)
                0x0000f09c                RFHAL_BLEWhiteningSet
 .text.setMultiTimer
                0x0000f104        0x4 C:\Users\user1\SimplicityStudio\v4_workspace\BLE\platform\radio\rail_lib\autogen\librail_release\librail_efr32xg13_gcc_release.a(rail_singleprotocol.o)
 .text.cancelMultiTimer
                0x0000f108        0x4 C:\Users\user1\SimplicityStudio\v4_workspace\BLE\platform\radio\rail_lib\autogen\librail_release\librail_efr32xg13_gcc_release.a(rail_singleprotocol.o)
 .text.isMultiTimerExpired
                0x0000f10c        0x4 C:\Users\user1\SimplicityStudio\v4_workspace\BLE\platform\radio\rail_lib\autogen\librail_release\librail_efr32xg13_gcc_release.a(rail_singleprotocol.o)
 .text.getMultiTimer
                0x0000f110        0x4 C:\Users\user1\SimplicityStudio\v4_workspace\BLE\platform\radio\rail_lib\autogen\librail_release\librail_efr32xg13_gcc_release.a(rail_singleprotocol.o)
 .text.getActiveTimerCb
                0x0000f114       0x18 C:\Users\user1\SimplicityStudio\v4_workspace\BLE\platform\radio\rail_lib\autogen\librail_release\librail_efr32xg13_gcc_release.a(rail_singleprotocol.o)
 .text.isMultiTimerRunning
                0x0000f12c        0x4 C:\Users\user1\SimplicityStudio\v4_workspace\BLE\platform\radio\rail_lib\autogen\librail_release\librail_efr32xg13_gcc_release.a(rail_singleprotocol.o)
 .text.RAIL_Init
                0x0000f130       0x20 C:\Users\user1\SimplicityStudio\v4_workspace\BLE\platform\radio\rail_lib\autogen\librail_release\librail_efr32xg13_gcc_release.a(rail_singleprotocol.o)
                0x0000f130                RAIL_Init
 .text.RAIL_GetSchedulerStatus
                0x0000f150        0x4 C:\Users\user1\SimplicityStudio\v4_workspace\BLE\platform\radio\rail_lib\autogen\librail_release\librail_efr32xg13_gcc_release.a(rail_singleprotocol.o)
                0x0000f150                RAIL_GetSchedulerStatus
 .text.RAIL_Idle
                0x0000f154        0x8 C:\Users\user1\SimplicityStudio\v4_workspace\BLE\platform\radio\rail_lib\autogen\librail_release\librail_efr32xg13_gcc_release.a(rail_singleprotocol.o)
                0x0000f154                RAIL_Idle
 .text.RAIL_YieldRadio
                0x0000f15c        0x2 C:\Users\user1\SimplicityStudio\v4_workspace\BLE\platform\radio\rail_lib\autogen\librail_release\librail_efr32xg13_gcc_release.a(rail_singleprotocol.o)
                0x0000f15c                RAIL_YieldRadio
 .text.RAIL_GetRadioEntropy
                0x0000f15e        0x8 C:\Users\user1\SimplicityStudio\v4_workspace\BLE\platform\radio\rail_lib\autogen\librail_release\librail_efr32xg13_gcc_release.a(rail_singleprotocol.o)
                0x0000f15e                RAIL_GetRadioEntropy
 .text.RAIL_SetTimer
                0x0000f166       0x1c C:\Users\user1\SimplicityStudio\v4_workspace\BLE\platform\radio\rail_lib\autogen\librail_release\librail_efr32xg13_gcc_release.a(rail_singleprotocol.o)
                0x0000f166                RAIL_SetTimer
 .text.RAIL_CancelTimer
                0x0000f182        0xe C:\Users\user1\SimplicityStudio\v4_workspace\BLE\platform\radio\rail_lib\autogen\librail_release\librail_efr32xg13_gcc_release.a(rail_singleprotocol.o)
                0x0000f182                RAIL_CancelTimer
 .text.RAIL_StartTx
                0x0000f190        0x6 C:\Users\user1\SimplicityStudio\v4_workspace\BLE\platform\radio\rail_lib\autogen\librail_release\librail_efr32xg13_gcc_release.a(rail_singleprotocol.o)
                0x0000f190                RAIL_StartTx
 .text.RAIL_StartScheduledTx
                0x0000f196        0x6 C:\Users\user1\SimplicityStudio\v4_workspace\BLE\platform\radio\rail_lib\autogen\librail_release\librail_efr32xg13_gcc_release.a(rail_singleprotocol.o)
                0x0000f196                RAIL_StartScheduledTx
 .text.RAIL_ScheduleRx
                0x0000f19c        0x6 C:\Users\user1\SimplicityStudio\v4_workspace\BLE\platform\radio\rail_lib\autogen\librail_release\librail_efr32xg13_gcc_release.a(rail_singleprotocol.o)
                0x0000f19c                RAIL_ScheduleRx
 .text.radioConfigChangedDefault
                0x0000f1a2        0x2 C:\Users\user1\SimplicityStudio\v4_workspace\BLE\platform\radio\rail_lib\autogen\librail_release\librail_efr32xg13_gcc_release.a(rail_rf.o)
 .text.isTransitionState
                0x0000f1a4       0x12 C:\Users\user1\SimplicityStudio\v4_workspace\BLE\platform\radio\rail_lib\autogen\librail_release\librail_efr32xg13_gcc_release.a(rail_rf.o)
 .text.RAILCore_Init
                0x0000f1b6       0x12 C:\Users\user1\SimplicityStudio\v4_workspace\BLE\platform\radio\rail_lib\autogen\librail_release\librail_efr32xg13_gcc_release.a(rail_rf.o)
                0x0000f1b6                RAILCore_Init
 .text.RAILInt_SetCallbackConfig
                0x0000f1c8       0x20 C:\Users\user1\SimplicityStudio\v4_workspace\BLE\platform\radio\rail_lib\autogen\librail_release\librail_efr32xg13_gcc_release.a(rail_rf.o)
                0x0000f1c8                RAILInt_SetCallbackConfig
 .text.RAILCore_Idle
                0x0000f1e8       0x14 C:\Users\user1\SimplicityStudio\v4_workspace\BLE\platform\radio\rail_lib\autogen\librail_release\librail_efr32xg13_gcc_release.a(rail_rf.o)
                0x0000f1e8                RAILCore_Idle
 .text.RAILCb_CalcBitRate
                0x0000f1fc        0x6 C:\Users\user1\SimplicityStudio\v4_workspace\BLE\platform\radio\rail_lib\autogen\librail_release\librail_efr32xg13_gcc_release.a(rail_rf.o)
                0x0000f1fc                RAILCb_CalcBitRate
 .text.RAIL_SetStateTiming
                0x0000f202        0x6 C:\Users\user1\SimplicityStudio\v4_workspace\BLE\platform\radio\rail_lib\autogen\librail_release\librail_efr32xg13_gcc_release.a(rail_rf.o)
                0x0000f202                RAIL_SetStateTiming
 .text.RAILInt_IsPowerInRange
                0x0000f208       0x3c C:\Users\user1\SimplicityStudio\v4_workspace\BLE\platform\radio\rail_lib\autogen\librail_release\librail_efr32xg13_gcc_release.a(rail_rf.o)
                0x0000f208                RAILInt_IsPowerInRange
 .text.RAILInt_SetChannel
                0x0000f244      0x1c0 C:\Users\user1\SimplicityStudio\v4_workspace\BLE\platform\radio\rail_lib\autogen\librail_release\librail_efr32xg13_gcc_release.a(rail_rf.o)
                0x0000f244                RAILInt_SetChannel
 .text.RAILCore_ConfigChannels
                0x0000f404       0x60 C:\Users\user1\SimplicityStudio\v4_workspace\BLE\platform\radio\rail_lib\autogen\librail_release\librail_efr32xg13_gcc_release.a(rail_rf.o)
                0x0000f404                RAILCore_ConfigChannels
 .text.RAILInt_GetChannel
                0x0000f464        0x4 C:\Users\user1\SimplicityStudio\v4_workspace\BLE\platform\radio\rail_lib\autogen\librail_release\librail_efr32xg13_gcc_release.a(rail_rf.o)
                0x0000f464                RAILInt_GetChannel
 .text.RAILCore_SetTxTransitions
                0x0000f468       0x3c C:\Users\user1\SimplicityStudio\v4_workspace\BLE\platform\radio\rail_lib\autogen\librail_release\librail_efr32xg13_gcc_release.a(rail_rf.o)
                0x0000f468                RAILCore_SetTxTransitions
 .text.RAIL_SetTxTransitions
                0x0000f4a4        0x6 C:\Users\user1\SimplicityStudio\v4_workspace\BLE\platform\radio\rail_lib\autogen\librail_release\librail_efr32xg13_gcc_release.a(rail_rf.o)
                0x0000f4a4                RAIL_SetTxTransitions
 .text.RAILCore_SetRxTransitions
                0x0000f4aa       0x38 C:\Users\user1\SimplicityStudio\v4_workspace\BLE\platform\radio\rail_lib\autogen\librail_release\librail_efr32xg13_gcc_release.a(rail_rf.o)
                0x0000f4aa                RAILCore_SetRxTransitions
 .text.RAIL_SetRxTransitions
                0x0000f4e2        0x6 C:\Users\user1\SimplicityStudio\v4_workspace\BLE\platform\radio\rail_lib\autogen\librail_release\librail_efr32xg13_gcc_release.a(rail_rf.o)
                0x0000f4e2                RAIL_SetRxTransitions
 .text.RAIL_ConfigEvents
                0x0000f4e8        0x6 C:\Users\user1\SimplicityStudio\v4_workspace\BLE\platform\radio\rail_lib\autogen\librail_release\librail_efr32xg13_gcc_release.a(rail_rf.o)
                0x0000f4e8                RAIL_ConfigEvents
 .text.RAIL_ConfigRxOptions
                0x0000f4ee        0x6 C:\Users\user1\SimplicityStudio\v4_workspace\BLE\platform\radio\rail_lib\autogen\librail_release\librail_efr32xg13_gcc_release.a(rail_rx.o)
                0x0000f4ee                RAIL_ConfigRxOptions
 .text.RAILCore_ScheduleRx
                0x0000f4f4       0x2c C:\Users\user1\SimplicityStudio\v4_workspace\BLE\platform\radio\rail_lib\autogen\librail_release\librail_efr32xg13_gcc_release.a(rail_rx.o)
                0x0000f4f4                RAILCore_ScheduleRx
 .text.RAILCb_ConfigFrameTypeLength
                0x0000f520        0x6 C:\Users\user1\SimplicityStudio\v4_workspace\BLE\platform\radio\rail_lib\autogen\librail_release\librail_efr32xg13_gcc_release.a(rail_rx.o)
                0x0000f520                RAILCb_ConfigFrameTypeLength
 .text.RAIL_SetTxPower
                0x0000f526        0x6 C:\Users\user1\SimplicityStudio\v4_workspace\BLE\platform\radio\rail_lib\autogen\librail_release\librail_efr32xg13_gcc_release.a(rail_tx.o)
                0x0000f526                RAIL_SetTxPower
 .text.RAIL_ConfigTxPower
                0x0000f52c       0x1c C:\Users\user1\SimplicityStudio\v4_workspace\BLE\platform\radio\rail_lib\autogen\librail_release\librail_efr32xg13_gcc_release.a(rail_tx.o)
                0x0000f52c                RAIL_ConfigTxPower
 .text.RAILInt_PendCal
                0x0000f548       0x24 C:\Users\user1\SimplicityStudio\v4_workspace\BLE\platform\radio\rail_lib\autogen\librail_release\librail_efr32xg13_gcc_release.a(rail_calibration.o)
                0x0000f548                RAILInt_PendCal
 .text.RAIL_WriteTxFifo
                0x0000f56c        0x6 C:\Users\user1\SimplicityStudio\v4_workspace\BLE\platform\radio\rail_lib\autogen\librail_release\librail_efr32xg13_gcc_release.a(rail_data.o)
                0x0000f56c                RAIL_WriteTxFifo
 .text.RAIL_SetTxFifo
                0x0000f572        0x6 C:\Users\user1\SimplicityStudio\v4_workspace\BLE\platform\radio\rail_lib\autogen\librail_release\librail_efr32xg13_gcc_release.a(rail_data.o)
                0x0000f572                RAIL_SetTxFifo
 .text.RAIL_SetRxFifo
                0x0000f578        0x6 C:\Users\user1\SimplicityStudio\v4_workspace\BLE\platform\radio\rail_lib\autogen\librail_release\librail_efr32xg13_gcc_release.a(rail_data.o)
                0x0000f578                RAIL_SetRxFifo
 *fill*         0x0000f57e        0x2 
 .text.RAILCb_SetupRxFifo
                0x0000f580       0x30 C:\Users\user1\SimplicityStudio\v4_workspace\BLE\platform\radio\rail_lib\autogen\librail_release\librail_efr32xg13_gcc_release.a(rail_data.o)
                0x0000f580                RAILCb_SetupRxFifo
 .text.RAIL_GetRxPacketInfo
                0x0000f5b0        0x8 C:\Users\user1\SimplicityStudio\v4_workspace\BLE\platform\radio\rail_lib\autogen\librail_release\librail_efr32xg13_gcc_release.a(rail_data.o)
                0x0000f5b0                RAIL_GetRxPacketInfo
 .text.RAIL_GetRxPacketDetails
                0x0000f5b8        0x6 C:\Users\user1\SimplicityStudio\v4_workspace\BLE\platform\radio\rail_lib\autogen\librail_release\librail_efr32xg13_gcc_release.a(rail_data.o)
                0x0000f5b8                RAIL_GetRxPacketDetails
 .text.RAIL_ResetFifo
                0x0000f5be       0x1e C:\Users\user1\SimplicityStudio\v4_workspace\BLE\platform\radio\rail_lib\autogen\librail_release\librail_efr32xg13_gcc_release.a(rail_data.o)
                0x0000f5be                RAIL_ResetFifo
 .text.RAILCb_AssertFailed
                0x0000f5dc       0x14 C:\Users\user1\SimplicityStudio\v4_workspace\BLE\platform\radio\rail_lib\autogen\librail_release\librail_efr32xg13_gcc_release.a(rail_assert.o)
                0x0000f5dc                RAILCb_AssertFailed
 .text.RAILInt_Assert
                0x0000f5f0       0x1c C:\Users\user1\SimplicityStudio\v4_workspace\BLE\platform\radio\rail_lib\autogen\librail_release\librail_efr32xg13_gcc_release.a(rail_assert.o)
                0x0000f5f0                RAILInt_Assert
 .text.RAIL_GetTime
                0x0000f60c        0x4 C:\Users\user1\SimplicityStudio\v4_workspace\BLE\platform\radio\rail_lib\autogen\librail_release\librail_efr32xg13_gcc_release.a(rail_timer.o)
                0x0000f60c                RAIL_GetTime
 .text.checkAndAddRxLenOverflowEntry.part.0
                0x0000f610       0x2c C:\Users\user1\SimplicityStudio\v4_workspace\BLE\platform\radio\rail_lib\autogen\librail_release\librail_efr32xg13_gcc_release.a(bufc.o)
 .text.BUFC_ReadHelper
                0x0000f63c       0x7a C:\Users\user1\SimplicityStudio\v4_workspace\BLE\platform\radio\rail_lib\autogen\librail_release\librail_efr32xg13_gcc_release.a(bufc.o)
 *fill*         0x0000f6b6        0x2 
 .text.BUFC_SetTxBuffer
                0x0000f6b8       0x38 C:\Users\user1\SimplicityStudio\v4_workspace\BLE\platform\radio\rail_lib\autogen\librail_release\librail_efr32xg13_gcc_release.a(bufc.o)
                0x0000f6b8                BUFC_SetTxBuffer
 .text.BUFC_SetRxBuffer
                0x0000f6f0       0x1c C:\Users\user1\SimplicityStudio\v4_workspace\BLE\platform\radio\rail_lib\autogen\librail_release\librail_efr32xg13_gcc_release.a(bufc.o)
                0x0000f6f0                BUFC_SetRxBuffer
 .text.BUFC_WriteBuffer
                0x0000f70c       0xb0 C:\Users\user1\SimplicityStudio\v4_workspace\BLE\platform\radio\rail_lib\autogen\librail_release\librail_efr32xg13_gcc_release.a(bufc.o)
                0x0000f70c                BUFC_WriteBuffer
 .text.BUFC_Peek
                0x0000f7bc       0x12 C:\Users\user1\SimplicityStudio\v4_workspace\BLE\platform\radio\rail_lib\autogen\librail_release\librail_efr32xg13_gcc_release.a(bufc.o)
                0x0000f7bc                BUFC_Peek
 .text.BUFC_PeekByte
                0x0000f7ce       0x46 C:\Users\user1\SimplicityStudio\v4_workspace\BLE\platform\radio\rail_lib\autogen\librail_release\librail_efr32xg13_gcc_release.a(bufc.o)
                0x0000f7ce                BUFC_PeekByte
 .text.BUFC_GetSpaceAvailable
                0x0000f814       0x24 C:\Users\user1\SimplicityStudio\v4_workspace\BLE\platform\radio\rail_lib\autogen\librail_release\librail_efr32xg13_gcc_release.a(bufc.o)
                0x0000f814                BUFC_GetSpaceAvailable
 .text.BUFC_GetBytesAvailable
                0x0000f838       0x14 C:\Users\user1\SimplicityStudio\v4_workspace\BLE\platform\radio\rail_lib\autogen\librail_release\librail_efr32xg13_gcc_release.a(bufc.o)
                0x0000f838                BUFC_GetBytesAvailable
 .text.BUFC_TxAckBufferSet
                0x0000f84c       0x2c C:\Users\user1\SimplicityStudio\v4_workspace\BLE\platform\radio\rail_lib\autogen\librail_release\librail_efr32xg13_gcc_release.a(bufc.o)
                0x0000f84c                BUFC_TxAckBufferSet
 .text.BUFC_RxBufferReset
                0x0000f878       0x5c C:\Users\user1\SimplicityStudio\v4_workspace\BLE\platform\radio\rail_lib\autogen\librail_release\librail_efr32xg13_gcc_release.a(bufc.o)
                0x0000f878                BUFC_RxBufferReset
 .text.BUFC_Init
                0x0000f8d4       0x50 C:\Users\user1\SimplicityStudio\v4_workspace\BLE\platform\radio\rail_lib\autogen\librail_release\librail_efr32xg13_gcc_release.a(bufc.o)
                0x0000f8d4                BUFC_Init
 .text.BUFC_ReleaseRxPacket
                0x0000f924      0x118 C:\Users\user1\SimplicityStudio\v4_workspace\BLE\platform\radio\rail_lib\autogen\librail_release\librail_efr32xg13_gcc_release.a(bufc.o)
                0x0000f924                BUFC_ReleaseRxPacket
 .text.BUFC_StartRxLenThrEvent
                0x0000fa3c       0x50 C:\Users\user1\SimplicityStudio\v4_workspace\BLE\platform\radio\rail_lib\autogen\librail_release\librail_efr32xg13_gcc_release.a(bufc.o)
                0x0000fa3c                BUFC_StartRxLenThrEvent
 .text.BUFC_EndRxLenThrEvent
                0x0000fa8c       0x1c C:\Users\user1\SimplicityStudio\v4_workspace\BLE\platform\radio\rail_lib\autogen\librail_release\librail_efr32xg13_gcc_release.a(bufc.o)
                0x0000fa8c                BUFC_EndRxLenThrEvent
 .text.BUFC_HandleRxLenOvfEvent
                0x0000faa8       0x30 C:\Users\user1\SimplicityStudio\v4_workspace\BLE\platform\radio\rail_lib\autogen\librail_release\librail_efr32xg13_gcc_release.a(bufc.o)
                0x0000faa8                BUFC_HandleRxLenOvfEvent
 .text.BUFC_GetRxPacketInfo
                0x0000fad8      0x168 C:\Users\user1\SimplicityStudio\v4_workspace\BLE\platform\radio\rail_lib\autogen\librail_release\librail_efr32xg13_gcc_release.a(bufc.o)
                0x0000fad8                BUFC_GetRxPacketInfo
 .text.IRCAL_Set
                0x0000fc40       0x1c C:\Users\user1\SimplicityStudio\v4_workspace\BLE\platform\radio\rail_lib\autogen\librail_release\librail_efr32xg13_gcc_release.a(ir_cal.o)
                0x0000fc40                IRCAL_Set
 .text.getRampTimeFromLevelAndRate
                0x0000fc5c       0x20 C:\Users\user1\SimplicityStudio\v4_workspace\BLE\platform\radio\rail_lib\autogen\librail_release\librail_efr32xg13_gcc_release.a(pa.o)
 .text.PA_ProtectPa
                0x0000fc7c       0xa0 C:\Users\user1\SimplicityStudio\v4_workspace\BLE\platform\radio\rail_lib\autogen\librail_release\librail_efr32xg13_gcc_release.a(pa.o)
 .text.PA_GetTxPowerConfig
                0x0000fd1c       0x14 C:\Users\user1\SimplicityStudio\v4_workspace\BLE\platform\radio\rail_lib\autogen\librail_release\librail_efr32xg13_gcc_release.a(pa.o)
                0x0000fd1c                PA_GetTxPowerConfig
 .text.PA_GetPowerLevel
                0x0000fd30        0xc C:\Users\user1\SimplicityStudio\v4_workspace\BLE\platform\radio\rail_lib\autogen\librail_release\librail_efr32xg13_gcc_release.a(pa.o)
                0x0000fd30                PA_GetPowerLevel
 .text.PA_SetPowerLevel
                0x0000fd3c      0x178 C:\Users\user1\SimplicityStudio\v4_workspace\BLE\platform\radio\rail_lib\autogen\librail_release\librail_efr32xg13_gcc_release.a(pa.o)
                0x0000fd3c                PA_SetPowerLevel
 .text.PA_RunPeakDetectorHigh
                0x0000feb4       0x40 C:\Users\user1\SimplicityStudio\v4_workspace\BLE\platform\radio\rail_lib\autogen\librail_release\librail_efr32xg13_gcc_release.a(pa.o)
                0x0000feb4                PA_RunPeakDetectorHigh
 .text.PA_RunPeakDetectorLow
                0x0000fef4        0x2 C:\Users\user1\SimplicityStudio\v4_workspace\BLE\platform\radio\rail_lib\autogen\librail_release\librail_efr32xg13_gcc_release.a(pa.o)
                0x0000fef4                PA_RunPeakDetectorLow
 *fill*         0x0000fef6        0x2 
 .text.PA_RunBatHigh
                0x0000fef8       0x2c C:\Users\user1\SimplicityStudio\v4_workspace\BLE\platform\radio\rail_lib\autogen\librail_release\librail_efr32xg13_gcc_release.a(pa.o)
                0x0000fef8                PA_RunBatHigh
 .text.PA_GetRampTime
                0x0000ff24        0xc C:\Users\user1\SimplicityStudio\v4_workspace\BLE\platform\radio\rail_lib\autogen\librail_release\librail_efr32xg13_gcc_release.a(pa.o)
                0x0000ff24                PA_GetRampTime
 .text.PA_CalcRampTime
                0x0000ff30       0x3c C:\Users\user1\SimplicityStudio\v4_workspace\BLE\platform\radio\rail_lib\autogen\librail_release\librail_efr32xg13_gcc_release.a(pa.o)
                0x0000ff30                PA_CalcRampTime
 .text.PA_SetRampTime
                0x0000ff6c      0x100 C:\Users\user1\SimplicityStudio\v4_workspace\BLE\platform\radio\rail_lib\autogen\librail_release\librail_efr32xg13_gcc_release.a(pa.o)
                0x0000ff6c                PA_SetRampTime
 .text.PA_SetCTune
                0x0001006c       0x34 C:\Users\user1\SimplicityStudio\v4_workspace\BLE\platform\radio\rail_lib\autogen\librail_release\librail_efr32xg13_gcc_release.a(pa.o)
                0x0001006c                PA_SetCTune
 .text.PA_SelectBand
                0x000100a0       0x38 C:\Users\user1\SimplicityStudio\v4_workspace\BLE\platform\radio\rail_lib\autogen\librail_release\librail_efr32xg13_gcc_release.a(pa.o)
                0x000100a0                PA_SelectBand
 .text.PA_Config
                0x000100d8      0x114 C:\Users\user1\SimplicityStudio\v4_workspace\BLE\platform\radio\rail_lib\autogen\librail_release\librail_efr32xg13_gcc_release.a(pa.o)
                0x000100d8                PA_Config
 .text.PA_UpdateConfig
                0x000101ec       0x38 C:\Users\user1\SimplicityStudio\v4_workspace\BLE\platform\radio\rail_lib\autogen\librail_release\librail_efr32xg13_gcc_release.a(pa.o)
                0x000101ec                PA_UpdateConfig
 .text.PROTIMER_Init
                0x00010224       0xe4 C:\Users\user1\SimplicityStudio\v4_workspace\BLE\platform\radio\rail_lib\autogen\librail_release\librail_efr32xg13_gcc_release.a(protimer.o)
                0x00010224                PROTIMER_Init
 .text.PROTIMER_Start
                0x00010308       0x1c C:\Users\user1\SimplicityStudio\v4_workspace\BLE\platform\radio\rail_lib\autogen\librail_release\librail_efr32xg13_gcc_release.a(protimer.o)
                0x00010308                PROTIMER_Start
 .text.PROTIMER_ElapsedTime
                0x00010324       0x40 C:\Users\user1\SimplicityStudio\v4_workspace\BLE\platform\radio\rail_lib\autogen\librail_release\librail_efr32xg13_gcc_release.a(protimer.o)
                0x00010324                PROTIMER_ElapsedTime
 .text.PROTIMER_CCTimerStop
                0x00010364       0x20 C:\Users\user1\SimplicityStudio\v4_workspace\BLE\platform\radio\rail_lib\autogen\librail_release\librail_efr32xg13_gcc_release.a(protimer.o)
                0x00010364                PROTIMER_CCTimerStop
 .text.PROTIMER_CCTimerIsEnabled
                0x00010384       0x14 C:\Users\user1\SimplicityStudio\v4_workspace\BLE\platform\radio\rail_lib\autogen\librail_release\librail_efr32xg13_gcc_release.a(protimer.o)
                0x00010384                PROTIMER_CCTimerIsEnabled
 .text.PROTIMER_CCTimerCapture
                0x00010398       0x18 C:\Users\user1\SimplicityStudio\v4_workspace\BLE\platform\radio\rail_lib\autogen\librail_release\librail_efr32xg13_gcc_release.a(protimer.o)
                0x00010398                PROTIMER_CCTimerCapture
 .text.PROTIMER_ClearRxEnable
                0x000103b0       0x10 C:\Users\user1\SimplicityStudio\v4_workspace\BLE\platform\radio\rail_lib\autogen\librail_release\librail_efr32xg13_gcc_release.a(protimer.o)
                0x000103b0                PROTIMER_ClearRxEnable
 .text.PROTIMER_GetTime
                0x000103c0       0x38 C:\Users\user1\SimplicityStudio\v4_workspace\BLE\platform\radio\rail_lib\autogen\librail_release\librail_efr32xg13_gcc_release.a(protimer.o)
                0x000103c0                PROTIMER_GetTime
 .text.PROTIMER_GetCCTime
                0x000103f8       0x44 C:\Users\user1\SimplicityStudio\v4_workspace\BLE\platform\radio\rail_lib\autogen\librail_release\librail_efr32xg13_gcc_release.a(protimer.o)
                0x000103f8                PROTIMER_GetCCTime
 .text.PROTIMER_LBTStop
                0x0001043c       0x18 C:\Users\user1\SimplicityStudio\v4_workspace\BLE\platform\radio\rail_lib\autogen\librail_release\librail_efr32xg13_gcc_release.a(protimer.o)
                0x0001043c                PROTIMER_LBTStop
 .text.PROTIMER_PrecntOverflowToUs
                0x00010454       0x34 C:\Users\user1\SimplicityStudio\v4_workspace\BLE\platform\radio\rail_lib\autogen\librail_release\librail_efr32xg13_gcc_release.a(protimer.o)
                0x00010454                PROTIMER_PrecntOverflowToUs
 .text.PROTIMER_GetUsTime
                0x00010488       0x18 C:\Users\user1\SimplicityStudio\v4_workspace\BLE\platform\radio\rail_lib\autogen\librail_release\librail_efr32xg13_gcc_release.a(protimer.o)
                0x00010488                PROTIMER_GetUsTime
 .text.PROTIMER_GetUsFromRawWrap
                0x000104a0       0x2e C:\Users\user1\SimplicityStudio\v4_workspace\BLE\platform\radio\rail_lib\autogen\librail_release\librail_efr32xg13_gcc_release.a(protimer.o)
                0x000104a0                PROTIMER_GetUsFromRawWrap
 *fill*         0x000104ce        0x2 
 .text.PROTIMER_UsToPrecntOverflow
                0x000104d0       0x40 C:\Users\user1\SimplicityStudio\v4_workspace\BLE\platform\radio\rail_lib\autogen\librail_release\librail_efr32xg13_gcc_release.a(protimer.o)
                0x000104d0                PROTIMER_UsToPrecntOverflow
 .text.PROTIMER_CCTimerStart
                0x00010510      0x1a8 C:\Users\user1\SimplicityStudio\v4_workspace\BLE\platform\radio\rail_lib\autogen\librail_release\librail_efr32xg13_gcc_release.a(protimer.o)
                0x00010510                PROTIMER_CCTimerStart
 .text.PROTIMER_ScheduleTxEnable
                0x000106b8       0x28 C:\Users\user1\SimplicityStudio\v4_workspace\BLE\platform\radio\rail_lib\autogen\librail_release\librail_efr32xg13_gcc_release.a(protimer.o)
                0x000106b8                PROTIMER_ScheduleTxEnable
 .text.PROTIMER_ScheduleRxEnable
                0x000106e0       0x28 C:\Users\user1\SimplicityStudio\v4_workspace\BLE\platform\radio\rail_lib\autogen\librail_release\librail_efr32xg13_gcc_release.a(protimer.o)
                0x000106e0                PROTIMER_ScheduleRxEnable
 .text.PROTIMER_ScheduleRxDisable
                0x00010708       0x34 C:\Users\user1\SimplicityStudio\v4_workspace\BLE\platform\radio\rail_lib\autogen\librail_release\librail_efr32xg13_gcc_release.a(protimer.o)
                0x00010708                PROTIMER_ScheduleRxDisable
 .text.PROTIMER_DelayUs
                0x0001073c       0x16 C:\Users\user1\SimplicityStudio\v4_workspace\BLE\platform\radio\rail_lib\autogen\librail_release\librail_efr32xg13_gcc_release.a(protimer.o)
                0x0001073c                PROTIMER_DelayUs
 *fill*         0x00010752        0x2 
 .text.PTI_Config
                0x00010754       0xc0 C:\Users\user1\SimplicityStudio\v4_workspace\BLE\platform\radio\rail_lib\autogen\librail_release\librail_efr32xg13_gcc_release.a(pti.o)
                0x00010754                PTI_Config
 .text.PTI_EnableAppendedInfo
                0x00010814       0x18 C:\Users\user1\SimplicityStudio\v4_workspace\BLE\platform\radio\rail_lib\autogen\librail_release\librail_efr32xg13_gcc_release.a(pti.o)
                0x00010814                PTI_EnableAppendedInfo
 .text.PTI_Enable
                0x0001082c       0x50 C:\Users\user1\SimplicityStudio\v4_workspace\BLE\platform\radio\rail_lib\autogen\librail_release\librail_efr32xg13_gcc_release.a(pti.o)
                0x0001082c                PTI_Enable
 .text.PTI_AuxdataOutput
                0x0001087c       0x1c C:\Users\user1\SimplicityStudio\v4_workspace\BLE\platform\radio\rail_lib\autogen\librail_release\librail_efr32xg13_gcc_release.a(pti.o)
                0x0001087c                PTI_AuxdataOutput
 .text.PTI_EnableSyncword
                0x00010898       0x18 C:\Users\user1\SimplicityStudio\v4_workspace\BLE\platform\radio\rail_lib\autogen\librail_release\librail_efr32xg13_gcc_release.a(pti.o)
                0x00010898                PTI_EnableSyncword
 .text.RADIO_SetAndForgetWrite
                0x000108b0       0x74 C:\Users\user1\SimplicityStudio\v4_workspace\BLE\platform\radio\rail_lib\autogen\librail_release\librail_efr32xg13_gcc_release.a(radio.o)
                0x000108b0                RADIO_SetAndForgetWrite
 .text.RADIO_RewriteCcTableData
                0x00010924       0x34 C:\Users\user1\SimplicityStudio\v4_workspace\BLE\platform\radio\rail_lib\autogen\librail_release\librail_efr32xg13_gcc_release.a(radio.o)
                0x00010924                RADIO_RewriteCcTableData
 .text.RADIO_SeqInit
                0x00010958       0x64 C:\Users\user1\SimplicityStudio\v4_workspace\BLE\platform\radio\rail_lib\autogen\librail_release\librail_efr32xg13_gcc_release.a(radio.o)
                0x00010958                RADIO_SeqInit
 .text.RADIO_ClockEnable
                0x000109bc       0x14 C:\Users\user1\SimplicityStudio\v4_workspace\BLE\platform\radio\rail_lib\autogen\librail_release\librail_efr32xg13_gcc_release.a(radio.o)
                0x000109bc                RADIO_ClockEnable
 .text.RADIO_Init
                0x000109d0       0x5c C:\Users\user1\SimplicityStudio\v4_workspace\BLE\platform\radio\rail_lib\autogen\librail_release\librail_efr32xg13_gcc_release.a(radio.o)
                0x000109d0                RADIO_Init
 .text.RADIO_ClockPrescGet
                0x00010a2c       0x10 C:\Users\user1\SimplicityStudio\v4_workspace\BLE\platform\radio\rail_lib\autogen\librail_release\librail_efr32xg13_gcc_release.a(radio.o)
                0x00010a2c                RADIO_ClockPrescGet
 .text.RADIO_ClockFreqGet
                0x00010a3c       0x14 C:\Users\user1\SimplicityStudio\v4_workspace\BLE\platform\radio\rail_lib\autogen\librail_release\librail_efr32xg13_gcc_release.a(radio.o)
                0x00010a3c                RADIO_ClockFreqGet
 .text.RADIO_Config
                0x00010a50       0xb0 C:\Users\user1\SimplicityStudio\v4_workspace\BLE\platform\radio\rail_lib\autogen\librail_release\librail_efr32xg13_gcc_release.a(radio.o)
                0x00010a50                RADIO_Config
 .text.RADIO_IsRxOnForRssi
                0x00010b00       0x18 C:\Users\user1\SimplicityStudio\v4_workspace\BLE\platform\radio\rail_lib\autogen\librail_release\librail_efr32xg13_gcc_release.a(radio.o)
                0x00010b00                RADIO_IsRxOnForRssi
 .text.RADIO_RxTrailDataLength
                0x00010b18       0x3c C:\Users\user1\SimplicityStudio\v4_workspace\BLE\platform\radio\rail_lib\autogen\librail_release\librail_efr32xg13_gcc_release.a(radio.o)
                0x00010b18                RADIO_RxTrailDataLength
 .text.RADIO_ComputeTxBaudrate
                0x00010b54       0x24 C:\Users\user1\SimplicityStudio\v4_workspace\BLE\platform\radio\rail_lib\autogen\librail_release\librail_efr32xg13_gcc_release.a(radio.o)
                0x00010b54                RADIO_ComputeTxBaudrate
 .text.RADIO_ComputeTxSymbolRate
                0x00010b78       0x54 C:\Users\user1\SimplicityStudio\v4_workspace\BLE\platform\radio\rail_lib\autogen\librail_release\librail_efr32xg13_gcc_release.a(radio.o)
                0x00010b78                RADIO_ComputeTxSymbolRate
 .text.RADIO_ComputeTxBitRate
                0x00010bcc       0x44 C:\Users\user1\SimplicityStudio\v4_workspace\BLE\platform\radio\rail_lib\autogen\librail_release\librail_efr32xg13_gcc_release.a(radio.o)
                0x00010bcc                RADIO_ComputeTxBitRate
 .text.RADIO_GetRssi
                0x00010c10       0x64 C:\Users\user1\SimplicityStudio\v4_workspace\BLE\platform\radio\rail_lib\autogen\librail_release\librail_efr32xg13_gcc_release.a(radio.o)
                0x00010c10                RADIO_GetRssi
 .text.RADIO_SetCRCInitVal
                0x00010c74       0x10 C:\Users\user1\SimplicityStudio\v4_workspace\BLE\platform\radio\rail_lib\autogen\librail_release\librail_efr32xg13_gcc_release.a(radio.o)
                0x00010c74                RADIO_SetCRCInitVal
 .text.RADIO_RACClearRxOverflow
                0x00010c84       0x20 C:\Users\user1\SimplicityStudio\v4_workspace\BLE\platform\radio\rail_lib\autogen\librail_release\librail_efr32xg13_gcc_release.a(radio.o)
                0x00010c84                RADIO_RACClearRxOverflow
 .text.RFSENSE_IRQHandler
                0x00010ca4       0x10 C:\Users\user1\SimplicityStudio\v4_workspace\BLE\platform\radio\rail_lib\autogen\librail_release\librail_efr32xg13_gcc_release.a(rfsense.o)
                0x00010ca4                RFSENSE_IRQHandler
 .text.RTCCSYNC_RTCCClockFreqGet
                0x00010cb4       0x44 C:\Users\user1\SimplicityStudio\v4_workspace\BLE\platform\radio\rail_lib\autogen\librail_release\librail_efr32xg13_gcc_release.a(rtccsync.o)
 .text.PRORTC_IRQHandler
                0x00010cf8       0x10 C:\Users\user1\SimplicityStudio\v4_workspace\BLE\platform\radio\rail_lib\autogen\librail_release\librail_efr32xg13_gcc_release.a(rtccsync.o)
                0x00010cf8                PRORTC_IRQHandler
 .text.RTCCSYNC_Init
                0x00010d08       0x88 C:\Users\user1\SimplicityStudio\v4_workspace\BLE\platform\radio\rail_lib\autogen\librail_release\librail_efr32xg13_gcc_release.a(rtccsync.o)
                0x00010d08                RTCCSYNC_Init
 .text.RTCCSYNC_PreSleep
                0x00010d90      0x2a0 C:\Users\user1\SimplicityStudio\v4_workspace\BLE\platform\radio\rail_lib\autogen\librail_release\librail_efr32xg13_gcc_release.a(rtccsync.o)
                0x00010d90                RTCCSYNC_PreSleep
 .text.RTCCSYNC_PostWakeUp
                0x00011030      0x1b8 C:\Users\user1\SimplicityStudio\v4_workspace\BLE\platform\radio\rail_lib\autogen\librail_release\librail_efr32xg13_gcc_release.a(rtccsync.o)
                0x00011030                RTCCSYNC_PostWakeUp
 .text.SYNTH_RfFreqGet
                0x000111e8        0xc C:\Users\user1\SimplicityStudio\v4_workspace\BLE\platform\radio\rail_lib\autogen\librail_release\librail_efr32xg13_gcc_release.a(synth.o)
                0x000111e8                SYNTH_RfFreqGet
 .text.SYNTH_ChSpacingGet
                0x000111f4        0xc C:\Users\user1\SimplicityStudio\v4_workspace\BLE\platform\radio\rail_lib\autogen\librail_release\librail_efr32xg13_gcc_release.a(synth.o)
                0x000111f4                SYNTH_ChSpacingGet
 .text.SYNTH_LoDivGet
                0x00011200       0x20 C:\Users\user1\SimplicityStudio\v4_workspace\BLE\platform\radio\rail_lib\autogen\librail_release\librail_efr32xg13_gcc_release.a(synth.o)
                0x00011200                SYNTH_LoDivGet
 .text.SYNTH_Is2p4GHz
                0x00011220       0x14 C:\Users\user1\SimplicityStudio\v4_workspace\BLE\platform\radio\rail_lib\autogen\librail_release\librail_efr32xg13_gcc_release.a(synth.o)
                0x00011220                SYNTH_Is2p4GHz
 .text.SYNTH_VcoRangeIsValid
                0x00011234       0x30 C:\Users\user1\SimplicityStudio\v4_workspace\BLE\platform\radio\rail_lib\autogen\librail_release\librail_efr32xg13_gcc_release.a(synth.o)
                0x00011234                SYNTH_VcoRangeIsValid
 .text.SYNTH_RetimeLimitsConfig
                0x00011264       0x64 C:\Users\user1\SimplicityStudio\v4_workspace\BLE\platform\radio\rail_lib\autogen\librail_release\librail_efr32xg13_gcc_release.a(synth.o)
                0x00011264                SYNTH_RetimeLimitsConfig
 .text.SYNTH_RetimeClkConfig
                0x000112c8       0xb4 C:\Users\user1\SimplicityStudio\v4_workspace\BLE\platform\radio\rail_lib\autogen\librail_release\librail_efr32xg13_gcc_release.a(synth.o)
                0x000112c8                SYNTH_RetimeClkConfig
 .text.SYNTH_Config
                0x0001137c      0x104 C:\Users\user1\SimplicityStudio\v4_workspace\BLE\platform\radio\rail_lib\autogen\librail_release\librail_efr32xg13_gcc_release.a(synth.o)
                0x0001137c                SYNTH_Config
 .text.SYNTH_ChannelSet
                0x00011480       0x40 C:\Users\user1\SimplicityStudio\v4_workspace\BLE\platform\radio\rail_lib\autogen\librail_release\librail_efr32xg13_gcc_release.a(synth.o)
                0x00011480                SYNTH_ChannelSet
 .text.SYNTH_DCDCRetimeClkSet
                0x000114c0       0x68 C:\Users\user1\SimplicityStudio\v4_workspace\BLE\platform\radio\rail_lib\autogen\librail_release\librail_efr32xg13_gcc_release.a(synth.o)
                0x000114c0                SYNTH_DCDCRetimeClkSet
 .text.SYNTH_DCDCRetimeEnable
                0x00011528       0x18 C:\Users\user1\SimplicityStudio\v4_workspace\BLE\platform\radio\rail_lib\autogen\librail_release\librail_efr32xg13_gcc_release.a(synth.o)
                0x00011528                SYNTH_DCDCRetimeEnable
 .text.SYNTH_DCDCRetimeDisable
                0x00011540       0x18 C:\Users\user1\SimplicityStudio\v4_workspace\BLE\platform\radio\rail_lib\autogen\librail_release\librail_efr32xg13_gcc_release.a(synth.o)
                0x00011540                SYNTH_DCDCRetimeDisable
 .text.SYNTH_KvnFreqCompensationEnable
                0x00011558        0xc C:\Users\user1\SimplicityStudio\v4_workspace\BLE\platform\radio\rail_lib\autogen\librail_release\librail_efr32xg13_gcc_release.a(synth.o)
                0x00011558                SYNTH_KvnFreqCompensationEnable
 .text.TEMPCAL_Init
                0x00011564       0x38 C:\Users\user1\SimplicityStudio\v4_workspace\BLE\platform\radio\rail_lib\autogen\librail_release\librail_efr32xg13_gcc_release.a(tempcal.o)
                0x00011564                TEMPCAL_Init
 .text.TIMING_NsToStimerTickCalc
                0x0001159c       0x2c C:\Users\user1\SimplicityStudio\v4_workspace\BLE\platform\radio\rail_lib\autogen\librail_release\librail_efr32xg13_gcc_release.a(timings.o)
 .text.TIMING_Recalculate
                0x000115c8      0x1ec C:\Users\user1\SimplicityStudio\v4_workspace\BLE\platform\radio\rail_lib\autogen\librail_release\librail_efr32xg13_gcc_release.a(timings.o)
 .text.TIMING_InitStimer
                0x000117b4       0x8c C:\Users\user1\SimplicityStudio\v4_workspace\BLE\platform\radio\rail_lib\autogen\librail_release\librail_efr32xg13_gcc_release.a(timings.o)
                0x000117b4                TIMING_InitStimer
 .text.TIMING_SeqTimingInit
                0x00011840       0x90 C:\Users\user1\SimplicityStudio\v4_workspace\BLE\platform\radio\rail_lib\autogen\librail_release\librail_efr32xg13_gcc_release.a(timings.o)
                0x00011840                TIMING_SeqTimingInit
 .text.TIMING_SetTransitionTime
                0x000118d0       0x18 C:\Users\user1\SimplicityStudio\v4_workspace\BLE\platform\radio\rail_lib\autogen\librail_release\librail_efr32xg13_gcc_release.a(timings.o)
                0x000118d0                TIMING_SetTransitionTime
 .text.TIMING_RxSearchTimeSet
                0x000118e8       0x10 C:\Users\user1\SimplicityStudio\v4_workspace\BLE\platform\radio\rail_lib\autogen\librail_release\librail_efr32xg13_gcc_release.a(timings.o)
                0x000118e8                TIMING_RxSearchTimeSet
 .text.TIMING_TxToRxSearchTimeSet
                0x000118f8       0x10 C:\Users\user1\SimplicityStudio\v4_workspace\BLE\platform\radio\rail_lib\autogen\librail_release\librail_efr32xg13_gcc_release.a(timings.o)
                0x000118f8                TIMING_TxToRxSearchTimeSet
 .text.TIMING_RecalculateAll
                0x00011908        0x6 C:\Users\user1\SimplicityStudio\v4_workspace\BLE\platform\radio\rail_lib\autogen\librail_release\librail_efr32xg13_gcc_release.a(timings.o)
                0x00011908                TIMING_RecalculateAll
 .text.TIMING_RecalculatePaRampChanged
                0x0001190e        0x6 C:\Users\user1\SimplicityStudio\v4_workspace\BLE\platform\radio\rail_lib\autogen\librail_release\librail_efr32xg13_gcc_release.a(timings.o)
                0x0001190e                TIMING_RecalculatePaRampChanged
 .text.TIMING_RecalculateViterbiChanged
                0x00011914        0x6 C:\Users\user1\SimplicityStudio\v4_workspace\BLE\platform\radio\rail_lib\autogen\librail_release\librail_efr32xg13_gcc_release.a(timings.o)
                0x00011914                TIMING_RecalculateViterbiChanged
 .text.TIMING_SetChainDelays
                0x0001191a        0x8 C:\Users\user1\SimplicityStudio\v4_workspace\BLE\platform\radio\rail_lib\autogen\librail_release\librail_efr32xg13_gcc_release.a(timings.o)
                0x0001191a                TIMING_SetChainDelays
 *fill*         0x00011922        0x2 
 .text.TIMING_CalcAdjustUs
                0x00011924       0x40 C:\Users\user1\SimplicityStudio\v4_workspace\BLE\platform\radio\rail_lib\autogen\librail_release\librail_efr32xg13_gcc_release.a(timings.o)
                0x00011924                TIMING_CalcAdjustUs
 .text.TIMING_PacketBits
                0x00011964       0x14 C:\Users\user1\SimplicityStudio\v4_workspace\BLE\platform\radio\rail_lib\autogen\librail_release\librail_efr32xg13_gcc_release.a(timings.o)
                0x00011964                TIMING_PacketBits
 .text.TIMING_PreambleSyncBits
                0x00011978       0x38 C:\Users\user1\SimplicityStudio\v4_workspace\BLE\platform\radio\rail_lib\autogen\librail_release\librail_efr32xg13_gcc_release.a(timings.o)
                0x00011978                TIMING_PreambleSyncBits
 .text.TIMING_CalcRxTimeStampUs